npm warn using --force Recommended protections disabled.

> build
> next build

Attention: Next.js now collects completely anonymous telemetry regarding usage.
This information is used to shape Next.js' roadmap and prioritize features.
You can learn more, including how to opt-out if you'd not like to participate in this anonymous program, by visiting the following URL:
https://nextjs.org/telemetry

   ▲ Next.js 15.1.8
   - Environments: .env

   Creating an optimized production build ...
> [PWA] Compile server
> [PWA] Compile server
> [PWA] Compile client (static)
> [PWA] Auto register service worker with: /home/ubuntu/EdPsych/node_modules/next-pwa/register.js
> [PWA] Service worker: /home/ubuntu/EdPsych/public/sw.js
> [PWA]   url: /sw.js
> [PWA]   scope: /
(node:2851) [DEP0040] DeprecationWarning: The `punycode` module is deprecated. Please use a userland alternative instead.
(Use `node --trace-deprecation ...` to show where the warning was created)
 ⚠ Compiled with warnings

./src/components/blog/BlogForm.tsx
Attempted import error: 'FormDescription' is not exported from '@/components/ui/form' (imported as 'FormDescription').

Import trace for requested module:
./src/components/blog/BlogForm.tsx

./src/components/blog/BlogForm.tsx
Attempted import error: 'FormDescription' is not exported from '@/components/ui/form' (imported as 'FormDescription').

Import trace for requested module:
./src/components/blog/BlogForm.tsx

./src/components/blog/BlogForm.tsx
Attempted import error: 'FormDescription' is not exported from '@/components/ui/form' (imported as 'FormDescription').

Import trace for requested module:
./src/components/blog/BlogForm.tsx

./src/components/blog/BlogForm.tsx
Attempted import error: 'FormDescription' is not exported from '@/components/ui/form' (imported as 'FormDescription').

Import trace for requested module:
./src/components/blog/BlogForm.tsx

./src/components/blog/BlogForm.tsx
Attempted import error: 'FormDescription' is not exported from '@/components/ui/form' (imported as 'FormDescription').

Import trace for requested module:
./src/components/blog/BlogForm.tsx

./src/components/blog/BlogForm.tsx
Attempted import error: 'FormDescription' is not exported from '@/components/ui/form' (imported as 'FormDescription').

Import trace for requested module:
./src/components/blog/BlogForm.tsx

./src/components/blog/BlogGenerationForm.tsx
Attempted import error: 'FormDescription' is not exported from '@/components/ui/form' (imported as 'FormDescription').

Import trace for requested module:
./src/components/blog/BlogGenerationForm.tsx
./src/components/blog/BlogAdminDashboard.tsx

./src/components/faq/FAQForm.tsx
Attempted import error: 'FormDescription' is not exported from '@/components/ui/form' (imported as 'FormDescription').

Import trace for requested module:
./src/components/faq/FAQForm.tsx

./src/components/faq/FAQForm.tsx
Attempted import error: 'FormDescription' is not exported from '@/components/ui/form' (imported as 'FormDescription').

Import trace for requested module:
./src/components/faq/FAQForm.tsx

./src/components/faq/FAQForm.tsx
Attempted import error: 'FormDescription' is not exported from '@/components/ui/form' (imported as 'FormDescription').

Import trace for requested module:
./src/components/faq/FAQForm.tsx

./src/components/faq/FAQForm.tsx
Attempted import error: 'FormDescription' is not exported from '@/components/ui/form' (imported as 'FormDescription').

Import trace for requested module:
./src/components/faq/FAQForm.tsx

./src/components/faq/FAQForm.tsx
Attempted import error: 'FormDescription' is not exported from '@/components/ui/form' (imported as 'FormDescription').

Import trace for requested module:
./src/components/faq/FAQForm.tsx

./src/components/faq/FAQForm.tsx
Attempted import error: 'FormDescription' is not exported from '@/components/ui/form' (imported as 'FormDescription').

Import trace for requested module:
./src/components/faq/FAQForm.tsx

./src/app/accessibility/high-contrast/page.tsx
Attempted import error: 'AlertTitle' is not exported from '@/components/ui/alert' (imported as 'AlertTitle').

Import trace for requested module:
./src/app/accessibility/high-contrast/page.tsx

./src/app/accessibility/keyboard-navigation/page.tsx
Attempted import error: 'AlertTitle' is not exported from '@/components/ui/alert' (imported as 'AlertTitle').

Import trace for requested module:
./src/app/accessibility/keyboard-navigation/page.tsx

./src/app/accessibility/reduced-motion/page.tsx
Attempted import error: 'AlertTitle' is not exported from '@/components/ui/alert' (imported as 'AlertTitle').

Import trace for requested module:
./src/app/accessibility/reduced-motion/page.tsx

./src/app/accessibility/screen-reader-optimization/page.tsx
Attempted import error: 'AlertTitle' is not exported from '@/components/ui/alert' (imported as 'AlertTitle').

Import trace for requested module:
./src/app/accessibility/screen-reader-optimization/page.tsx

./src/app/resources/create/page.tsx
Attempted import error: 'AlertTitle' is not exported from '@/components/ui/alert' (imported as 'AlertTitle').

Import trace for requested module:
./src/app/resources/create/page.tsx

./src/app/special-needs/personalized-interventions/page.tsx
Attempted import error: 'AlertTitle' is not exported from '@/components/ui/alert' (imported as 'AlertTitle').

Import trace for requested module:
./src/app/special-needs/personalized-interventions/page.tsx

./src/app/special-needs/progress-monitoring/page.tsx
Attempted import error: 'AlertTitle' is not exported from '@/components/ui/alert' (imported as 'AlertTitle').

Import trace for requested module:
./src/app/special-needs/progress-monitoring/page.tsx

./src/app/special-needs/sensory-regulation/page.tsx
Attempted import error: 'AlertTitle' is not exported from '@/components/ui/alert' (imported as 'AlertTitle').

Import trace for requested module:
./src/app/special-needs/sensory-regulation/page.tsx

./src/app/speech-recognition/page.tsx
Attempted import error: 'AlertTitle' is not exported from '@/components/ui/alert' (imported as 'AlertTitle').

Import trace for requested module:
./src/app/speech-recognition/page.tsx

./src/components/ai/accessibility/speech-to-text-engine.tsx
Attempted import error: 'AlertTitle' is not exported from '@/components/ui/alert' (imported as 'AlertTitle').

Import trace for requested module:
./src/components/ai/accessibility/speech-to-text-engine.tsx
./src/app/accessibility/speech-to-text/page.tsx

./src/components/ai/speech-recognition/advanced-speech-recognition.tsx
Attempted import error: 'AlertTitle' is not exported from '@/components/ui/alert' (imported as 'AlertTitle').

Import trace for requested module:
./src/components/ai/speech-recognition/advanced-speech-recognition.tsx
./src/app/speech-recognition/page.tsx

./src/components/ai/speech-recognition/advanced-speech-recognition.tsx
Attempted import error: 'AlertTitle' is not exported from '@/components/ui/alert' (imported as 'AlertTitle').

Import trace for requested module:
./src/components/ai/speech-recognition/advanced-speech-recognition.tsx
./src/app/speech-recognition/page.tsx

./src/components/ai/speech-recognition/advanced-speech-recognition.tsx
Attempted import error: 'AlertTitle' is not exported from '@/components/ui/alert' (imported as 'AlertTitle').

Import trace for requested module:
./src/components/ai/speech-recognition/advanced-speech-recognition.tsx
./src/app/speech-recognition/page.tsx

./src/components/ai/speech-recognition/advanced-speech-recognition.tsx
Attempted import error: 'AlertTitle' is not exported from '@/components/ui/alert' (imported as 'AlertTitle').

Import trace for requested module:
./src/components/ai/speech-recognition/advanced-speech-recognition.tsx
./src/app/speech-recognition/page.tsx

./src/components/error-boundary/error-boundary-integration.tsx
Attempted import error: 'AlertTitle' is not exported from '@/components/ui/alert' (imported as 'AlertTitle').

Import trace for requested module:
./src/components/error-boundary/error-boundary-integration.tsx
./src/app/error-boundary-integration/page.tsx

./src/components/error-boundary/error-boundary-integration.tsx
Attempted import error: 'AlertTitle' is not exported from '@/components/ui/alert' (imported as 'AlertTitle').

Import trace for requested module:
./src/components/error-boundary/error-boundary-integration.tsx
./src/app/error-boundary-integration/page.tsx

./src/components/error-boundary/error-boundary-integration.tsx
Attempted import error: 'AlertTitle' is not exported from '@/components/ui/alert' (imported as 'AlertTitle').

Import trace for requested module:
./src/components/error-boundary/error-boundary-integration.tsx
./src/app/error-boundary-integration/page.tsx

./src/components/error-boundary/error-boundary.tsx
Attempted import error: 'AlertTitle' is not exported from '@/components/ui/alert' (imported as 'AlertTitle').

Import trace for requested module:
./src/components/error-boundary/error-boundary.tsx
./src/components/error-boundary/error-boundary-test.tsx
./src/app/error-boundary-test/page.tsx

./src/components/heygen/heygen-video-generation.tsx
Attempted import error: 'AlertTitle' is not exported from '@/components/ui/alert' (imported as 'AlertTitle').

Import trace for requested module:
./src/components/heygen/heygen-video-generation.tsx
./src/app/ai-avatar-videos/generate/page.tsx

./src/components/heygen/heygen-video-generation.tsx
Attempted import error: 'AlertTitle' is not exported from '@/components/ui/alert' (imported as 'AlertTitle').

Import trace for requested module:
./src/components/heygen/heygen-video-generation.tsx
./src/app/ai-avatar-videos/generate/page.tsx

./src/components/restorative-justice/agreement-tracking/agreement-tracking-system.tsx
Attempted import error: 'Badge' is not exported from '@/components/ui' (imported as 'Badge').

Import trace for requested module:
./src/components/restorative-justice/agreement-tracking/agreement-tracking-system.tsx

./src/components/restorative-justice/agreement-tracking/agreement-tracking-system.tsx
Attempted import error: 'Button' is not exported from '@/components/ui' (imported as 'Button').

Import trace for requested module:
./src/components/restorative-justice/agreement-tracking/agreement-tracking-system.tsx

./src/components/restorative-justice/agreement-tracking/agreement-tracking-system.tsx
Attempted import error: 'Button' is not exported from '@/components/ui' (imported as 'Button').

Import trace for requested module:
./src/components/restorative-justice/agreement-tracking/agreement-tracking-system.tsx

./src/components/restorative-justice/agreement-tracking/agreement-tracking-system.tsx
Attempted import error: 'Button' is not exported from '@/components/ui' (imported as 'Button').

Import trace for requested module:
./src/components/restorative-justice/agreement-tracking/agreement-tracking-system.tsx

./src/components/restorative-justice/agreement-tracking/agreement-tracking-system.tsx
Attempted import error: 'Progress' is not exported from '@/components/ui' (imported as 'Progress').

Import trace for requested module:
./src/components/restorative-justice/agreement-tracking/agreement-tracking-system.tsx

./src/components/restorative-justice/agreement-tracking/agreement-tracking-system.tsx
Attempted import error: 'Label' is not exported from '@/components/ui' (imported as 'Label').

Import trace for requested module:
./src/components/restorative-justice/agreement-tracking/agreement-tracking-system.tsx

./src/components/restorative-justice/agreement-tracking/agreement-tracking-system.tsx
Attempted import error: 'Input' is not exported from '@/components/ui' (imported as 'Input').

Import trace for requested module:
./src/components/restorative-justice/agreement-tracking/agreement-tracking-system.tsx

./src/components/restorative-justice/agreement-tracking/agreement-tracking-system.tsx
Attempted import error: 'Label' is not exported from '@/components/ui' (imported as 'Label').

Import trace for requested module:
./src/components/restorative-justice/agreement-tracking/agreement-tracking-system.tsx

./src/components/restorative-justice/agreement-tracking/agreement-tracking-system.tsx
Attempted import error: 'Select' is not exported from '@/components/ui' (imported as 'Select').

Import trace for requested module:
./src/components/restorative-justice/agreement-tracking/agreement-tracking-system.tsx

./src/components/restorative-justice/agreement-tracking/agreement-tracking-system.tsx
Attempted import error: 'SelectTrigger' is not exported from '@/components/ui' (imported as 'SelectTrigger').

Import trace for requested module:
./src/components/restorative-justice/agreement-tracking/agreement-tracking-system.tsx

./src/components/restorative-justice/agreement-tracking/agreement-tracking-system.tsx
Attempted import error: 'SelectValue' is not exported from '@/components/ui' (imported as 'SelectValue').

Import trace for requested module:
./src/components/restorative-justice/agreement-tracking/agreement-tracking-system.tsx

./src/components/restorative-justice/agreement-tracking/agreement-tracking-system.tsx
Attempted import error: 'SelectContent' is not exported from '@/components/ui' (imported as 'SelectContent').

Import trace for requested module:
./src/components/restorative-justice/agreement-tracking/agreement-tracking-system.tsx

./src/components/restorative-justice/agreement-tracking/agreement-tracking-system.tsx
Attempted import error: 'SelectItem' is not exported from '@/components/ui' (imported as 'SelectItem').

Import trace for requested module:
./src/components/restorative-justice/agreement-tracking/agreement-tracking-system.tsx

./src/components/restorative-justice/agreement-tracking/agreement-tracking-system.tsx
Attempted import error: 'SelectItem' is not exported from '@/components/ui' (imported as 'SelectItem').

Import trace for requested module:
./src/components/restorative-justice/agreement-tracking/agreement-tracking-system.tsx

./src/components/restorative-justice/agreement-tracking/agreement-tracking-system.tsx
Attempted import error: 'SelectItem' is not exported from '@/components/ui' (imported as 'SelectItem').

Import trace for requested module:
./src/components/restorative-justice/agreement-tracking/agreement-tracking-system.tsx

./src/components/restorative-justice/agreement-tracking/agreement-tracking-system.tsx
Attempted import error: 'SelectItem' is not exported from '@/components/ui' (imported as 'SelectItem').

Import trace for requested module:
./src/components/restorative-justice/agreement-tracking/agreement-tracking-system.tsx

./src/components/restorative-justice/agreement-tracking/agreement-tracking-system.tsx
Attempted import error: 'Label' is not exported from '@/components/ui' (imported as 'Label').

Import trace for requested module:
./src/components/restorative-justice/agreement-tracking/agreement-tracking-system.tsx

./src/components/restorative-justice/agreement-tracking/agreement-tracking-system.tsx
Attempted import error: 'Select' is not exported from '@/components/ui' (imported as 'Select').

Import trace for requested module:
./src/components/restorative-justice/agreement-tracking/agreement-tracking-system.tsx

./src/components/restorative-justice/agreement-tracking/agreement-tracking-system.tsx
Attempted import error: 'SelectTrigger' is not exported from '@/components/ui' (imported as 'SelectTrigger').

Import trace for requested module:
./src/components/restorative-justice/agreement-tracking/agreement-tracking-system.tsx

./src/components/restorative-justice/agreement-tracking/agreement-tracking-system.tsx
Attempted import error: 'SelectValue' is not exported from '@/components/ui' (imported as 'SelectValue').

Import trace for requested module:
./src/components/restorative-justice/agreement-tracking/agreement-tracking-system.tsx

./src/components/restorative-justice/agreement-tracking/agreement-tracking-system.tsx
Attempted import error: 'SelectContent' is not exported from '@/components/ui' (imported as 'SelectContent').

Import trace for requested module:
./src/components/restorative-justice/agreement-tracking/agreement-tracking-system.tsx

./src/components/restorative-justice/agreement-tracking/agreement-tracking-system.tsx
Attempted import error: 'SelectItem' is not exported from '@/components/ui' (imported as 'SelectItem').

Import trace for requested module:
./src/components/restorative-justice/agreement-tracking/agreement-tracking-system.tsx

./src/components/restorative-justice/agreement-tracking/agreement-tracking-system.tsx
Attempted import error: 'SelectItem' is not exported from '@/components/ui' (imported as 'SelectItem').

Import trace for requested module:
./src/components/restorative-justice/agreement-tracking/agreement-tracking-system.tsx

./src/components/restorative-justice/agreement-tracking/agreement-tracking-system.tsx
Attempted import error: 'SelectItem' is not exported from '@/components/ui' (imported as 'SelectItem').

Import trace for requested module:
./src/components/restorative-justice/agreement-tracking/agreement-tracking-system.tsx

./src/components/restorative-justice/agreement-tracking/agreement-tracking-system.tsx
Attempted import error: 'SelectItem' is not exported from '@/components/ui' (imported as 'SelectItem').

Import trace for requested module:
./src/components/restorative-justice/agreement-tracking/agreement-tracking-system.tsx

./src/components/restorative-justice/agreement-tracking/agreement-tracking-system.tsx
Attempted import error: 'SelectItem' is not exported from '@/components/ui' (imported as 'SelectItem').

Import trace for requested module:
./src/components/restorative-justice/agreement-tracking/agreement-tracking-system.tsx

./src/components/restorative-justice/agreement-tracking/agreement-tracking-system.tsx
Attempted import error: 'SelectItem' is not exported from '@/components/ui' (imported as 'SelectItem').

Import trace for requested module:
./src/components/restorative-justice/agreement-tracking/agreement-tracking-system.tsx

./src/components/restorative-justice/agreement-tracking/agreement-tracking-system.tsx
Attempted import error: 'Table' is not exported from '@/components/ui' (imported as 'Table').

Import trace for requested module:
./src/components/restorative-justice/agreement-tracking/agreement-tracking-system.tsx

./src/components/restorative-justice/agreement-tracking/agreement-tracking-system.tsx
Attempted import error: 'TableHeader' is not exported from '@/components/ui' (imported as 'TableHeader').

Import trace for requested module:
./src/components/restorative-justice/agreement-tracking/agreement-tracking-system.tsx

./src/components/restorative-justice/agreement-tracking/agreement-tracking-system.tsx
Attempted import error: 'TableRow' is not exported from '@/components/ui' (imported as 'TableRow').

Import trace for requested module:
./src/components/restorative-justice/agreement-tracking/agreement-tracking-system.tsx

./src/components/restorative-justice/agreement-tracking/agreement-tracking-system.tsx
Attempted import error: 'TableHead' is not exported from '@/components/ui' (imported as 'TableHead').

Import trace for requested module:
./src/components/restorative-justice/agreement-tracking/agreement-tracking-system.tsx

./src/components/restorative-justice/agreement-tracking/agreement-tracking-system.tsx
Attempted import error: 'TableHead' is not exported from '@/components/ui' (imported as 'TableHead').

Import trace for requested module:
./src/components/restorative-justice/agreement-tracking/agreement-tracking-system.tsx

./src/components/restorative-justice/agreement-tracking/agreement-tracking-system.tsx
Attempted import error: 'TableHead' is not exported from '@/components/ui' (imported as 'TableHead').

Import trace for requested module:
./src/components/restorative-justice/agreement-tracking/agreement-tracking-system.tsx

./src/components/restorative-justice/agreement-tracking/agreement-tracking-system.tsx
Attempted import error: 'TableHead' is not exported from '@/components/ui' (imported as 'TableHead').

Import trace for requested module:
./src/components/restorative-justice/agreement-tracking/agreement-tracking-system.tsx

./src/components/restorative-justice/agreement-tracking/agreement-tracking-system.tsx
Attempted import error: 'TableHead' is not exported from '@/components/ui' (imported as 'TableHead').

Import trace for requested module:
./src/components/restorative-justice/agreement-tracking/agreement-tracking-system.tsx

./src/components/restorative-justice/agreement-tracking/agreement-tracking-system.tsx
Attempted import error: 'TableHead' is not exported from '@/components/ui' (imported as 'TableHead').

Import trace for requested module:
./src/components/restorative-justice/agreement-tracking/agreement-tracking-system.tsx

./src/components/restorative-justice/agreement-tracking/agreement-tracking-system.tsx
Attempted import error: 'TableBody' is not exported from '@/components/ui' (imported as 'TableBody').

Import trace for requested module:
./src/components/restorative-justice/agreement-tracking/agreement-tracking-system.tsx

./src/components/restorative-justice/agreement-tracking/agreement-tracking-system.tsx
Attempted import error: 'TableRow' is not exported from '@/components/ui' (imported as 'TableRow').

Import trace for requested module:
./src/components/restorative-justice/agreement-tracking/agreement-tracking-system.tsx

./src/components/restorative-justice/agreement-tracking/agreement-tracking-system.tsx
Attempted import error: 'TableCell' is not exported from '@/components/ui' (imported as 'TableCell').

Import trace for requested module:
./src/components/restorative-justice/agreement-tracking/agreement-tracking-system.tsx

./src/components/restorative-justice/agreement-tracking/agreement-tracking-system.tsx
Attempted import error: 'TableCell' is not exported from '@/components/ui' (imported as 'TableCell').

Import trace for requested module:
./src/components/restorative-justice/agreement-tracking/agreement-tracking-system.tsx

./src/components/restorative-justice/agreement-tracking/agreement-tracking-system.tsx
Attempted import error: 'TableCell' is not exported from '@/components/ui' (imported as 'TableCell').

Import trace for requested module:
./src/components/restorative-justice/agreement-tracking/agreement-tracking-system.tsx

./src/components/restorative-justice/agreement-tracking/agreement-tracking-system.tsx
Attempted import error: 'Badge' is not exported from '@/components/ui' (imported as 'Badge').

Import trace for requested module:
./src/components/restorative-justice/agreement-tracking/agreement-tracking-system.tsx

./src/components/restorative-justice/agreement-tracking/agreement-tracking-system.tsx
Attempted import error: 'TableCell' is not exported from '@/components/ui' (imported as 'TableCell').

Import trace for requested module:
./src/components/restorative-justice/agreement-tracking/agreement-tracking-system.tsx

./src/components/restorative-justice/agreement-tracking/agreement-tracking-system.tsx
Attempted import error: 'Progress' is not exported from '@/components/ui' (imported as 'Progress').

Import trace for requested module:
./src/components/restorative-justice/agreement-tracking/agreement-tracking-system.tsx

./src/components/restorative-justice/agreement-tracking/agreement-tracking-system.tsx
Attempted import error: 'TableCell' is not exported from '@/components/ui' (imported as 'TableCell').

Import trace for requested module:
./src/components/restorative-justice/agreement-tracking/agreement-tracking-system.tsx

./src/components/restorative-justice/agreement-tracking/agreement-tracking-system.tsx
Attempted import error: 'TableCell' is not exported from '@/components/ui' (imported as 'TableCell').

Import trace for requested module:
./src/components/restorative-justice/agreement-tracking/agreement-tracking-system.tsx

./src/components/restorative-justice/agreement-tracking/agreement-tracking-system.tsx
Attempted import error: 'Button' is not exported from '@/components/ui' (imported as 'Button').

Import trace for requested module:
./src/components/restorative-justice/agreement-tracking/agreement-tracking-system.tsx

./src/components/restorative-justice/agreement-tracking/agreement-tracking-system.tsx
Attempted import error: 'TableRow' is not exported from '@/components/ui' (imported as 'TableRow').

Import trace for requested module:
./src/components/restorative-justice/agreement-tracking/agreement-tracking-system.tsx

./src/components/restorative-justice/agreement-tracking/agreement-tracking-system.tsx
Attempted import error: 'TableCell' is not exported from '@/components/ui' (imported as 'TableCell').

Import trace for requested module:
./src/components/restorative-justice/agreement-tracking/agreement-tracking-system.tsx

./src/components/restorative-justice/agreement-tracking/agreement-tracking-system.tsx
Attempted import error: 'Button' is not exported from '@/components/ui' (imported as 'Button').

Import trace for requested module:
./src/components/restorative-justice/agreement-tracking/agreement-tracking-system.tsx

./src/components/restorative-justice/agreement-tracking/agreement-tracking-system.tsx
Attempted import error: 'Badge' is not exported from '@/components/ui' (imported as 'Badge').

Import trace for requested module:
./src/components/restorative-justice/agreement-tracking/agreement-tracking-system.tsx

./src/components/restorative-justice/agreement-tracking/agreement-tracking-system.tsx
Attempted import error: 'Button' is not exported from '@/components/ui' (imported as 'Button').

Import trace for requested module:
./src/components/restorative-justice/agreement-tracking/agreement-tracking-system.tsx

./src/components/restorative-justice/agreement-tracking/agreement-tracking-system.tsx
Attempted import error: 'Button' is not exported from '@/components/ui' (imported as 'Button').

Import trace for requested module:
./src/components/restorative-justice/agreement-tracking/agreement-tracking-system.tsx

./src/components/restorative-justice/agreement-tracking/agreement-tracking-system.tsx
Attempted import error: 'Progress' is not exported from '@/components/ui' (imported as 'Progress').

Import trace for requested module:
./src/components/restorative-justice/agreement-tracking/agreement-tracking-system.tsx

./src/components/restorative-justice/agreement-tracking/agreement-tracking-system.tsx
Attempted import error: 'Badge' is not exported from '@/components/ui' (imported as 'Badge').

Import trace for requested module:
./src/components/restorative-justice/agreement-tracking/agreement-tracking-system.tsx

./src/components/restorative-justice/agreement-tracking/agreement-tracking-system.tsx
Attempted import error: 'Select' is not exported from '@/components/ui' (imported as 'Select').

Import trace for requested module:
./src/components/restorative-justice/agreement-tracking/agreement-tracking-system.tsx

./src/components/restorative-justice/agreement-tracking/agreement-tracking-system.tsx
Attempted import error: 'SelectTrigger' is not exported from '@/components/ui' (imported as 'SelectTrigger').

Import trace for requested module:
./src/components/restorative-justice/agreement-tracking/agreement-tracking-system.tsx

./src/components/restorative-justice/agreement-tracking/agreement-tracking-system.tsx
Attempted import error: 'SelectValue' is not exported from '@/components/ui' (imported as 'SelectValue').

Import trace for requested module:
./src/components/restorative-justice/agreement-tracking/agreement-tracking-system.tsx

./src/components/restorative-justice/agreement-tracking/agreement-tracking-system.tsx
Attempted import error: 'SelectContent' is not exported from '@/components/ui' (imported as 'SelectContent').

Import trace for requested module:
./src/components/restorative-justice/agreement-tracking/agreement-tracking-system.tsx

./src/components/restorative-justice/agreement-tracking/agreement-tracking-system.tsx
Attempted import error: 'SelectItem' is not exported from '@/components/ui' (imported as 'SelectItem').

Import trace for requested module:
./src/components/restorative-justice/agreement-tracking/agreement-tracking-system.tsx

./src/components/restorative-justice/agreement-tracking/agreement-tracking-system.tsx
Attempted import error: 'SelectItem' is not exported from '@/components/ui' (imported as 'SelectItem').

Import trace for requested module:
./src/components/restorative-justice/agreement-tracking/agreement-tracking-system.tsx

./src/components/restorative-justice/agreement-tracking/agreement-tracking-system.tsx
Attempted import error: 'SelectItem' is not exported from '@/components/ui' (imported as 'SelectItem').

Import trace for requested module:
./src/components/restorative-justice/agreement-tracking/agreement-tracking-system.tsx

./src/components/restorative-justice/agreement-tracking/agreement-tracking-system.tsx
Attempted import error: 'SelectItem' is not exported from '@/components/ui' (imported as 'SelectItem').

Import trace for requested module:
./src/components/restorative-justice/agreement-tracking/agreement-tracking-system.tsx

./src/components/restorative-justice/agreement-tracking/agreement-tracking-system.tsx
Attempted import error: 'Button' is not exported from '@/components/ui' (imported as 'Button').

Import trace for requested module:
./src/components/restorative-justice/agreement-tracking/agreement-tracking-system.tsx

./src/components/restorative-justice/agreement-tracking/agreement-tracking-system.tsx
Attempted import error: 'Label' is not exported from '@/components/ui' (imported as 'Label').

Import trace for requested module:
./src/components/restorative-justice/agreement-tracking/agreement-tracking-system.tsx

./src/components/restorative-justice/agreement-tracking/agreement-tracking-system.tsx
Attempted import error: 'Textarea' is not exported from '@/components/ui' (imported as 'Textarea').

Import trace for requested module:
./src/components/restorative-justice/agreement-tracking/agreement-tracking-system.tsx

./src/components/restorative-justice/agreement-tracking/agreement-tracking-system.tsx
Attempted import error: 'Button' is not exported from '@/components/ui' (imported as 'Button').

Import trace for requested module:
./src/components/restorative-justice/agreement-tracking/agreement-tracking-system.tsx

./src/components/restorative-justice/agreement-tracking/agreement-tracking-system.tsx
Attempted import error: 'Button' is not exported from '@/components/ui' (imported as 'Button').

Import trace for requested module:
./src/components/restorative-justice/agreement-tracking/agreement-tracking-system.tsx

./src/components/restorative-justice/agreement-tracking/agreement-tracking-system.tsx
Attempted import error: 'Button' is not exported from '@/components/ui' (imported as 'Button').

Import trace for requested module:
./src/components/restorative-justice/agreement-tracking/agreement-tracking-system.tsx

./src/components/restorative-justice/agreement-tracking/agreement-tracking-system.tsx
Attempted import error: 'Button' is not exported from '@/components/ui' (imported as 'Button').

Import trace for requested module:
./src/components/restorative-justice/agreement-tracking/agreement-tracking-system.tsx

./src/components/restorative-justice/agreement-tracking/agreement-tracking-system.tsx
Attempted import error: 'Label' is not exported from '@/components/ui' (imported as 'Label').

Import trace for requested module:
./src/components/restorative-justice/agreement-tracking/agreement-tracking-system.tsx

./src/components/restorative-justice/agreement-tracking/agreement-tracking-system.tsx
Attempted import error: 'Input' is not exported from '@/components/ui' (imported as 'Input').

Import trace for requested module:
./src/components/restorative-justice/agreement-tracking/agreement-tracking-system.tsx

./src/components/restorative-justice/agreement-tracking/agreement-tracking-system.tsx
Attempted import error: 'Label' is not exported from '@/components/ui' (imported as 'Label').

Import trace for requested module:
./src/components/restorative-justice/agreement-tracking/agreement-tracking-system.tsx

./src/components/restorative-justice/agreement-tracking/agreement-tracking-system.tsx
Attempted import error: 'Textarea' is not exported from '@/components/ui' (imported as 'Textarea').

Import trace for requested module:
./src/components/restorative-justice/agreement-tracking/agreement-tracking-system.tsx

./src/components/restorative-justice/agreement-tracking/agreement-tracking-system.tsx
Attempted import error: 'Label' is not exported from '@/components/ui' (imported as 'Label').

Import trace for requested module:
./src/components/restorative-justice/agreement-tracking/agreement-tracking-system.tsx

./src/components/restorative-justice/agreement-tracking/agreement-tracking-system.tsx
Attempted import error: 'Select' is not exported from '@/components/ui' (imported as 'Select').

Import trace for requested module:
./src/components/restorative-justice/agreement-tracking/agreement-tracking-system.tsx

./src/components/restorative-justice/agreement-tracking/agreement-tracking-system.tsx
Attempted import error: 'SelectTrigger' is not exported from '@/components/ui' (imported as 'SelectTrigger').

Import trace for requested module:
./src/components/restorative-justice/agreement-tracking/agreement-tracking-system.tsx

./src/components/restorative-justice/agreement-tracking/agreement-tracking-system.tsx
Attempted import error: 'SelectValue' is not exported from '@/components/ui' (imported as 'SelectValue').

Import trace for requested module:
./src/components/restorative-justice/agreement-tracking/agreement-tracking-system.tsx

./src/components/restorative-justice/agreement-tracking/agreement-tracking-system.tsx
Attempted import error: 'SelectContent' is not exported from '@/components/ui' (imported as 'SelectContent').

Import trace for requested module:
./src/components/restorative-justice/agreement-tracking/agreement-tracking-system.tsx

./src/components/restorative-justice/agreement-tracking/agreement-tracking-system.tsx
Attempted import error: 'SelectItem' is not exported from '@/components/ui' (imported as 'SelectItem').

Import trace for requested module:
./src/components/restorative-justice/agreement-tracking/agreement-tracking-system.tsx

./src/components/restorative-justice/agreement-tracking/agreement-tracking-system.tsx
Attempted import error: 'SelectItem' is not exported from '@/components/ui' (imported as 'SelectItem').

Import trace for requested module:
./src/components/restorative-justice/agreement-tracking/agreement-tracking-system.tsx

./src/components/restorative-justice/agreement-tracking/agreement-tracking-system.tsx
Attempted import error: 'SelectItem' is not exported from '@/components/ui' (imported as 'SelectItem').

Import trace for requested module:
./src/components/restorative-justice/agreement-tracking/agreement-tracking-system.tsx

./src/components/restorative-justice/agreement-tracking/agreement-tracking-system.tsx
Attempted import error: 'SelectItem' is not exported from '@/components/ui' (imported as 'SelectItem').

Import trace for requested module:
./src/components/restorative-justice/agreement-tracking/agreement-tracking-system.tsx

./src/components/restorative-justice/agreement-tracking/agreement-tracking-system.tsx
Attempted import error: 'SelectItem' is not exported from '@/components/ui' (imported as 'SelectItem').

Import trace for requested module:
./src/components/restorative-justice/agreement-tracking/agreement-tracking-system.tsx

./src/components/restorative-justice/agreement-tracking/agreement-tracking-system.tsx
Attempted import error: 'Label' is not exported from '@/components/ui' (imported as 'Label').

Import trace for requested module:
./src/components/restorative-justice/agreement-tracking/agreement-tracking-system.tsx

./src/components/restorative-justice/agreement-tracking/agreement-tracking-system.tsx
Attempted import error: 'Input' is not exported from '@/components/ui' (imported as 'Input').

Import trace for requested module:
./src/components/restorative-justice/agreement-tracking/agreement-tracking-system.tsx

./src/components/restorative-justice/agreement-tracking/agreement-tracking-system.tsx
Attempted import error: 'Label' is not exported from '@/components/ui' (imported as 'Label').

Import trace for requested module:
./src/components/restorative-justice/agreement-tracking/agreement-tracking-system.tsx

./src/components/restorative-justice/agreement-tracking/agreement-tracking-system.tsx
Attempted import error: 'Input' is not exported from '@/components/ui' (imported as 'Input').

Import trace for requested module:
./src/components/restorative-justice/agreement-tracking/agreement-tracking-system.tsx

./src/components/restorative-justice/agreement-tracking/agreement-tracking-system.tsx
Attempted import error: 'Label' is not exported from '@/components/ui' (imported as 'Label').

Import trace for requested module:
./src/components/restorative-justice/agreement-tracking/agreement-tracking-system.tsx

./src/components/restorative-justice/agreement-tracking/agreement-tracking-system.tsx
Attempted import error: 'Input' is not exported from '@/components/ui' (imported as 'Input').

Import trace for requested module:
./src/components/restorative-justice/agreement-tracking/agreement-tracking-system.tsx

./src/components/restorative-justice/agreement-tracking/agreement-tracking-system.tsx
Attempted import error: 'Button' is not exported from '@/components/ui' (imported as 'Button').

Import trace for requested module:
./src/components/restorative-justice/agreement-tracking/agreement-tracking-system.tsx

./src/components/restorative-justice/agreement-tracking/agreement-tracking-system.tsx
Attempted import error: 'Button' is not exported from '@/components/ui' (imported as 'Button').

Import trace for requested module:
./src/components/restorative-justice/agreement-tracking/agreement-tracking-system.tsx

./src/components/restorative-justice/agreement-tracking/agreement-tracking-system.tsx
Attempted import error: 'Label' is not exported from '@/components/ui' (imported as 'Label').

Import trace for requested module:
./src/components/restorative-justice/agreement-tracking/agreement-tracking-system.tsx

./src/components/restorative-justice/agreement-tracking/agreement-tracking-system.tsx
Attempted import error: 'Label' is not exported from '@/components/ui' (imported as 'Label').

Import trace for requested module:
./src/components/restorative-justice/agreement-tracking/agreement-tracking-system.tsx

./src/components/restorative-justice/agreement-tracking/agreement-tracking-system.tsx
Attempted import error: 'Textarea' is not exported from '@/components/ui' (imported as 'Textarea').

Import trace for requested module:
./src/components/restorative-justice/agreement-tracking/agreement-tracking-system.tsx

./src/components/restorative-justice/agreement-tracking/agreement-tracking-system.tsx
Attempted import error: 'Label' is not exported from '@/components/ui' (imported as 'Label').

Import trace for requested module:
./src/components/restorative-justice/agreement-tracking/agreement-tracking-system.tsx

./src/components/restorative-justice/agreement-tracking/agreement-tracking-system.tsx
Attempted import error: 'Input' is not exported from '@/components/ui' (imported as 'Input').

Import trace for requested module:
./src/components/restorative-justice/agreement-tracking/agreement-tracking-system.tsx

./src/components/restorative-justice/agreement-tracking/agreement-tracking-system.tsx
Attempted import error: 'Label' is not exported from '@/components/ui' (imported as 'Label').

Import trace for requested module:
./src/components/restorative-justice/agreement-tracking/agreement-tracking-system.tsx

./src/components/restorative-justice/agreement-tracking/agreement-tracking-system.tsx
Attempted import error: 'Input' is not exported from '@/components/ui' (imported as 'Input').

Import trace for requested module:
./src/components/restorative-justice/agreement-tracking/agreement-tracking-system.tsx

./src/components/restorative-justice/agreement-tracking/agreement-tracking-system.tsx
Attempted import error: 'Button' is not exported from '@/components/ui' (imported as 'Button').

Import trace for requested module:
./src/components/restorative-justice/agreement-tracking/agreement-tracking-system.tsx

./src/components/restorative-justice/agreement-tracking/agreement-tracking-system.tsx
Attempted import error: 'Button' is not exported from '@/components/ui' (imported as 'Button').

Import trace for requested module:
./src/components/restorative-justice/agreement-tracking/agreement-tracking-system.tsx

./src/components/restorative-justice/agreement-tracking/agreement-tracking-system.tsx
Attempted import error: 'Label' is not exported from '@/components/ui' (imported as 'Label').

Import trace for requested module:
./src/components/restorative-justice/agreement-tracking/agreement-tracking-system.tsx

./src/components/restorative-justice/agreement-tracking/agreement-tracking-system.tsx
Attempted import error: 'Textarea' is not exported from '@/components/ui' (imported as 'Textarea').

Import trace for requested module:
./src/components/restorative-justice/agreement-tracking/agreement-tracking-system.tsx

./src/components/restorative-justice/agreement-tracking/agreement-tracking-system.tsx
Attempted import error: 'Button' is not exported from '@/components/ui' (imported as 'Button').

Import trace for requested module:
./src/components/restorative-justice/agreement-tracking/agreement-tracking-system.tsx

./src/components/restorative-justice/agreement-tracking/agreement-tracking-system.tsx
Attempted import error: 'Button' is not exported from '@/components/ui' (imported as 'Button').

Import trace for requested module:
./src/components/restorative-justice/agreement-tracking/agreement-tracking-system.tsx

./src/components/restorative-justice/circle-process/circle-process-templates.tsx
Attempted import error: 'Label' is not exported from '@/components/ui' (imported as 'Label').

Import trace for requested module:
./src/components/restorative-justice/circle-process/circle-process-templates.tsx

./src/components/restorative-justice/circle-process/circle-process-templates.tsx
Attempted import error: 'Input' is not exported from '@/components/ui' (imported as 'Input').

Import trace for requested module:
./src/components/restorative-justice/circle-process/circle-process-templates.tsx

./src/components/restorative-justice/circle-process/circle-process-templates.tsx
Attempted import error: 'Label' is not exported from '@/components/ui' (imported as 'Label').

Import trace for requested module:
./src/components/restorative-justice/circle-process/circle-process-templates.tsx

./src/components/restorative-justice/circle-process/circle-process-templates.tsx
Attempted import error: 'Select' is not exported from '@/components/ui' (imported as 'Select').

Import trace for requested module:
./src/components/restorative-justice/circle-process/circle-process-templates.tsx

./src/components/restorative-justice/circle-process/circle-process-templates.tsx
Attempted import error: 'SelectTrigger' is not exported from '@/components/ui' (imported as 'SelectTrigger').

Import trace for requested module:
./src/components/restorative-justice/circle-process/circle-process-templates.tsx

./src/components/restorative-justice/circle-process/circle-process-templates.tsx
Attempted import error: 'SelectValue' is not exported from '@/components/ui' (imported as 'SelectValue').

Import trace for requested module:
./src/components/restorative-justice/circle-process/circle-process-templates.tsx

./src/components/restorative-justice/circle-process/circle-process-templates.tsx
Attempted import error: 'SelectContent' is not exported from '@/components/ui' (imported as 'SelectContent').

Import trace for requested module:
./src/components/restorative-justice/circle-process/circle-process-templates.tsx

./src/components/restorative-justice/circle-process/circle-process-templates.tsx
Attempted import error: 'SelectItem' is not exported from '@/components/ui' (imported as 'SelectItem').

Import trace for requested module:
./src/components/restorative-justice/circle-process/circle-process-templates.tsx

./src/components/restorative-justice/circle-process/circle-process-templates.tsx
Attempted import error: 'SelectItem' is not exported from '@/components/ui' (imported as 'SelectItem').

Import trace for requested module:
./src/components/restorative-justice/circle-process/circle-process-templates.tsx

./src/components/restorative-justice/circle-process/circle-process-templates.tsx
Attempted import error: 'SelectItem' is not exported from '@/components/ui' (imported as 'SelectItem').

Import trace for requested module:
./src/components/restorative-justice/circle-process/circle-process-templates.tsx

./src/components/restorative-justice/circle-process/circle-process-templates.tsx
Attempted import error: 'Label' is not exported from '@/components/ui' (imported as 'Label').

Import trace for requested module:
./src/components/restorative-justice/circle-process/circle-process-templates.tsx

./src/components/restorative-justice/circle-process/circle-process-templates.tsx
Attempted import error: 'Select' is not exported from '@/components/ui' (imported as 'Select').

Import trace for requested module:
./src/components/restorative-justice/circle-process/circle-process-templates.tsx

./src/components/restorative-justice/circle-process/circle-process-templates.tsx
Attempted import error: 'SelectTrigger' is not exported from '@/components/ui' (imported as 'SelectTrigger').

Import trace for requested module:
./src/components/restorative-justice/circle-process/circle-process-templates.tsx

./src/components/restorative-justice/circle-process/circle-process-templates.tsx
Attempted import error: 'SelectValue' is not exported from '@/components/ui' (imported as 'SelectValue').

Import trace for requested module:
./src/components/restorative-justice/circle-process/circle-process-templates.tsx

./src/components/restorative-justice/circle-process/circle-process-templates.tsx
Attempted import error: 'SelectContent' is not exported from '@/components/ui' (imported as 'SelectContent').

Import trace for requested module:
./src/components/restorative-justice/circle-process/circle-process-templates.tsx

./src/components/restorative-justice/circle-process/circle-process-templates.tsx
Attempted import error: 'SelectItem' is not exported from '@/components/ui' (imported as 'SelectItem').

Import trace for requested module:
./src/components/restorative-justice/circle-process/circle-process-templates.tsx

./src/components/restorative-justice/circle-process/circle-process-templates.tsx
Attempted import error: 'SelectItem' is not exported from '@/components/ui' (imported as 'SelectItem').

Import trace for requested module:
./src/components/restorative-justice/circle-process/circle-process-templates.tsx

./src/components/restorative-justice/circle-process/circle-process-templates.tsx
Attempted import error: 'SelectItem' is not exported from '@/components/ui' (imported as 'SelectItem').

Import trace for requested module:
./src/components/restorative-justice/circle-process/circle-process-templates.tsx

./src/components/restorative-justice/circle-process/circle-process-templates.tsx
Attempted import error: 'SelectItem' is not exported from '@/components/ui' (imported as 'SelectItem').

Import trace for requested module:
./src/components/restorative-justice/circle-process/circle-process-templates.tsx

./src/components/restorative-justice/circle-process/circle-process-templates.tsx
Attempted import error: 'SelectItem' is not exported from '@/components/ui' (imported as 'SelectItem').

Import trace for requested module:
./src/components/restorative-justice/circle-process/circle-process-templates.tsx

./src/components/restorative-justice/circle-process/circle-process-templates.tsx
Attempted import error: 'SelectItem' is not exported from '@/components/ui' (imported as 'SelectItem').

Import trace for requested module:
./src/components/restorative-justice/circle-process/circle-process-templates.tsx

./src/components/restorative-justice/circle-process/circle-process-templates.tsx
Attempted import error: 'Button' is not exported from '@/components/ui' (imported as 'Button').

Import trace for requested module:
./src/components/restorative-justice/circle-process/circle-process-templates.tsx

./src/components/restorative-justice/circle-process/circle-process-templates.tsx
Attempted import error: 'Button' is not exported from '@/components/ui' (imported as 'Button').

Import trace for requested module:
./src/components/restorative-justice/circle-process/circle-process-templates.tsx

./src/components/restorative-justice/circle-process/circle-process-templates.tsx
Attempted import error: 'Button' is not exported from '@/components/ui' (imported as 'Button').

Import trace for requested module:
./src/components/restorative-justice/circle-process/circle-process-templates.tsx

./src/components/restorative-justice/circle-process/circle-process-templates.tsx
Attempted import error: 'Button' is not exported from '@/components/ui' (imported as 'Button').

Import trace for requested module:
./src/components/restorative-justice/circle-process/circle-process-templates.tsx

./src/components/restorative-justice/circle-process/circle-process-templates.tsx
Attempted import error: 'Label' is not exported from '@/components/ui' (imported as 'Label').

Import trace for requested module:
./src/components/restorative-justice/circle-process/circle-process-templates.tsx

./src/components/restorative-justice/circle-process/circle-process-templates.tsx
Attempted import error: 'Input' is not exported from '@/components/ui' (imported as 'Input').

Import trace for requested module:
./src/components/restorative-justice/circle-process/circle-process-templates.tsx

./src/components/restorative-justice/circle-process/circle-process-templates.tsx
Attempted import error: 'Label' is not exported from '@/components/ui' (imported as 'Label').

Import trace for requested module:
./src/components/restorative-justice/circle-process/circle-process-templates.tsx

./src/components/restorative-justice/circle-process/circle-process-templates.tsx
Attempted import error: 'Input' is not exported from '@/components/ui' (imported as 'Input').

Import trace for requested module:
./src/components/restorative-justice/circle-process/circle-process-templates.tsx

./src/components/restorative-justice/circle-process/circle-process-templates.tsx
Attempted import error: 'Label' is not exported from '@/components/ui' (imported as 'Label').

Import trace for requested module:
./src/components/restorative-justice/circle-process/circle-process-templates.tsx

./src/components/restorative-justice/circle-process/circle-process-templates.tsx
Attempted import error: 'Select' is not exported from '@/components/ui' (imported as 'Select').

Import trace for requested module:
./src/components/restorative-justice/circle-process/circle-process-templates.tsx

./src/components/restorative-justice/circle-process/circle-process-templates.tsx
Attempted import error: 'SelectTrigger' is not exported from '@/components/ui' (imported as 'SelectTrigger').

Import trace for requested module:
./src/components/restorative-justice/circle-process/circle-process-templates.tsx

./src/components/restorative-justice/circle-process/circle-process-templates.tsx
Attempted import error: 'SelectValue' is not exported from '@/components/ui' (imported as 'SelectValue').

Import trace for requested module:
./src/components/restorative-justice/circle-process/circle-process-templates.tsx

./src/components/restorative-justice/circle-process/circle-process-templates.tsx
Attempted import error: 'SelectContent' is not exported from '@/components/ui' (imported as 'SelectContent').

Import trace for requested module:
./src/components/restorative-justice/circle-process/circle-process-templates.tsx

./src/components/restorative-justice/circle-process/circle-process-templates.tsx
Attempted import error: 'SelectItem' is not exported from '@/components/ui' (imported as 'SelectItem').

Import trace for requested module:
./src/components/restorative-justice/circle-process/circle-process-templates.tsx

./src/components/restorative-justice/circle-process/circle-process-templates.tsx
Attempted import error: 'SelectItem' is not exported from '@/components/ui' (imported as 'SelectItem').

Import trace for requested module:
./src/components/restorative-justice/circle-process/circle-process-templates.tsx

./src/components/restorative-justice/circle-process/circle-process-templates.tsx
Attempted import error: 'SelectItem' is not exported from '@/components/ui' (imported as 'SelectItem').

Import trace for requested module:
./src/components/restorative-justice/circle-process/circle-process-templates.tsx

./src/components/restorative-justice/circle-process/circle-process-templates.tsx
Attempted import error: 'Label' is not exported from '@/components/ui' (imported as 'Label').

Import trace for requested module:
./src/components/restorative-justice/circle-process/circle-process-templates.tsx

./src/components/restorative-justice/circle-process/circle-process-templates.tsx
Attempted import error: 'Select' is not exported from '@/components/ui' (imported as 'Select').

Import trace for requested module:
./src/components/restorative-justice/circle-process/circle-process-templates.tsx

./src/components/restorative-justice/circle-process/circle-process-templates.tsx
Attempted import error: 'SelectTrigger' is not exported from '@/components/ui' (imported as 'SelectTrigger').

Import trace for requested module:
./src/components/restorative-justice/circle-process/circle-process-templates.tsx

./src/components/restorative-justice/circle-process/circle-process-templates.tsx
Attempted import error: 'SelectValue' is not exported from '@/components/ui' (imported as 'SelectValue').

Import trace for requested module:
./src/components/restorative-justice/circle-process/circle-process-templates.tsx

./src/components/restorative-justice/circle-process/circle-process-templates.tsx
Attempted import error: 'SelectContent' is not exported from '@/components/ui' (imported as 'SelectContent').

Import trace for requested module:
./src/components/restorative-justice/circle-process/circle-process-templates.tsx

./src/components/restorative-justice/circle-process/circle-process-templates.tsx
Attempted import error: 'SelectItem' is not exported from '@/components/ui' (imported as 'SelectItem').

Import trace for requested module:
./src/components/restorative-justice/circle-process/circle-process-templates.tsx

./src/components/restorative-justice/circle-process/circle-process-templates.tsx
Attempted import error: 'SelectItem' is not exported from '@/components/ui' (imported as 'SelectItem').

Import trace for requested module:
./src/components/restorative-justice/circle-process/circle-process-templates.tsx

./src/components/restorative-justice/circle-process/circle-process-templates.tsx
Attempted import error: 'SelectItem' is not exported from '@/components/ui' (imported as 'SelectItem').

Import trace for requested module:
./src/components/restorative-justice/circle-process/circle-process-templates.tsx

./src/components/restorative-justice/circle-process/circle-process-templates.tsx
Attempted import error: 'SelectItem' is not exported from '@/components/ui' (imported as 'SelectItem').

Import trace for requested module:
./src/components/restorative-justice/circle-process/circle-process-templates.tsx

./src/components/restorative-justice/circle-process/circle-process-templates.tsx
Attempted import error: 'SelectItem' is not exported from '@/components/ui' (imported as 'SelectItem').

Import trace for requested module:
./src/components/restorative-justice/circle-process/circle-process-templates.tsx

./src/components/restorative-justice/circle-process/circle-process-templates.tsx
Attempted import error: 'SelectItem' is not exported from '@/components/ui' (imported as 'SelectItem').

Import trace for requested module:
./src/components/restorative-justice/circle-process/circle-process-templates.tsx

./src/components/restorative-justice/circle-process/circle-process-templates.tsx
Attempted import error: 'Label' is not exported from '@/components/ui' (imported as 'Label').

Import trace for requested module:
./src/components/restorative-justice/circle-process/circle-process-templates.tsx

./src/components/restorative-justice/circle-process/circle-process-templates.tsx
Attempted import error: 'Input' is not exported from '@/components/ui' (imported as 'Input').

Import trace for requested module:
./src/components/restorative-justice/circle-process/circle-process-templates.tsx

./src/components/restorative-justice/circle-process/circle-process-templates.tsx
Attempted import error: 'Label' is not exported from '@/components/ui' (imported as 'Label').

Import trace for requested module:
./src/components/restorative-justice/circle-process/circle-process-templates.tsx

./src/components/restorative-justice/circle-process/circle-process-templates.tsx
Attempted import error: 'Input' is not exported from '@/components/ui' (imported as 'Input').

Import trace for requested module:
./src/components/restorative-justice/circle-process/circle-process-templates.tsx

./src/components/restorative-justice/circle-process/circle-process-templates.tsx
Attempted import error: 'Label' is not exported from '@/components/ui' (imported as 'Label').

Import trace for requested module:
./src/components/restorative-justice/circle-process/circle-process-templates.tsx

./src/components/restorative-justice/circle-process/circle-process-templates.tsx
Attempted import error: 'Textarea' is not exported from '@/components/ui' (imported as 'Textarea').

Import trace for requested module:
./src/components/restorative-justice/circle-process/circle-process-templates.tsx

./src/components/restorative-justice/circle-process/circle-process-templates.tsx
Attempted import error: 'Label' is not exported from '@/components/ui' (imported as 'Label').

Import trace for requested module:
./src/components/restorative-justice/circle-process/circle-process-templates.tsx

./src/components/restorative-justice/circle-process/circle-process-templates.tsx
Attempted import error: 'Textarea' is not exported from '@/components/ui' (imported as 'Textarea').

Import trace for requested module:
./src/components/restorative-justice/circle-process/circle-process-templates.tsx

./src/components/restorative-justice/circle-process/circle-process-templates.tsx
Attempted import error: 'Label' is not exported from '@/components/ui' (imported as 'Label').

Import trace for requested module:
./src/components/restorative-justice/circle-process/circle-process-templates.tsx

./src/components/restorative-justice/circle-process/circle-process-templates.tsx
Attempted import error: 'Textarea' is not exported from '@/components/ui' (imported as 'Textarea').

Import trace for requested module:
./src/components/restorative-justice/circle-process/circle-process-templates.tsx

./src/components/restorative-justice/circle-process/circle-process-templates.tsx
Attempted import error: 'Label' is not exported from '@/components/ui' (imported as 'Label').

Import trace for requested module:
./src/components/restorative-justice/circle-process/circle-process-templates.tsx

./src/components/restorative-justice/circle-process/circle-process-templates.tsx
Attempted import error: 'Textarea' is not exported from '@/components/ui' (imported as 'Textarea').

Import trace for requested module:
./src/components/restorative-justice/circle-process/circle-process-templates.tsx

./src/components/restorative-justice/circle-process/circle-process-templates.tsx
Attempted import error: 'Label' is not exported from '@/components/ui' (imported as 'Label').

Import trace for requested module:
./src/components/restorative-justice/circle-process/circle-process-templates.tsx

./src/components/restorative-justice/circle-process/circle-process-templates.tsx
Attempted import error: 'Textarea' is not exported from '@/components/ui' (imported as 'Textarea').

Import trace for requested module:
./src/components/restorative-justice/circle-process/circle-process-templates.tsx

./src/components/restorative-justice/circle-process/circle-process-templates.tsx
Attempted import error: 'Button' is not exported from '@/components/ui' (imported as 'Button').

Import trace for requested module:
./src/components/restorative-justice/circle-process/circle-process-templates.tsx

./src/components/restorative-justice/circle-process/circle-process-templates.tsx
Attempted import error: 'Label' is not exported from '@/components/ui' (imported as 'Label').

Import trace for requested module:
./src/components/restorative-justice/circle-process/circle-process-templates.tsx

./src/components/restorative-justice/circle-process/circle-process-templates.tsx
Attempted import error: 'Button' is not exported from '@/components/ui' (imported as 'Button').

Import trace for requested module:
./src/components/restorative-justice/circle-process/circle-process-templates.tsx

./src/components/restorative-justice/circle-process/circle-process-templates.tsx
Attempted import error: 'Input' is not exported from '@/components/ui' (imported as 'Input').

Import trace for requested module:
./src/components/restorative-justice/circle-process/circle-process-templates.tsx

./src/components/restorative-justice/circle-process/circle-process-templates.tsx
Attempted import error: 'Label' is not exported from '@/components/ui' (imported as 'Label').

Import trace for requested module:
./src/components/restorative-justice/circle-process/circle-process-templates.tsx

./src/components/restorative-justice/circle-process/circle-process-templates.tsx
Attempted import error: 'Button' is not exported from '@/components/ui' (imported as 'Button').

Import trace for requested module:
./src/components/restorative-justice/circle-process/circle-process-templates.tsx

./src/components/restorative-justice/circle-process/circle-process-templates.tsx
Attempted import error: 'Input' is not exported from '@/components/ui' (imported as 'Input').

Import trace for requested module:
./src/components/restorative-justice/circle-process/circle-process-templates.tsx

./src/components/restorative-justice/circle-process/circle-process-templates.tsx
Attempted import error: 'Button' is not exported from '@/components/ui' (imported as 'Button').

Import trace for requested module:
./src/components/restorative-justice/circle-process/circle-process-templates.tsx

./src/components/restorative-justice/circle-process/circle-process-templates.tsx
Attempted import error: 'Button' is not exported from '@/components/ui' (imported as 'Button').

Import trace for requested module:
./src/components/restorative-justice/circle-process/circle-process-templates.tsx

./src/components/restorative-justice/circle-process/circle-process-templates.tsx
Attempted import error: 'Input' is not exported from '@/components/ui' (imported as 'Input').

Import trace for requested module:
./src/components/restorative-justice/circle-process/circle-process-templates.tsx

./src/components/restorative-justice/circle-process/circle-process-templates.tsx
Attempted import error: 'Button' is not exported from '@/components/ui' (imported as 'Button').

Import trace for requested module:
./src/components/restorative-justice/circle-process/circle-process-templates.tsx

./src/components/restorative-justice/circle-process/circle-process-templates.tsx
Attempted import error: 'Button' is not exported from '@/components/ui' (imported as 'Button').

Import trace for requested module:
./src/components/restorative-justice/circle-process/circle-process-templates.tsx

./src/components/restorative-justice/circle-process/circle-process-templates.tsx
Attempted import error: 'Button' is not exported from '@/components/ui' (imported as 'Button').

Import trace for requested module:
./src/components/restorative-justice/circle-process/circle-process-templates.tsx

./src/components/restorative-justice/guided-restorative-conversation-frameworks.tsx
Attempted import error: 'Label' is not exported from '@/components/ui' (imported as 'Label').

Import trace for requested module:
./src/components/restorative-justice/guided-restorative-conversation-frameworks.tsx

./src/components/restorative-justice/guided-restorative-conversation-frameworks.tsx
Attempted import error: 'Input' is not exported from '@/components/ui' (imported as 'Input').

Import trace for requested module:
./src/components/restorative-justice/guided-restorative-conversation-frameworks.tsx

./src/components/restorative-justice/guided-restorative-conversation-frameworks.tsx
Attempted import error: 'Label' is not exported from '@/components/ui' (imported as 'Label').

Import trace for requested module:
./src/components/restorative-justice/guided-restorative-conversation-frameworks.tsx

./src/components/restorative-justice/guided-restorative-conversation-frameworks.tsx
Attempted import error: 'Select' is not exported from '@/components/ui' (imported as 'Select').

Import trace for requested module:
./src/components/restorative-justice/guided-restorative-conversation-frameworks.tsx

./src/components/restorative-justice/guided-restorative-conversation-frameworks.tsx
Attempted import error: 'SelectTrigger' is not exported from '@/components/ui' (imported as 'SelectTrigger').

Import trace for requested module:
./src/components/restorative-justice/guided-restorative-conversation-frameworks.tsx

./src/components/restorative-justice/guided-restorative-conversation-frameworks.tsx
Attempted import error: 'SelectValue' is not exported from '@/components/ui' (imported as 'SelectValue').

Import trace for requested module:
./src/components/restorative-justice/guided-restorative-conversation-frameworks.tsx

./src/components/restorative-justice/guided-restorative-conversation-frameworks.tsx
Attempted import error: 'SelectContent' is not exported from '@/components/ui' (imported as 'SelectContent').

Import trace for requested module:
./src/components/restorative-justice/guided-restorative-conversation-frameworks.tsx

./src/components/restorative-justice/guided-restorative-conversation-frameworks.tsx
Attempted import error: 'SelectItem' is not exported from '@/components/ui' (imported as 'SelectItem').

Import trace for requested module:
./src/components/restorative-justice/guided-restorative-conversation-frameworks.tsx

./src/components/restorative-justice/guided-restorative-conversation-frameworks.tsx
Attempted import error: 'SelectItem' is not exported from '@/components/ui' (imported as 'SelectItem').

Import trace for requested module:
./src/components/restorative-justice/guided-restorative-conversation-frameworks.tsx

./src/components/restorative-justice/guided-restorative-conversation-frameworks.tsx
Attempted import error: 'SelectItem' is not exported from '@/components/ui' (imported as 'SelectItem').

Import trace for requested module:
./src/components/restorative-justice/guided-restorative-conversation-frameworks.tsx

./src/components/restorative-justice/guided-restorative-conversation-frameworks.tsx
Attempted import error: 'Label' is not exported from '@/components/ui' (imported as 'Label').

Import trace for requested module:
./src/components/restorative-justice/guided-restorative-conversation-frameworks.tsx

./src/components/restorative-justice/guided-restorative-conversation-frameworks.tsx
Attempted import error: 'Select' is not exported from '@/components/ui' (imported as 'Select').

Import trace for requested module:
./src/components/restorative-justice/guided-restorative-conversation-frameworks.tsx

./src/components/restorative-justice/guided-restorative-conversation-frameworks.tsx
Attempted import error: 'SelectTrigger' is not exported from '@/components/ui' (imported as 'SelectTrigger').

Import trace for requested module:
./src/components/restorative-justice/guided-restorative-conversation-frameworks.tsx

./src/components/restorative-justice/guided-restorative-conversation-frameworks.tsx
Attempted import error: 'SelectValue' is not exported from '@/components/ui' (imported as 'SelectValue').

Import trace for requested module:
./src/components/restorative-justice/guided-restorative-conversation-frameworks.tsx

./src/components/restorative-justice/guided-restorative-conversation-frameworks.tsx
Attempted import error: 'SelectContent' is not exported from '@/components/ui' (imported as 'SelectContent').

Import trace for requested module:
./src/components/restorative-justice/guided-restorative-conversation-frameworks.tsx

./src/components/restorative-justice/guided-restorative-conversation-frameworks.tsx
Attempted import error: 'SelectItem' is not exported from '@/components/ui' (imported as 'SelectItem').

Import trace for requested module:
./src/components/restorative-justice/guided-restorative-conversation-frameworks.tsx

./src/components/restorative-justice/guided-restorative-conversation-frameworks.tsx
Attempted import error: 'SelectItem' is not exported from '@/components/ui' (imported as 'SelectItem').

Import trace for requested module:
./src/components/restorative-justice/guided-restorative-conversation-frameworks.tsx

./src/components/restorative-justice/guided-restorative-conversation-frameworks.tsx
Attempted import error: 'SelectItem' is not exported from '@/components/ui' (imported as 'SelectItem').

Import trace for requested module:
./src/components/restorative-justice/guided-restorative-conversation-frameworks.tsx

./src/components/restorative-justice/guided-restorative-conversation-frameworks.tsx
Attempted import error: 'SelectItem' is not exported from '@/components/ui' (imported as 'SelectItem').

Import trace for requested module:
./src/components/restorative-justice/guided-restorative-conversation-frameworks.tsx

./src/components/restorative-justice/guided-restorative-conversation-frameworks.tsx
Attempted import error: 'SelectItem' is not exported from '@/components/ui' (imported as 'SelectItem').

Import trace for requested module:
./src/components/restorative-justice/guided-restorative-conversation-frameworks.tsx

./src/components/restorative-justice/guided-restorative-conversation-frameworks.tsx
Attempted import error: 'SelectItem' is not exported from '@/components/ui' (imported as 'SelectItem').

Import trace for requested module:
./src/components/restorative-justice/guided-restorative-conversation-frameworks.tsx

./src/components/restorative-justice/guided-restorative-conversation-frameworks.tsx
Attempted import error: 'Button' is not exported from '@/components/ui' (imported as 'Button').

Import trace for requested module:
./src/components/restorative-justice/guided-restorative-conversation-frameworks.tsx

./src/components/restorative-justice/guided-restorative-conversation-frameworks.tsx
Attempted import error: 'Button' is not exported from '@/components/ui' (imported as 'Button').

Import trace for requested module:
./src/components/restorative-justice/guided-restorative-conversation-frameworks.tsx

./src/components/restorative-justice/guided-restorative-conversation-frameworks.tsx
Attempted import error: 'Button' is not exported from '@/components/ui' (imported as 'Button').

Import trace for requested module:
./src/components/restorative-justice/guided-restorative-conversation-frameworks.tsx

./src/components/restorative-justice/guided-restorative-conversation-frameworks.tsx
Attempted import error: 'Label' is not exported from '@/components/ui' (imported as 'Label').

Import trace for requested module:
./src/components/restorative-justice/guided-restorative-conversation-frameworks.tsx

./src/components/restorative-justice/guided-restorative-conversation-frameworks.tsx
Attempted import error: 'Textarea' is not exported from '@/components/ui' (imported as 'Textarea').

Import trace for requested module:
./src/components/restorative-justice/guided-restorative-conversation-frameworks.tsx

./src/components/restorative-justice/guided-restorative-conversation-frameworks.tsx
Attempted import error: 'Label' is not exported from '@/components/ui' (imported as 'Label').

Import trace for requested module:
./src/components/restorative-justice/guided-restorative-conversation-frameworks.tsx

./src/components/restorative-justice/guided-restorative-conversation-frameworks.tsx
Attempted import error: 'Textarea' is not exported from '@/components/ui' (imported as 'Textarea').

Import trace for requested module:
./src/components/restorative-justice/guided-restorative-conversation-frameworks.tsx

./src/components/restorative-justice/guided-restorative-conversation-frameworks.tsx
Attempted import error: 'Label' is not exported from '@/components/ui' (imported as 'Label').

Import trace for requested module:
./src/components/restorative-justice/guided-restorative-conversation-frameworks.tsx

./src/components/restorative-justice/guided-restorative-conversation-frameworks.tsx
Attempted import error: 'Textarea' is not exported from '@/components/ui' (imported as 'Textarea').

Import trace for requested module:
./src/components/restorative-justice/guided-restorative-conversation-frameworks.tsx

./src/components/restorative-justice/guided-restorative-conversation-frameworks.tsx
Attempted import error: 'Label' is not exported from '@/components/ui' (imported as 'Label').

Import trace for requested module:
./src/components/restorative-justice/guided-restorative-conversation-frameworks.tsx

./src/components/restorative-justice/guided-restorative-conversation-frameworks.tsx
Attempted import error: 'Textarea' is not exported from '@/components/ui' (imported as 'Textarea').

Import trace for requested module:
./src/components/restorative-justice/guided-restorative-conversation-frameworks.tsx

./src/components/restorative-justice/guided-restorative-conversation-frameworks.tsx
Attempted import error: 'Button' is not exported from '@/components/ui' (imported as 'Button').

Import trace for requested module:
./src/components/restorative-justice/guided-restorative-conversation-frameworks.tsx

./src/components/restorative-justice/guided-restorative-conversation-frameworks.tsx
Attempted import error: 'Label' is not exported from '@/components/ui' (imported as 'Label').

Import trace for requested module:
./src/components/restorative-justice/guided-restorative-conversation-frameworks.tsx

./src/components/restorative-justice/guided-restorative-conversation-frameworks.tsx
Attempted import error: 'Input' is not exported from '@/components/ui' (imported as 'Input').

Import trace for requested module:
./src/components/restorative-justice/guided-restorative-conversation-frameworks.tsx

./src/components/restorative-justice/guided-restorative-conversation-frameworks.tsx
Attempted import error: 'Label' is not exported from '@/components/ui' (imported as 'Label').

Import trace for requested module:
./src/components/restorative-justice/guided-restorative-conversation-frameworks.tsx

./src/components/restorative-justice/guided-restorative-conversation-frameworks.tsx
Attempted import error: 'Input' is not exported from '@/components/ui' (imported as 'Input').

Import trace for requested module:
./src/components/restorative-justice/guided-restorative-conversation-frameworks.tsx

./src/components/restorative-justice/guided-restorative-conversation-frameworks.tsx
Attempted import error: 'Label' is not exported from '@/components/ui' (imported as 'Label').

Import trace for requested module:
./src/components/restorative-justice/guided-restorative-conversation-frameworks.tsx

./src/components/restorative-justice/guided-restorative-conversation-frameworks.tsx
Attempted import error: 'Select' is not exported from '@/components/ui' (imported as 'Select').

Import trace for requested module:
./src/components/restorative-justice/guided-restorative-conversation-frameworks.tsx

./src/components/restorative-justice/guided-restorative-conversation-frameworks.tsx
Attempted import error: 'SelectTrigger' is not exported from '@/components/ui' (imported as 'SelectTrigger').

Import trace for requested module:
./src/components/restorative-justice/guided-restorative-conversation-frameworks.tsx

./src/components/restorative-justice/guided-restorative-conversation-frameworks.tsx
Attempted import error: 'SelectValue' is not exported from '@/components/ui' (imported as 'SelectValue').

Import trace for requested module:
./src/components/restorative-justice/guided-restorative-conversation-frameworks.tsx

./src/components/restorative-justice/guided-restorative-conversation-frameworks.tsx
Attempted import error: 'SelectContent' is not exported from '@/components/ui' (imported as 'SelectContent').

Import trace for requested module:
./src/components/restorative-justice/guided-restorative-conversation-frameworks.tsx

./src/components/restorative-justice/guided-restorative-conversation-frameworks.tsx
Attempted import error: 'SelectItem' is not exported from '@/components/ui' (imported as 'SelectItem').

Import trace for requested module:
./src/components/restorative-justice/guided-restorative-conversation-frameworks.tsx

./src/components/restorative-justice/guided-restorative-conversation-frameworks.tsx
Attempted import error: 'SelectItem' is not exported from '@/components/ui' (imported as 'SelectItem').

Import trace for requested module:
./src/components/restorative-justice/guided-restorative-conversation-frameworks.tsx

./src/components/restorative-justice/guided-restorative-conversation-frameworks.tsx
Attempted import error: 'SelectItem' is not exported from '@/components/ui' (imported as 'SelectItem').

Import trace for requested module:
./src/components/restorative-justice/guided-restorative-conversation-frameworks.tsx

./src/components/restorative-justice/guided-restorative-conversation-frameworks.tsx
Attempted import error: 'Label' is not exported from '@/components/ui' (imported as 'Label').

Import trace for requested module:
./src/components/restorative-justice/guided-restorative-conversation-frameworks.tsx

./src/components/restorative-justice/guided-restorative-conversation-frameworks.tsx
Attempted import error: 'Select' is not exported from '@/components/ui' (imported as 'Select').

Import trace for requested module:
./src/components/restorative-justice/guided-restorative-conversation-frameworks.tsx

./src/components/restorative-justice/guided-restorative-conversation-frameworks.tsx
Attempted import error: 'SelectTrigger' is not exported from '@/components/ui' (imported as 'SelectTrigger').

Import trace for requested module:
./src/components/restorative-justice/guided-restorative-conversation-frameworks.tsx

./src/components/restorative-justice/guided-restorative-conversation-frameworks.tsx
Attempted import error: 'SelectValue' is not exported from '@/components/ui' (imported as 'SelectValue').

Import trace for requested module:
./src/components/restorative-justice/guided-restorative-conversation-frameworks.tsx

./src/components/restorative-justice/guided-restorative-conversation-frameworks.tsx
Attempted import error: 'SelectContent' is not exported from '@/components/ui' (imported as 'SelectContent').

Import trace for requested module:
./src/components/restorative-justice/guided-restorative-conversation-frameworks.tsx

./src/components/restorative-justice/guided-restorative-conversation-frameworks.tsx
Attempted import error: 'SelectItem' is not exported from '@/components/ui' (imported as 'SelectItem').

Import trace for requested module:
./src/components/restorative-justice/guided-restorative-conversation-frameworks.tsx

./src/components/restorative-justice/guided-restorative-conversation-frameworks.tsx
Attempted import error: 'SelectItem' is not exported from '@/components/ui' (imported as 'SelectItem').

Import trace for requested module:
./src/components/restorative-justice/guided-restorative-conversation-frameworks.tsx

./src/components/restorative-justice/guided-restorative-conversation-frameworks.tsx
Attempted import error: 'SelectItem' is not exported from '@/components/ui' (imported as 'SelectItem').

Import trace for requested module:
./src/components/restorative-justice/guided-restorative-conversation-frameworks.tsx

./src/components/restorative-justice/guided-restorative-conversation-frameworks.tsx
Attempted import error: 'SelectItem' is not exported from '@/components/ui' (imported as 'SelectItem').

Import trace for requested module:
./src/components/restorative-justice/guided-restorative-conversation-frameworks.tsx

./src/components/restorative-justice/guided-restorative-conversation-frameworks.tsx
Attempted import error: 'SelectItem' is not exported from '@/components/ui' (imported as 'SelectItem').

Import trace for requested module:
./src/components/restorative-justice/guided-restorative-conversation-frameworks.tsx

./src/components/restorative-justice/guided-restorative-conversation-frameworks.tsx
Attempted import error: 'SelectItem' is not exported from '@/components/ui' (imported as 'SelectItem').

Import trace for requested module:
./src/components/restorative-justice/guided-restorative-conversation-frameworks.tsx

./src/components/restorative-justice/guided-restorative-conversation-frameworks.tsx
Attempted import error: 'Button' is not exported from '@/components/ui' (imported as 'Button').

Import trace for requested module:
./src/components/restorative-justice/guided-restorative-conversation-frameworks.tsx

./src/components/restorative-justice/guided-restorative-conversation-frameworks.tsx
Attempted import error: 'Button' is not exported from '@/components/ui' (imported as 'Button').

Import trace for requested module:
./src/components/restorative-justice/guided-restorative-conversation-frameworks.tsx

./src/components/restorative-justice/guided-restorative-conversation-frameworks.tsx
Attempted import error: 'Label' is not exported from '@/components/ui' (imported as 'Label').

Import trace for requested module:
./src/components/restorative-justice/guided-restorative-conversation-frameworks.tsx

./src/components/restorative-justice/guided-restorative-conversation-frameworks.tsx
Attempted import error: 'Input' is not exported from '@/components/ui' (imported as 'Input').

Import trace for requested module:
./src/components/restorative-justice/guided-restorative-conversation-frameworks.tsx

./src/components/restorative-justice/guided-restorative-conversation-frameworks.tsx
Attempted import error: 'Label' is not exported from '@/components/ui' (imported as 'Label').

Import trace for requested module:
./src/components/restorative-justice/guided-restorative-conversation-frameworks.tsx

./src/components/restorative-justice/guided-restorative-conversation-frameworks.tsx
Attempted import error: 'Textarea' is not exported from '@/components/ui' (imported as 'Textarea').

Import trace for requested module:
./src/components/restorative-justice/guided-restorative-conversation-frameworks.tsx

./src/components/restorative-justice/guided-restorative-conversation-frameworks.tsx
Attempted import error: 'Label' is not exported from '@/components/ui' (imported as 'Label').

Import trace for requested module:
./src/components/restorative-justice/guided-restorative-conversation-frameworks.tsx

./src/components/restorative-justice/guided-restorative-conversation-frameworks.tsx
Attempted import error: 'Button' is not exported from '@/components/ui' (imported as 'Button').

Import trace for requested module:
./src/components/restorative-justice/guided-restorative-conversation-frameworks.tsx

./src/components/restorative-justice/guided-restorative-conversation-frameworks.tsx
Attempted import error: 'Input' is not exported from '@/components/ui' (imported as 'Input').

Import trace for requested module:
./src/components/restorative-justice/guided-restorative-conversation-frameworks.tsx

./src/components/restorative-justice/guided-restorative-conversation-frameworks.tsx
Attempted import error: 'Button' is not exported from '@/components/ui' (imported as 'Button').

Import trace for requested module:
./src/components/restorative-justice/guided-restorative-conversation-frameworks.tsx

./src/components/restorative-justice/guided-restorative-conversation-frameworks.tsx
Attempted import error: 'Button' is not exported from '@/components/ui' (imported as 'Button').

Import trace for requested module:
./src/components/restorative-justice/guided-restorative-conversation-frameworks.tsx

./src/components/restorative-justice/guided-restorative-conversation-frameworks.tsx
Attempted import error: 'Button' is not exported from '@/components/ui' (imported as 'Button').

Import trace for requested module:
./src/components/restorative-justice/guided-restorative-conversation-frameworks.tsx

./src/components/restorative-justice/parent-education/parent-education-resources.tsx
Attempted import error: 'AlertTitle' is not exported from '@/components/ui/alert' (imported as 'AlertTitle').

Import trace for requested module:
./src/components/restorative-justice/parent-education/parent-education-resources.tsx
./src/app/restorative-justice/parent-education/page.tsx

./src/components/restorative-justice/reflection-prompts/age-appropriate-reflection-prompts.tsx
Attempted import error: 'Label' is not exported from '@/components/ui' (imported as 'Label').

Import trace for requested module:
./src/components/restorative-justice/reflection-prompts/age-appropriate-reflection-prompts.tsx

./src/components/restorative-justice/reflection-prompts/age-appropriate-reflection-prompts.tsx
Attempted import error: 'Input' is not exported from '@/components/ui' (imported as 'Input').

Import trace for requested module:
./src/components/restorative-justice/reflection-prompts/age-appropriate-reflection-prompts.tsx

./src/components/restorative-justice/reflection-prompts/age-appropriate-reflection-prompts.tsx
Attempted import error: 'Label' is not exported from '@/components/ui' (imported as 'Label').

Import trace for requested module:
./src/components/restorative-justice/reflection-prompts/age-appropriate-reflection-prompts.tsx

./src/components/restorative-justice/reflection-prompts/age-appropriate-reflection-prompts.tsx
Attempted import error: 'Select' is not exported from '@/components/ui' (imported as 'Select').

Import trace for requested module:
./src/components/restorative-justice/reflection-prompts/age-appropriate-reflection-prompts.tsx

./src/components/restorative-justice/reflection-prompts/age-appropriate-reflection-prompts.tsx
Attempted import error: 'SelectTrigger' is not exported from '@/components/ui' (imported as 'SelectTrigger').

Import trace for requested module:
./src/components/restorative-justice/reflection-prompts/age-appropriate-reflection-prompts.tsx

./src/components/restorative-justice/reflection-prompts/age-appropriate-reflection-prompts.tsx
Attempted import error: 'SelectValue' is not exported from '@/components/ui' (imported as 'SelectValue').

Import trace for requested module:
./src/components/restorative-justice/reflection-prompts/age-appropriate-reflection-prompts.tsx

./src/components/restorative-justice/reflection-prompts/age-appropriate-reflection-prompts.tsx
Attempted import error: 'SelectContent' is not exported from '@/components/ui' (imported as 'SelectContent').

Import trace for requested module:
./src/components/restorative-justice/reflection-prompts/age-appropriate-reflection-prompts.tsx

./src/components/restorative-justice/reflection-prompts/age-appropriate-reflection-prompts.tsx
Attempted import error: 'SelectItem' is not exported from '@/components/ui' (imported as 'SelectItem').

Import trace for requested module:
./src/components/restorative-justice/reflection-prompts/age-appropriate-reflection-prompts.tsx

./src/components/restorative-justice/reflection-prompts/age-appropriate-reflection-prompts.tsx
Attempted import error: 'SelectItem' is not exported from '@/components/ui' (imported as 'SelectItem').

Import trace for requested module:
./src/components/restorative-justice/reflection-prompts/age-appropriate-reflection-prompts.tsx

./src/components/restorative-justice/reflection-prompts/age-appropriate-reflection-prompts.tsx
Attempted import error: 'SelectItem' is not exported from '@/components/ui' (imported as 'SelectItem').

Import trace for requested module:
./src/components/restorative-justice/reflection-prompts/age-appropriate-reflection-prompts.tsx

./src/components/restorative-justice/reflection-prompts/age-appropriate-reflection-prompts.tsx
Attempted import error: 'SelectItem' is not exported from '@/components/ui' (imported as 'SelectItem').

Import trace for requested module:
./src/components/restorative-justice/reflection-prompts/age-appropriate-reflection-prompts.tsx

./src/components/restorative-justice/reflection-prompts/age-appropriate-reflection-prompts.tsx
Attempted import error: 'SelectItem' is not exported from '@/components/ui' (imported as 'SelectItem').

Import trace for requested module:
./src/components/restorative-justice/reflection-prompts/age-appropriate-reflection-prompts.tsx

./src/components/restorative-justice/reflection-prompts/age-appropriate-reflection-prompts.tsx
Attempted import error: 'Label' is not exported from '@/components/ui' (imported as 'Label').

Import trace for requested module:
./src/components/restorative-justice/reflection-prompts/age-appropriate-reflection-prompts.tsx

./src/components/restorative-justice/reflection-prompts/age-appropriate-reflection-prompts.tsx
Attempted import error: 'Select' is not exported from '@/components/ui' (imported as 'Select').

Import trace for requested module:
./src/components/restorative-justice/reflection-prompts/age-appropriate-reflection-prompts.tsx

./src/components/restorative-justice/reflection-prompts/age-appropriate-reflection-prompts.tsx
Attempted import error: 'SelectTrigger' is not exported from '@/components/ui' (imported as 'SelectTrigger').

Import trace for requested module:
./src/components/restorative-justice/reflection-prompts/age-appropriate-reflection-prompts.tsx

./src/components/restorative-justice/reflection-prompts/age-appropriate-reflection-prompts.tsx
Attempted import error: 'SelectValue' is not exported from '@/components/ui' (imported as 'SelectValue').

Import trace for requested module:
./src/components/restorative-justice/reflection-prompts/age-appropriate-reflection-prompts.tsx

./src/components/restorative-justice/reflection-prompts/age-appropriate-reflection-prompts.tsx
Attempted import error: 'SelectContent' is not exported from '@/components/ui' (imported as 'SelectContent').

Import trace for requested module:
./src/components/restorative-justice/reflection-prompts/age-appropriate-reflection-prompts.tsx

./src/components/restorative-justice/reflection-prompts/age-appropriate-reflection-prompts.tsx
Attempted import error: 'SelectItem' is not exported from '@/components/ui' (imported as 'SelectItem').

Import trace for requested module:
./src/components/restorative-justice/reflection-prompts/age-appropriate-reflection-prompts.tsx

./src/components/restorative-justice/reflection-prompts/age-appropriate-reflection-prompts.tsx
Attempted import error: 'SelectItem' is not exported from '@/components/ui' (imported as 'SelectItem').

Import trace for requested module:
./src/components/restorative-justice/reflection-prompts/age-appropriate-reflection-prompts.tsx

./src/components/restorative-justice/reflection-prompts/age-appropriate-reflection-prompts.tsx
Attempted import error: 'SelectItem' is not exported from '@/components/ui' (imported as 'SelectItem').

Import trace for requested module:
./src/components/restorative-justice/reflection-prompts/age-appropriate-reflection-prompts.tsx

./src/components/restorative-justice/reflection-prompts/age-appropriate-reflection-prompts.tsx
Attempted import error: 'SelectItem' is not exported from '@/components/ui' (imported as 'SelectItem').

Import trace for requested module:
./src/components/restorative-justice/reflection-prompts/age-appropriate-reflection-prompts.tsx

./src/components/restorative-justice/reflection-prompts/age-appropriate-reflection-prompts.tsx
Attempted import error: 'SelectItem' is not exported from '@/components/ui' (imported as 'SelectItem').

Import trace for requested module:
./src/components/restorative-justice/reflection-prompts/age-appropriate-reflection-prompts.tsx

./src/components/restorative-justice/reflection-prompts/age-appropriate-reflection-prompts.tsx
Attempted import error: 'SelectItem' is not exported from '@/components/ui' (imported as 'SelectItem').

Import trace for requested module:
./src/components/restorative-justice/reflection-prompts/age-appropriate-reflection-prompts.tsx

./src/components/restorative-justice/reflection-prompts/age-appropriate-reflection-prompts.tsx
Attempted import error: 'SelectItem' is not exported from '@/components/ui' (imported as 'SelectItem').

Import trace for requested module:
./src/components/restorative-justice/reflection-prompts/age-appropriate-reflection-prompts.tsx

./src/components/restorative-justice/reflection-prompts/age-appropriate-reflection-prompts.tsx
Attempted import error: 'SelectItem' is not exported from '@/components/ui' (imported as 'SelectItem').

Import trace for requested module:
./src/components/restorative-justice/reflection-prompts/age-appropriate-reflection-prompts.tsx

./src/components/restorative-justice/reflection-prompts/age-appropriate-reflection-prompts.tsx
Attempted import error: 'SelectItem' is not exported from '@/components/ui' (imported as 'SelectItem').

Import trace for requested module:
./src/components/restorative-justice/reflection-prompts/age-appropriate-reflection-prompts.tsx

./src/components/restorative-justice/reflection-prompts/age-appropriate-reflection-prompts.tsx
Attempted import error: 'SelectItem' is not exported from '@/components/ui' (imported as 'SelectItem').

Import trace for requested module:
./src/components/restorative-justice/reflection-prompts/age-appropriate-reflection-prompts.tsx

./src/components/restorative-justice/reflection-prompts/age-appropriate-reflection-prompts.tsx
Attempted import error: 'SelectItem' is not exported from '@/components/ui' (imported as 'SelectItem').

Import trace for requested module:
./src/components/restorative-justice/reflection-prompts/age-appropriate-reflection-prompts.tsx

./src/components/restorative-justice/reflection-prompts/age-appropriate-reflection-prompts.tsx
Attempted import error: 'SelectItem' is not exported from '@/components/ui' (imported as 'SelectItem').

Import trace for requested module:
./src/components/restorative-justice/reflection-prompts/age-appropriate-reflection-prompts.tsx

./src/components/restorative-justice/reflection-prompts/age-appropriate-reflection-prompts.tsx
Attempted import error: 'SelectItem' is not exported from '@/components/ui' (imported as 'SelectItem').

Import trace for requested module:
./src/components/restorative-justice/reflection-prompts/age-appropriate-reflection-prompts.tsx

./src/components/restorative-justice/reflection-prompts/age-appropriate-reflection-prompts.tsx
Attempted import error: 'Button' is not exported from '@/components/ui' (imported as 'Button').

Import trace for requested module:
./src/components/restorative-justice/reflection-prompts/age-appropriate-reflection-prompts.tsx

./src/components/restorative-justice/reflection-prompts/age-appropriate-reflection-prompts.tsx
Attempted import error: 'Button' is not exported from '@/components/ui' (imported as 'Button').

Import trace for requested module:
./src/components/restorative-justice/reflection-prompts/age-appropriate-reflection-prompts.tsx

./src/components/restorative-justice/reflection-prompts/age-appropriate-reflection-prompts.tsx
Attempted import error: 'Button' is not exported from '@/components/ui' (imported as 'Button').

Import trace for requested module:
./src/components/restorative-justice/reflection-prompts/age-appropriate-reflection-prompts.tsx

./src/components/restorative-justice/reflection-prompts/age-appropriate-reflection-prompts.tsx
Attempted import error: 'Button' is not exported from '@/components/ui' (imported as 'Button').

Import trace for requested module:
./src/components/restorative-justice/reflection-prompts/age-appropriate-reflection-prompts.tsx

./src/components/restorative-justice/reflection-prompts/age-appropriate-reflection-prompts.tsx
Attempted import error: 'Checkbox' is not exported from '@/components/ui' (imported as 'Checkbox').

Import trace for requested module:
./src/components/restorative-justice/reflection-prompts/age-appropriate-reflection-prompts.tsx

./src/components/restorative-justice/reflection-prompts/age-appropriate-reflection-prompts.tsx
Attempted import error: 'Checkbox' is not exported from '@/components/ui' (imported as 'Checkbox').

Import trace for requested module:
./src/components/restorative-justice/reflection-prompts/age-appropriate-reflection-prompts.tsx

./src/components/restorative-justice/reflection-prompts/age-appropriate-reflection-prompts.tsx
Attempted import error: 'Label' is not exported from '@/components/ui' (imported as 'Label').

Import trace for requested module:
./src/components/restorative-justice/reflection-prompts/age-appropriate-reflection-prompts.tsx

./src/components/restorative-justice/reflection-prompts/age-appropriate-reflection-prompts.tsx
Attempted import error: 'Input' is not exported from '@/components/ui' (imported as 'Input').

Import trace for requested module:
./src/components/restorative-justice/reflection-prompts/age-appropriate-reflection-prompts.tsx

./src/components/restorative-justice/reflection-prompts/age-appropriate-reflection-prompts.tsx
Attempted import error: 'Label' is not exported from '@/components/ui' (imported as 'Label').

Import trace for requested module:
./src/components/restorative-justice/reflection-prompts/age-appropriate-reflection-prompts.tsx

./src/components/restorative-justice/reflection-prompts/age-appropriate-reflection-prompts.tsx
Attempted import error: 'Input' is not exported from '@/components/ui' (imported as 'Input').

Import trace for requested module:
./src/components/restorative-justice/reflection-prompts/age-appropriate-reflection-prompts.tsx

./src/components/restorative-justice/reflection-prompts/age-appropriate-reflection-prompts.tsx
Attempted import error: 'Label' is not exported from '@/components/ui' (imported as 'Label').

Import trace for requested module:
./src/components/restorative-justice/reflection-prompts/age-appropriate-reflection-prompts.tsx

./src/components/restorative-justice/reflection-prompts/age-appropriate-reflection-prompts.tsx
Attempted import error: 'Select' is not exported from '@/components/ui' (imported as 'Select').

Import trace for requested module:
./src/components/restorative-justice/reflection-prompts/age-appropriate-reflection-prompts.tsx

./src/components/restorative-justice/reflection-prompts/age-appropriate-reflection-prompts.tsx
Attempted import error: 'SelectTrigger' is not exported from '@/components/ui' (imported as 'SelectTrigger').

Import trace for requested module:
./src/components/restorative-justice/reflection-prompts/age-appropriate-reflection-prompts.tsx

./src/components/restorative-justice/reflection-prompts/age-appropriate-reflection-prompts.tsx
Attempted import error: 'SelectValue' is not exported from '@/components/ui' (imported as 'SelectValue').

Import trace for requested module:
./src/components/restorative-justice/reflection-prompts/age-appropriate-reflection-prompts.tsx

./src/components/restorative-justice/reflection-prompts/age-appropriate-reflection-prompts.tsx
Attempted import error: 'SelectContent' is not exported from '@/components/ui' (imported as 'SelectContent').

Import trace for requested module:
./src/components/restorative-justice/reflection-prompts/age-appropriate-reflection-prompts.tsx

./src/components/restorative-justice/reflection-prompts/age-appropriate-reflection-prompts.tsx
Attempted import error: 'SelectItem' is not exported from '@/components/ui' (imported as 'SelectItem').

Import trace for requested module:
./src/components/restorative-justice/reflection-prompts/age-appropriate-reflection-prompts.tsx

./src/components/restorative-justice/reflection-prompts/age-appropriate-reflection-prompts.tsx
Attempted import error: 'SelectItem' is not exported from '@/components/ui' (imported as 'SelectItem').

Import trace for requested module:
./src/components/restorative-justice/reflection-prompts/age-appropriate-reflection-prompts.tsx

./src/components/restorative-justice/reflection-prompts/age-appropriate-reflection-prompts.tsx
Attempted import error: 'SelectItem' is not exported from '@/components/ui' (imported as 'SelectItem').

Import trace for requested module:
./src/components/restorative-justice/reflection-prompts/age-appropriate-reflection-prompts.tsx

./src/components/restorative-justice/reflection-prompts/age-appropriate-reflection-prompts.tsx
Attempted import error: 'SelectItem' is not exported from '@/components/ui' (imported as 'SelectItem').

Import trace for requested module:
./src/components/restorative-justice/reflection-prompts/age-appropriate-reflection-prompts.tsx

./src/components/restorative-justice/reflection-prompts/age-appropriate-reflection-prompts.tsx
Attempted import error: 'Label' is not exported from '@/components/ui' (imported as 'Label').

Import trace for requested module:
./src/components/restorative-justice/reflection-prompts/age-appropriate-reflection-prompts.tsx

./src/components/restorative-justice/reflection-prompts/age-appropriate-reflection-prompts.tsx
Attempted import error: 'Select' is not exported from '@/components/ui' (imported as 'Select').

Import trace for requested module:
./src/components/restorative-justice/reflection-prompts/age-appropriate-reflection-prompts.tsx

./src/components/restorative-justice/reflection-prompts/age-appropriate-reflection-prompts.tsx
Attempted import error: 'SelectTrigger' is not exported from '@/components/ui' (imported as 'SelectTrigger').

Import trace for requested module:
./src/components/restorative-justice/reflection-prompts/age-appropriate-reflection-prompts.tsx

./src/components/restorative-justice/reflection-prompts/age-appropriate-reflection-prompts.tsx
Attempted import error: 'SelectValue' is not exported from '@/components/ui' (imported as 'SelectValue').

Import trace for requested module:
./src/components/restorative-justice/reflection-prompts/age-appropriate-reflection-prompts.tsx

./src/components/restorative-justice/reflection-prompts/age-appropriate-reflection-prompts.tsx
Attempted import error: 'SelectContent' is not exported from '@/components/ui' (imported as 'SelectContent').

Import trace for requested module:
./src/components/restorative-justice/reflection-prompts/age-appropriate-reflection-prompts.tsx

./src/components/restorative-justice/reflection-prompts/age-appropriate-reflection-prompts.tsx
Attempted import error: 'SelectItem' is not exported from '@/components/ui' (imported as 'SelectItem').

Import trace for requested module:
./src/components/restorative-justice/reflection-prompts/age-appropriate-reflection-prompts.tsx

./src/components/restorative-justice/reflection-prompts/age-appropriate-reflection-prompts.tsx
Attempted import error: 'SelectItem' is not exported from '@/components/ui' (imported as 'SelectItem').

Import trace for requested module:
./src/components/restorative-justice/reflection-prompts/age-appropriate-reflection-prompts.tsx

./src/components/restorative-justice/reflection-prompts/age-appropriate-reflection-prompts.tsx
Attempted import error: 'SelectItem' is not exported from '@/components/ui' (imported as 'SelectItem').

Import trace for requested module:
./src/components/restorative-justice/reflection-prompts/age-appropriate-reflection-prompts.tsx

./src/components/restorative-justice/reflection-prompts/age-appropriate-reflection-prompts.tsx
Attempted import error: 'SelectItem' is not exported from '@/components/ui' (imported as 'SelectItem').

Import trace for requested module:
./src/components/restorative-justice/reflection-prompts/age-appropriate-reflection-prompts.tsx

./src/components/restorative-justice/reflection-prompts/age-appropriate-reflection-prompts.tsx
Attempted import error: 'SelectItem' is not exported from '@/components/ui' (imported as 'SelectItem').

Import trace for requested module:
./src/components/restorative-justice/reflection-prompts/age-appropriate-reflection-prompts.tsx

./src/components/restorative-justice/reflection-prompts/age-appropriate-reflection-prompts.tsx
Attempted import error: 'SelectItem' is not exported from '@/components/ui' (imported as 'SelectItem').

Import trace for requested module:
./src/components/restorative-justice/reflection-prompts/age-appropriate-reflection-prompts.tsx

./src/components/restorative-justice/reflection-prompts/age-appropriate-reflection-prompts.tsx
Attempted import error: 'SelectItem' is not exported from '@/components/ui' (imported as 'SelectItem').

Import trace for requested module:
./src/components/restorative-justice/reflection-prompts/age-appropriate-reflection-prompts.tsx

./src/components/restorative-justice/reflection-prompts/age-appropriate-reflection-prompts.tsx
Attempted import error: 'SelectItem' is not exported from '@/components/ui' (imported as 'SelectItem').

Import trace for requested module:
./src/components/restorative-justice/reflection-prompts/age-appropriate-reflection-prompts.tsx

./src/components/restorative-justice/reflection-prompts/age-appropriate-reflection-prompts.tsx
Attempted import error: 'SelectItem' is not exported from '@/components/ui' (imported as 'SelectItem').

Import trace for requested module:
./src/components/restorative-justice/reflection-prompts/age-appropriate-reflection-prompts.tsx

./src/components/restorative-justice/reflection-prompts/age-appropriate-reflection-prompts.tsx
Attempted import error: 'SelectItem' is not exported from '@/components/ui' (imported as 'SelectItem').

Import trace for requested module:
./src/components/restorative-justice/reflection-prompts/age-appropriate-reflection-prompts.tsx

./src/components/restorative-justice/reflection-prompts/age-appropriate-reflection-prompts.tsx
Attempted import error: 'SelectItem' is not exported from '@/components/ui' (imported as 'SelectItem').

Import trace for requested module:
./src/components/restorative-justice/reflection-prompts/age-appropriate-reflection-prompts.tsx

./src/components/restorative-justice/reflection-prompts/age-appropriate-reflection-prompts.tsx
Attempted import error: 'SelectItem' is not exported from '@/components/ui' (imported as 'SelectItem').

Import trace for requested module:
./src/components/restorative-justice/reflection-prompts/age-appropriate-reflection-prompts.tsx

./src/components/restorative-justice/reflection-prompts/age-appropriate-reflection-prompts.tsx
Attempted import error: 'SelectItem' is not exported from '@/components/ui' (imported as 'SelectItem').

Import trace for requested module:
./src/components/restorative-justice/reflection-prompts/age-appropriate-reflection-prompts.tsx

./src/components/restorative-justice/reflection-prompts/age-appropriate-reflection-prompts.tsx
Attempted import error: 'Label' is not exported from '@/components/ui' (imported as 'Label').

Import trace for requested module:
./src/components/restorative-justice/reflection-prompts/age-appropriate-reflection-prompts.tsx

./src/components/restorative-justice/reflection-prompts/age-appropriate-reflection-prompts.tsx
Attempted import error: 'Textarea' is not exported from '@/components/ui' (imported as 'Textarea').

Import trace for requested module:
./src/components/restorative-justice/reflection-prompts/age-appropriate-reflection-prompts.tsx

./src/components/restorative-justice/reflection-prompts/age-appropriate-reflection-prompts.tsx
Attempted import error: 'Label' is not exported from '@/components/ui' (imported as 'Label').

Import trace for requested module:
./src/components/restorative-justice/reflection-prompts/age-appropriate-reflection-prompts.tsx

./src/components/restorative-justice/reflection-prompts/age-appropriate-reflection-prompts.tsx
Attempted import error: 'Button' is not exported from '@/components/ui' (imported as 'Button').

Import trace for requested module:
./src/components/restorative-justice/reflection-prompts/age-appropriate-reflection-prompts.tsx

./src/components/restorative-justice/reflection-prompts/age-appropriate-reflection-prompts.tsx
Attempted import error: 'Input' is not exported from '@/components/ui' (imported as 'Input').

Import trace for requested module:
./src/components/restorative-justice/reflection-prompts/age-appropriate-reflection-prompts.tsx

./src/components/restorative-justice/reflection-prompts/age-appropriate-reflection-prompts.tsx
Attempted import error: 'Button' is not exported from '@/components/ui' (imported as 'Button').

Import trace for requested module:
./src/components/restorative-justice/reflection-prompts/age-appropriate-reflection-prompts.tsx

./src/components/restorative-justice/reflection-prompts/age-appropriate-reflection-prompts.tsx
Attempted import error: 'Label' is not exported from '@/components/ui' (imported as 'Label').

Import trace for requested module:
./src/components/restorative-justice/reflection-prompts/age-appropriate-reflection-prompts.tsx

./src/components/restorative-justice/reflection-prompts/age-appropriate-reflection-prompts.tsx
Attempted import error: 'Checkbox' is not exported from '@/components/ui' (imported as 'Checkbox').

Import trace for requested module:
./src/components/restorative-justice/reflection-prompts/age-appropriate-reflection-prompts.tsx

./src/components/restorative-justice/reflection-prompts/age-appropriate-reflection-prompts.tsx
Attempted import error: 'Checkbox' is not exported from '@/components/ui' (imported as 'Checkbox').

Import trace for requested module:
./src/components/restorative-justice/reflection-prompts/age-appropriate-reflection-prompts.tsx

./src/components/restorative-justice/reflection-prompts/age-appropriate-reflection-prompts.tsx
Attempted import error: 'Button' is not exported from '@/components/ui' (imported as 'Button').

Import trace for requested module:
./src/components/restorative-justice/reflection-prompts/age-appropriate-reflection-prompts.tsx

./src/components/restorative-justice/reflection-prompts/age-appropriate-reflection-prompts.tsx
Attempted import error: 'Button' is not exported from '@/components/ui' (imported as 'Button').

Import trace for requested module:
./src/components/restorative-justice/reflection-prompts/age-appropriate-reflection-prompts.tsx

./src/lib/auth/users.ts
Attempted import error: 'db' is not exported from '../db' (imported as 'db').

Import trace for requested module:
./src/lib/auth/users.ts

./src/lib/auth/users.ts
Attempted import error: 'db' is not exported from '../db' (imported as 'db').

Import trace for requested module:
./src/lib/auth/users.ts

./src/lib/auth/users.ts
Attempted import error: 'db' is not exported from '../db' (imported as 'db').

Import trace for requested module:
./src/lib/auth/users.ts

./src/lib/auth/users.ts
Attempted import error: 'db' is not exported from '../db' (imported as 'db').

Import trace for requested module:
./src/lib/auth/users.ts

./src/lib/auth/users.ts
Attempted import error: 'db' is not exported from '../db' (imported as 'db').

Import trace for requested module:
./src/lib/auth/users.ts

./src/lib/auth/users.ts
Attempted import error: 'db' is not exported from '../db' (imported as 'db').

Import trace for requested module:
./src/lib/auth/users.ts

./src/lib/auth/users.ts
Attempted import error: 'db' is not exported from '../db' (imported as 'db').

Import trace for requested module:
./src/lib/auth/users.ts

./src/lib/auth/users.ts
Attempted import error: 'db' is not exported from '../db' (imported as 'db').

Import trace for requested module:
./src/lib/auth/users.ts

./src/lib/auth/users.ts
Attempted import error: 'db' is not exported from '../db' (imported as 'db').

Import trace for requested module:
./src/lib/auth/users.ts

./src/lib/auth/users.ts
Attempted import error: 'db' is not exported from '../db' (imported as 'db').

Import trace for requested module:
./src/lib/auth/users.ts

./src/lib/auth/users.ts
Attempted import error: 'db' is not exported from '../db' (imported as 'db').

Import trace for requested module:
./src/lib/auth/users.ts

./src/components/blog/BlogForm.tsx
Attempted import error: 'FormDescription' is not exported from '@/components/ui/form' (imported as 'FormDescription').

Import trace for requested module:
./src/components/blog/BlogForm.tsx
./src/pages/blog/new.tsx

./src/components/blog/BlogForm.tsx
Attempted import error: 'FormDescription' is not exported from '@/components/ui/form' (imported as 'FormDescription').

Import trace for requested module:
./src/components/blog/BlogForm.tsx
./src/pages/blog/new.tsx

./src/components/blog/BlogForm.tsx
Attempted import error: 'FormDescription' is not exported from '@/components/ui/form' (imported as 'FormDescription').

Import trace for requested module:
./src/components/blog/BlogForm.tsx
./src/pages/blog/new.tsx

./src/components/blog/BlogForm.tsx
Attempted import error: 'FormDescription' is not exported from '@/components/ui/form' (imported as 'FormDescription').

Import trace for requested module:
./src/components/blog/BlogForm.tsx
./src/pages/blog/new.tsx

./src/components/blog/BlogForm.tsx
Attempted import error: 'FormDescription' is not exported from '@/components/ui/form' (imported as 'FormDescription').

Import trace for requested module:
./src/components/blog/BlogForm.tsx
./src/pages/blog/new.tsx

./src/components/blog/BlogForm.tsx
Attempted import error: 'FormDescription' is not exported from '@/components/ui/form' (imported as 'FormDescription').

Import trace for requested module:
./src/components/blog/BlogForm.tsx
./src/pages/blog/new.tsx

./src/components/blog/BlogGenerationForm.tsx
Attempted import error: 'FormDescription' is not exported from '@/components/ui/form' (imported as 'FormDescription').

Import trace for requested module:
./src/components/blog/BlogGenerationForm.tsx
./src/components/blog/BlogAdminDashboard.tsx
./src/pages/blog/admin.tsx

./src/components/faq/FAQForm.tsx
Attempted import error: 'FormDescription' is not exported from '@/components/ui/form' (imported as 'FormDescription').

Import trace for requested module:
./src/components/faq/FAQForm.tsx
./src/pages/faq/new.tsx

./src/components/faq/FAQForm.tsx
Attempted import error: 'FormDescription' is not exported from '@/components/ui/form' (imported as 'FormDescription').

Import trace for requested module:
./src/components/faq/FAQForm.tsx
./src/pages/faq/new.tsx

./src/components/faq/FAQForm.tsx
Attempted import error: 'FormDescription' is not exported from '@/components/ui/form' (imported as 'FormDescription').

Import trace for requested module:
./src/components/faq/FAQForm.tsx
./src/pages/faq/new.tsx

./src/components/faq/FAQForm.tsx
Attempted import error: 'FormDescription' is not exported from '@/components/ui/form' (imported as 'FormDescription').

Import trace for requested module:
./src/components/faq/FAQForm.tsx
./src/pages/faq/new.tsx

./src/components/faq/FAQForm.tsx
Attempted import error: 'FormDescription' is not exported from '@/components/ui/form' (imported as 'FormDescription').

Import trace for requested module:
./src/components/faq/FAQForm.tsx
./src/pages/faq/new.tsx

./src/components/faq/FAQForm.tsx
Attempted import error: 'FormDescription' is not exported from '@/components/ui/form' (imported as 'FormDescription').

Import trace for requested module:
./src/components/faq/FAQForm.tsx
./src/pages/faq/new.tsx

./src/lib/auth/auth-options.ts
Attempted import error: 'prisma' is not exported from '../db' (imported as 'prisma').

Import trace for requested module:
./src/lib/auth/auth-options.ts
./src/lib/auth.js
./src/pages/blog/admin.tsx

./src/pages/blog/[slug].tsx
Attempted import error: 'prisma' is not exported from '@/lib/db' (imported as 'prisma').

Import trace for requested module:
./src/pages/blog/[slug].tsx

./src/pages/blog/[slug].tsx
Attempted import error: 'prisma' is not exported from '@/lib/db' (imported as 'prisma').

Import trace for requested module:
./src/pages/blog/[slug].tsx

./src/pages/blog/[slug].tsx
Attempted import error: 'prisma' is not exported from '@/lib/db' (imported as 'prisma').

Import trace for requested module:
./src/pages/blog/[slug].tsx

./src/pages/blog/categories.tsx
Attempted import error: 'prisma' is not exported from '@/lib/db' (imported as 'prisma').

Import trace for requested module:
./src/pages/blog/categories.tsx

./src/pages/blog/new.tsx
Attempted import error: 'prisma' is not exported from '@/lib/db' (imported as 'prisma').

Import trace for requested module:
./src/pages/blog/new.tsx

./src/pages/faq/edit/[id].tsx
Attempted import error: 'prisma' is not exported from '@/lib/db' (imported as 'prisma').

Import trace for requested module:
./src/pages/faq/edit/[id].tsx

./src/pages/faq/edit/[id].tsx
Attempted import error: 'prisma' is not exported from '@/lib/db' (imported as 'prisma').

Import trace for requested module:
./src/pages/faq/edit/[id].tsx

./src/pages/faq/index.tsx
Attempted import error: 'prisma' is not exported from '@/lib/db' (imported as 'prisma').

Import trace for requested module:
./src/pages/faq/index.tsx

./src/pages/faq/index.tsx
Attempted import error: 'prisma' is not exported from '@/lib/db' (imported as 'prisma').

Import trace for requested module:
./src/pages/faq/index.tsx

./src/pages/faq/new.tsx
Attempted import error: 'prisma' is not exported from '@/lib/db' (imported as 'prisma').

Import trace for requested module:
./src/pages/faq/new.tsx

./src/pages/faq/questions/[id].tsx
Attempted import error: 'prisma' is not exported from '@/lib/db' (imported as 'prisma').

Import trace for requested module:
./src/pages/faq/questions/[id].tsx

./src/pages/faq/questions/[id].tsx
Attempted import error: 'prisma' is not exported from '@/lib/db' (imported as 'prisma').

Import trace for requested module:
./src/pages/faq/questions/[id].tsx

./src/pages/faq/questions/[id].tsx
Attempted import error: 'prisma' is not exported from '@/lib/db' (imported as 'prisma').

Import trace for requested module:
./src/pages/faq/questions/[id].tsx

./src/app/accessibility/high-contrast/page.tsx
Attempted import error: 'AlertTitle' is not exported from '@/components/ui/alert' (imported as 'AlertTitle').

Import trace for requested module:
./src/app/accessibility/high-contrast/page.tsx

./src/app/accessibility/keyboard-navigation/page.tsx
Attempted import error: 'AlertTitle' is not exported from '@/components/ui/alert' (imported as 'AlertTitle').

Import trace for requested module:
./src/app/accessibility/keyboard-navigation/page.tsx

./src/app/accessibility/reduced-motion/page.tsx
Attempted import error: 'AlertTitle' is not exported from '@/components/ui/alert' (imported as 'AlertTitle').

Import trace for requested module:
./src/app/accessibility/reduced-motion/page.tsx

./src/app/accessibility/screen-reader-optimization/page.tsx
Attempted import error: 'AlertTitle' is not exported from '@/components/ui/alert' (imported as 'AlertTitle').

Import trace for requested module:
./src/app/accessibility/screen-reader-optimization/page.tsx

./src/app/resources/create/page.tsx
Attempted import error: 'AlertTitle' is not exported from '@/components/ui/alert' (imported as 'AlertTitle').

Import trace for requested module:
./src/app/resources/create/page.tsx

./src/app/special-needs/personalized-interventions/page.tsx
Attempted import error: 'AlertTitle' is not exported from '@/components/ui/alert' (imported as 'AlertTitle').

Import trace for requested module:
./src/app/special-needs/personalized-interventions/page.tsx

./src/app/special-needs/progress-monitoring/page.tsx
Attempted import error: 'AlertTitle' is not exported from '@/components/ui/alert' (imported as 'AlertTitle').

Import trace for requested module:
./src/app/special-needs/progress-monitoring/page.tsx

./src/app/special-needs/sensory-regulation/page.tsx
Attempted import error: 'AlertTitle' is not exported from '@/components/ui/alert' (imported as 'AlertTitle').

Import trace for requested module:
./src/app/special-needs/sensory-regulation/page.tsx

./src/app/speech-recognition/page.tsx
Attempted import error: 'AlertTitle' is not exported from '@/components/ui/alert' (imported as 'AlertTitle').

Import trace for requested module:
./src/app/speech-recognition/page.tsx

./src/components/ai/accessibility/speech-to-text-engine.tsx
Attempted import error: 'AlertTitle' is not exported from '@/components/ui/alert' (imported as 'AlertTitle').

Import trace for requested module:
./src/components/ai/accessibility/speech-to-text-engine.tsx
./src/app/accessibility/speech-to-text/page.tsx

./src/components/ai/speech-recognition/advanced-speech-recognition.tsx
Attempted import error: 'AlertTitle' is not exported from '@/components/ui/alert' (imported as 'AlertTitle').

Import trace for requested module:
./src/components/ai/speech-recognition/advanced-speech-recognition.tsx
./src/app/speech-recognition/page.tsx

./src/components/ai/speech-recognition/advanced-speech-recognition.tsx
Attempted import error: 'AlertTitle' is not exported from '@/components/ui/alert' (imported as 'AlertTitle').

Import trace for requested module:
./src/components/ai/speech-recognition/advanced-speech-recognition.tsx
./src/app/speech-recognition/page.tsx

./src/components/ai/speech-recognition/advanced-speech-recognition.tsx
Attempted import error: 'AlertTitle' is not exported from '@/components/ui/alert' (imported as 'AlertTitle').

Import trace for requested module:
./src/components/ai/speech-recognition/advanced-speech-recognition.tsx
./src/app/speech-recognition/page.tsx

./src/components/ai/speech-recognition/advanced-speech-recognition.tsx
Attempted import error: 'AlertTitle' is not exported from '@/components/ui/alert' (imported as 'AlertTitle').

Import trace for requested module:
./src/components/ai/speech-recognition/advanced-speech-recognition.tsx
./src/app/speech-recognition/page.tsx

./src/components/error-boundary/error-boundary-integration.tsx
Attempted import error: 'AlertTitle' is not exported from '@/components/ui/alert' (imported as 'AlertTitle').

Import trace for requested module:
./src/components/error-boundary/error-boundary-integration.tsx
./src/app/error-boundary-integration/page.tsx

./src/components/error-boundary/error-boundary-integration.tsx
Attempted import error: 'AlertTitle' is not exported from '@/components/ui/alert' (imported as 'AlertTitle').

Import trace for requested module:
./src/components/error-boundary/error-boundary-integration.tsx
./src/app/error-boundary-integration/page.tsx

./src/components/error-boundary/error-boundary-integration.tsx
Attempted import error: 'AlertTitle' is not exported from '@/components/ui/alert' (imported as 'AlertTitle').

Import trace for requested module:
./src/components/error-boundary/error-boundary-integration.tsx
./src/app/error-boundary-integration/page.tsx

./src/components/error-boundary/error-boundary.tsx
Attempted import error: 'AlertTitle' is not exported from '@/components/ui/alert' (imported as 'AlertTitle').

Import trace for requested module:
./src/components/error-boundary/error-boundary.tsx
./src/components/error-boundary/error-boundary-test.tsx
./src/app/error-boundary-test/page.tsx

./src/components/heygen/heygen-video-generation.tsx
Attempted import error: 'AlertTitle' is not exported from '@/components/ui/alert' (imported as 'AlertTitle').

Import trace for requested module:
./src/components/heygen/heygen-video-generation.tsx
./src/app/ai-avatar-videos/generate/page.tsx

./src/components/heygen/heygen-video-generation.tsx
Attempted import error: 'AlertTitle' is not exported from '@/components/ui/alert' (imported as 'AlertTitle').

Import trace for requested module:
./src/components/heygen/heygen-video-generation.tsx
./src/app/ai-avatar-videos/generate/page.tsx

./src/components/restorative-justice/agreement-tracking/agreement-tracking-system.tsx
Attempted import error: 'Badge' is not exported from '@/components/ui' (imported as 'Badge').

Import trace for requested module:
./src/components/restorative-justice/agreement-tracking/agreement-tracking-system.tsx

./src/components/restorative-justice/agreement-tracking/agreement-tracking-system.tsx
Attempted import error: 'Button' is not exported from '@/components/ui' (imported as 'Button').

Import trace for requested module:
./src/components/restorative-justice/agreement-tracking/agreement-tracking-system.tsx

./src/components/restorative-justice/agreement-tracking/agreement-tracking-system.tsx
Attempted import error: 'Button' is not exported from '@/components/ui' (imported as 'Button').

Import trace for requested module:
./src/components/restorative-justice/agreement-tracking/agreement-tracking-system.tsx

./src/components/restorative-justice/agreement-tracking/agreement-tracking-system.tsx
Attempted import error: 'Button' is not exported from '@/components/ui' (imported as 'Button').

Import trace for requested module:
./src/components/restorative-justice/agreement-tracking/agreement-tracking-system.tsx

./src/components/restorative-justice/agreement-tracking/agreement-tracking-system.tsx
Attempted import error: 'Progress' is not exported from '@/components/ui' (imported as 'Progress').

Import trace for requested module:
./src/components/restorative-justice/agreement-tracking/agreement-tracking-system.tsx

./src/components/restorative-justice/agreement-tracking/agreement-tracking-system.tsx
Attempted import error: 'Label' is not exported from '@/components/ui' (imported as 'Label').

Import trace for requested module:
./src/components/restorative-justice/agreement-tracking/agreement-tracking-system.tsx

./src/components/restorative-justice/agreement-tracking/agreement-tracking-system.tsx
Attempted import error: 'Input' is not exported from '@/components/ui' (imported as 'Input').

Import trace for requested module:
./src/components/restorative-justice/agreement-tracking/agreement-tracking-system.tsx

./src/components/restorative-justice/agreement-tracking/agreement-tracking-system.tsx
Attempted import error: 'Label' is not exported from '@/components/ui' (imported as 'Label').

Import trace for requested module:
./src/components/restorative-justice/agreement-tracking/agreement-tracking-system.tsx

./src/components/restorative-justice/agreement-tracking/agreement-tracking-system.tsx
Attempted import error: 'Select' is not exported from '@/components/ui' (imported as 'Select').

Import trace for requested module:
./src/components/restorative-justice/agreement-tracking/agreement-tracking-system.tsx

./src/components/restorative-justice/agreement-tracking/agreement-tracking-system.tsx
Attempted import error: 'SelectTrigger' is not exported from '@/components/ui' (imported as 'SelectTrigger').

Import trace for requested module:
./src/components/restorative-justice/agreement-tracking/agreement-tracking-system.tsx

./src/components/restorative-justice/agreement-tracking/agreement-tracking-system.tsx
Attempted import error: 'SelectValue' is not exported from '@/components/ui' (imported as 'SelectValue').

Import trace for requested module:
./src/components/restorative-justice/agreement-tracking/agreement-tracking-system.tsx

./src/components/restorative-justice/agreement-tracking/agreement-tracking-system.tsx
Attempted import error: 'SelectContent' is not exported from '@/components/ui' (imported as 'SelectContent').

Import trace for requested module:
./src/components/restorative-justice/agreement-tracking/agreement-tracking-system.tsx

./src/components/restorative-justice/agreement-tracking/agreement-tracking-system.tsx
Attempted import error: 'SelectItem' is not exported from '@/components/ui' (imported as 'SelectItem').

Import trace for requested module:
./src/components/restorative-justice/agreement-tracking/agreement-tracking-system.tsx

./src/components/restorative-justice/agreement-tracking/agreement-tracking-system.tsx
Attempted import error: 'SelectItem' is not exported from '@/components/ui' (imported as 'SelectItem').

Import trace for requested module:
./src/components/restorative-justice/agreement-tracking/agreement-tracking-system.tsx

./src/components/restorative-justice/agreement-tracking/agreement-tracking-system.tsx
Attempted import error: 'SelectItem' is not exported from '@/components/ui' (imported as 'SelectItem').

Import trace for requested module:
./src/components/restorative-justice/agreement-tracking/agreement-tracking-system.tsx

./src/components/restorative-justice/agreement-tracking/agreement-tracking-system.tsx
Attempted import error: 'SelectItem' is not exported from '@/components/ui' (imported as 'SelectItem').

Import trace for requested module:
./src/components/restorative-justice/agreement-tracking/agreement-tracking-system.tsx

./src/components/restorative-justice/agreement-tracking/agreement-tracking-system.tsx
Attempted import error: 'Label' is not exported from '@/components/ui' (imported as 'Label').

Import trace for requested module:
./src/components/restorative-justice/agreement-tracking/agreement-tracking-system.tsx

./src/components/restorative-justice/agreement-tracking/agreement-tracking-system.tsx
Attempted import error: 'Select' is not exported from '@/components/ui' (imported as 'Select').

Import trace for requested module:
./src/components/restorative-justice/agreement-tracking/agreement-tracking-system.tsx

./src/components/restorative-justice/agreement-tracking/agreement-tracking-system.tsx
Attempted import error: 'SelectTrigger' is not exported from '@/components/ui' (imported as 'SelectTrigger').

Import trace for requested module:
./src/components/restorative-justice/agreement-tracking/agreement-tracking-system.tsx

./src/components/restorative-justice/agreement-tracking/agreement-tracking-system.tsx
Attempted import error: 'SelectValue' is not exported from '@/components/ui' (imported as 'SelectValue').

Import trace for requested module:
./src/components/restorative-justice/agreement-tracking/agreement-tracking-system.tsx

./src/components/restorative-justice/agreement-tracking/agreement-tracking-system.tsx
Attempted import error: 'SelectContent' is not exported from '@/components/ui' (imported as 'SelectContent').

Import trace for requested module:
./src/components/restorative-justice/agreement-tracking/agreement-tracking-system.tsx

./src/components/restorative-justice/agreement-tracking/agreement-tracking-system.tsx
Attempted import error: 'SelectItem' is not exported from '@/components/ui' (imported as 'SelectItem').

Import trace for requested module:
./src/components/restorative-justice/agreement-tracking/agreement-tracking-system.tsx

./src/components/restorative-justice/agreement-tracking/agreement-tracking-system.tsx
Attempted import error: 'SelectItem' is not exported from '@/components/ui' (imported as 'SelectItem').

Import trace for requested module:
./src/components/restorative-justice/agreement-tracking/agreement-tracking-system.tsx

./src/components/restorative-justice/agreement-tracking/agreement-tracking-system.tsx
Attempted import error: 'SelectItem' is not exported from '@/components/ui' (imported as 'SelectItem').

Import trace for requested module:
./src/components/restorative-justice/agreement-tracking/agreement-tracking-system.tsx

./src/components/restorative-justice/agreement-tracking/agreement-tracking-system.tsx
Attempted import error: 'SelectItem' is not exported from '@/components/ui' (imported as 'SelectItem').

Import trace for requested module:
./src/components/restorative-justice/agreement-tracking/agreement-tracking-system.tsx

./src/components/restorative-justice/agreement-tracking/agreement-tracking-system.tsx
Attempted import error: 'SelectItem' is not exported from '@/components/ui' (imported as 'SelectItem').

Import trace for requested module:
./src/components/restorative-justice/agreement-tracking/agreement-tracking-system.tsx

./src/components/restorative-justice/agreement-tracking/agreement-tracking-system.tsx
Attempted import error: 'SelectItem' is not exported from '@/components/ui' (imported as 'SelectItem').

Import trace for requested module:
./src/components/restorative-justice/agreement-tracking/agreement-tracking-system.tsx

./src/components/restorative-justice/agreement-tracking/agreement-tracking-system.tsx
Attempted import error: 'Table' is not exported from '@/components/ui' (imported as 'Table').

Import trace for requested module:
./src/components/restorative-justice/agreement-tracking/agreement-tracking-system.tsx

./src/components/restorative-justice/agreement-tracking/agreement-tracking-system.tsx
Attempted import error: 'TableHeader' is not exported from '@/components/ui' (imported as 'TableHeader').

Import trace for requested module:
./src/components/restorative-justice/agreement-tracking/agreement-tracking-system.tsx

./src/components/restorative-justice/agreement-tracking/agreement-tracking-system.tsx
Attempted import error: 'TableRow' is not exported from '@/components/ui' (imported as 'TableRow').

Import trace for requested module:
./src/components/restorative-justice/agreement-tracking/agreement-tracking-system.tsx

./src/components/restorative-justice/agreement-tracking/agreement-tracking-system.tsx
Attempted import error: 'TableHead' is not exported from '@/components/ui' (imported as 'TableHead').

Import trace for requested module:
./src/components/restorative-justice/agreement-tracking/agreement-tracking-system.tsx

./src/components/restorative-justice/agreement-tracking/agreement-tracking-system.tsx
Attempted import error: 'TableHead' is not exported from '@/components/ui' (imported as 'TableHead').

Import trace for requested module:
./src/components/restorative-justice/agreement-tracking/agreement-tracking-system.tsx

./src/components/restorative-justice/agreement-tracking/agreement-tracking-system.tsx
Attempted import error: 'TableHead' is not exported from '@/components/ui' (imported as 'TableHead').

Import trace for requested module:
./src/components/restorative-justice/agreement-tracking/agreement-tracking-system.tsx

./src/components/restorative-justice/agreement-tracking/agreement-tracking-system.tsx
Attempted import error: 'TableHead' is not exported from '@/components/ui' (imported as 'TableHead').

Import trace for requested module:
./src/components/restorative-justice/agreement-tracking/agreement-tracking-system.tsx

./src/components/restorative-justice/agreement-tracking/agreement-tracking-system.tsx
Attempted import error: 'TableHead' is not exported from '@/components/ui' (imported as 'TableHead').

Import trace for requested module:
./src/components/restorative-justice/agreement-tracking/agreement-tracking-system.tsx

./src/components/restorative-justice/agreement-tracking/agreement-tracking-system.tsx
Attempted import error: 'TableHead' is not exported from '@/components/ui' (imported as 'TableHead').

Import trace for requested module:
./src/components/restorative-justice/agreement-tracking/agreement-tracking-system.tsx

./src/components/restorative-justice/agreement-tracking/agreement-tracking-system.tsx
Attempted import error: 'TableBody' is not exported from '@/components/ui' (imported as 'TableBody').

Import trace for requested module:
./src/components/restorative-justice/agreement-tracking/agreement-tracking-system.tsx

./src/components/restorative-justice/agreement-tracking/agreement-tracking-system.tsx
Attempted import error: 'TableRow' is not exported from '@/components/ui' (imported as 'TableRow').

Import trace for requested module:
./src/components/restorative-justice/agreement-tracking/agreement-tracking-system.tsx

./src/components/restorative-justice/agreement-tracking/agreement-tracking-system.tsx
Attempted import error: 'TableCell' is not exported from '@/components/ui' (imported as 'TableCell').

Import trace for requested module:
./src/components/restorative-justice/agreement-tracking/agreement-tracking-system.tsx

./src/components/restorative-justice/agreement-tracking/agreement-tracking-system.tsx
Attempted import error: 'TableCell' is not exported from '@/components/ui' (imported as 'TableCell').

Import trace for requested module:
./src/components/restorative-justice/agreement-tracking/agreement-tracking-system.tsx

./src/components/restorative-justice/agreement-tracking/agreement-tracking-system.tsx
Attempted import error: 'TableCell' is not exported from '@/components/ui' (imported as 'TableCell').

Import trace for requested module:
./src/components/restorative-justice/agreement-tracking/agreement-tracking-system.tsx

./src/components/restorative-justice/agreement-tracking/agreement-tracking-system.tsx
Attempted import error: 'Badge' is not exported from '@/components/ui' (imported as 'Badge').

Import trace for requested module:
./src/components/restorative-justice/agreement-tracking/agreement-tracking-system.tsx

./src/components/restorative-justice/agreement-tracking/agreement-tracking-system.tsx
Attempted import error: 'TableCell' is not exported from '@/components/ui' (imported as 'TableCell').

Import trace for requested module:
./src/components/restorative-justice/agreement-tracking/agreement-tracking-system.tsx

./src/components/restorative-justice/agreement-tracking/agreement-tracking-system.tsx
Attempted import error: 'Progress' is not exported from '@/components/ui' (imported as 'Progress').

Import trace for requested module:
./src/components/restorative-justice/agreement-tracking/agreement-tracking-system.tsx

./src/components/restorative-justice/agreement-tracking/agreement-tracking-system.tsx
Attempted import error: 'TableCell' is not exported from '@/components/ui' (imported as 'TableCell').

Import trace for requested module:
./src/components/restorative-justice/agreement-tracking/agreement-tracking-system.tsx

./src/components/restorative-justice/agreement-tracking/agreement-tracking-system.tsx
Attempted import error: 'TableCell' is not exported from '@/components/ui' (imported as 'TableCell').

Import trace for requested module:
./src/components/restorative-justice/agreement-tracking/agreement-tracking-system.tsx

./src/components/restorative-justice/agreement-tracking/agreement-tracking-system.tsx
Attempted import error: 'Button' is not exported from '@/components/ui' (imported as 'Button').

Import trace for requested module:
./src/components/restorative-justice/agreement-tracking/agreement-tracking-system.tsx

./src/components/restorative-justice/agreement-tracking/agreement-tracking-system.tsx
Attempted import error: 'TableRow' is not exported from '@/components/ui' (imported as 'TableRow').

Import trace for requested module:
./src/components/restorative-justice/agreement-tracking/agreement-tracking-system.tsx

./src/components/restorative-justice/agreement-tracking/agreement-tracking-system.tsx
Attempted import error: 'TableCell' is not exported from '@/components/ui' (imported as 'TableCell').

Import trace for requested module:
./src/components/restorative-justice/agreement-tracking/agreement-tracking-system.tsx

./src/components/restorative-justice/agreement-tracking/agreement-tracking-system.tsx
Attempted import error: 'Button' is not exported from '@/components/ui' (imported as 'Button').

Import trace for requested module:
./src/components/restorative-justice/agreement-tracking/agreement-tracking-system.tsx

./src/components/restorative-justice/agreement-tracking/agreement-tracking-system.tsx
Attempted import error: 'Badge' is not exported from '@/components/ui' (imported as 'Badge').

Import trace for requested module:
./src/components/restorative-justice/agreement-tracking/agreement-tracking-system.tsx

./src/components/restorative-justice/agreement-tracking/agreement-tracking-system.tsx
Attempted import error: 'Button' is not exported from '@/components/ui' (imported as 'Button').

Import trace for requested module:
./src/components/restorative-justice/agreement-tracking/agreement-tracking-system.tsx

./src/components/restorative-justice/agreement-tracking/agreement-tracking-system.tsx
Attempted import error: 'Button' is not exported from '@/components/ui' (imported as 'Button').

Import trace for requested module:
./src/components/restorative-justice/agreement-tracking/agreement-tracking-system.tsx

./src/components/restorative-justice/agreement-tracking/agreement-tracking-system.tsx
Attempted import error: 'Progress' is not exported from '@/components/ui' (imported as 'Progress').

Import trace for requested module:
./src/components/restorative-justice/agreement-tracking/agreement-tracking-system.tsx

./src/components/restorative-justice/agreement-tracking/agreement-tracking-system.tsx
Attempted import error: 'Badge' is not exported from '@/components/ui' (imported as 'Badge').

Import trace for requested module:
./src/components/restorative-justice/agreement-tracking/agreement-tracking-system.tsx

./src/components/restorative-justice/agreement-tracking/agreement-tracking-system.tsx
Attempted import error: 'Select' is not exported from '@/components/ui' (imported as 'Select').

Import trace for requested module:
./src/components/restorative-justice/agreement-tracking/agreement-tracking-system.tsx

./src/components/restorative-justice/agreement-tracking/agreement-tracking-system.tsx
Attempted import error: 'SelectTrigger' is not exported from '@/components/ui' (imported as 'SelectTrigger').

Import trace for requested module:
./src/components/restorative-justice/agreement-tracking/agreement-tracking-system.tsx

./src/components/restorative-justice/agreement-tracking/agreement-tracking-system.tsx
Attempted import error: 'SelectValue' is not exported from '@/components/ui' (imported as 'SelectValue').

Import trace for requested module:
./src/components/restorative-justice/agreement-tracking/agreement-tracking-system.tsx

./src/components/restorative-justice/agreement-tracking/agreement-tracking-system.tsx
Attempted import error: 'SelectContent' is not exported from '@/components/ui' (imported as 'SelectContent').

Import trace for requested module:
./src/components/restorative-justice/agreement-tracking/agreement-tracking-system.tsx

./src/components/restorative-justice/agreement-tracking/agreement-tracking-system.tsx
Attempted import error: 'SelectItem' is not exported from '@/components/ui' (imported as 'SelectItem').

Import trace for requested module:
./src/components/restorative-justice/agreement-tracking/agreement-tracking-system.tsx

./src/components/restorative-justice/agreement-tracking/agreement-tracking-system.tsx
Attempted import error: 'SelectItem' is not exported from '@/components/ui' (imported as 'SelectItem').

Import trace for requested module:
./src/components/restorative-justice/agreement-tracking/agreement-tracking-system.tsx

./src/components/restorative-justice/agreement-tracking/agreement-tracking-system.tsx
Attempted import error: 'SelectItem' is not exported from '@/components/ui' (imported as 'SelectItem').

Import trace for requested module:
./src/components/restorative-justice/agreement-tracking/agreement-tracking-system.tsx

./src/components/restorative-justice/agreement-tracking/agreement-tracking-system.tsx
Attempted import error: 'SelectItem' is not exported from '@/components/ui' (imported as 'SelectItem').

Import trace for requested module:
./src/components/restorative-justice/agreement-tracking/agreement-tracking-system.tsx

./src/components/restorative-justice/agreement-tracking/agreement-tracking-system.tsx
Attempted import error: 'Button' is not exported from '@/components/ui' (imported as 'Button').

Import trace for requested module:
./src/components/restorative-justice/agreement-tracking/agreement-tracking-system.tsx

./src/components/restorative-justice/agreement-tracking/agreement-tracking-system.tsx
Attempted import error: 'Label' is not exported from '@/components/ui' (imported as 'Label').

Import trace for requested module:
./src/components/restorative-justice/agreement-tracking/agreement-tracking-system.tsx

./src/components/restorative-justice/agreement-tracking/agreement-tracking-system.tsx
Attempted import error: 'Textarea' is not exported from '@/components/ui' (imported as 'Textarea').

Import trace for requested module:
./src/components/restorative-justice/agreement-tracking/agreement-tracking-system.tsx

./src/components/restorative-justice/agreement-tracking/agreement-tracking-system.tsx
Attempted import error: 'Button' is not exported from '@/components/ui' (imported as 'Button').

Import trace for requested module:
./src/components/restorative-justice/agreement-tracking/agreement-tracking-system.tsx

./src/components/restorative-justice/agreement-tracking/agreement-tracking-system.tsx
Attempted import error: 'Button' is not exported from '@/components/ui' (imported as 'Button').

Import trace for requested module:
./src/components/restorative-justice/agreement-tracking/agreement-tracking-system.tsx

./src/components/restorative-justice/agreement-tracking/agreement-tracking-system.tsx
Attempted import error: 'Button' is not exported from '@/components/ui' (imported as 'Button').

Import trace for requested module:
./src/components/restorative-justice/agreement-tracking/agreement-tracking-system.tsx

./src/components/restorative-justice/agreement-tracking/agreement-tracking-system.tsx
Attempted import error: 'Button' is not exported from '@/components/ui' (imported as 'Button').

Import trace for requested module:
./src/components/restorative-justice/agreement-tracking/agreement-tracking-system.tsx

./src/components/restorative-justice/agreement-tracking/agreement-tracking-system.tsx
Attempted import error: 'Label' is not exported from '@/components/ui' (imported as 'Label').

Import trace for requested module:
./src/components/restorative-justice/agreement-tracking/agreement-tracking-system.tsx

./src/components/restorative-justice/agreement-tracking/agreement-tracking-system.tsx
Attempted import error: 'Input' is not exported from '@/components/ui' (imported as 'Input').

Import trace for requested module:
./src/components/restorative-justice/agreement-tracking/agreement-tracking-system.tsx

./src/components/restorative-justice/agreement-tracking/agreement-tracking-system.tsx
Attempted import error: 'Label' is not exported from '@/components/ui' (imported as 'Label').

Import trace for requested module:
./src/components/restorative-justice/agreement-tracking/agreement-tracking-system.tsx

./src/components/restorative-justice/agreement-tracking/agreement-tracking-system.tsx
Attempted import error: 'Textarea' is not exported from '@/components/ui' (imported as 'Textarea').

Import trace for requested module:
./src/components/restorative-justice/agreement-tracking/agreement-tracking-system.tsx

./src/components/restorative-justice/agreement-tracking/agreement-tracking-system.tsx
Attempted import error: 'Label' is not exported from '@/components/ui' (imported as 'Label').

Import trace for requested module:
./src/components/restorative-justice/agreement-tracking/agreement-tracking-system.tsx

./src/components/restorative-justice/agreement-tracking/agreement-tracking-system.tsx
Attempted import error: 'Select' is not exported from '@/components/ui' (imported as 'Select').

Import trace for requested module:
./src/components/restorative-justice/agreement-tracking/agreement-tracking-system.tsx

./src/components/restorative-justice/agreement-tracking/agreement-tracking-system.tsx
Attempted import error: 'SelectTrigger' is not exported from '@/components/ui' (imported as 'SelectTrigger').

Import trace for requested module:
./src/components/restorative-justice/agreement-tracking/agreement-tracking-system.tsx

./src/components/restorative-justice/agreement-tracking/agreement-tracking-system.tsx
Attempted import error: 'SelectValue' is not exported from '@/components/ui' (imported as 'SelectValue').

Import trace for requested module:
./src/components/restorative-justice/agreement-tracking/agreement-tracking-system.tsx

./src/components/restorative-justice/agreement-tracking/agreement-tracking-system.tsx
Attempted import error: 'SelectContent' is not exported from '@/components/ui' (imported as 'SelectContent').

Import trace for requested module:
./src/components/restorative-justice/agreement-tracking/agreement-tracking-system.tsx

./src/components/restorative-justice/agreement-tracking/agreement-tracking-system.tsx
Attempted import error: 'SelectItem' is not exported from '@/components/ui' (imported as 'SelectItem').

Import trace for requested module:
./src/components/restorative-justice/agreement-tracking/agreement-tracking-system.tsx

./src/components/restorative-justice/agreement-tracking/agreement-tracking-system.tsx
Attempted import error: 'SelectItem' is not exported from '@/components/ui' (imported as 'SelectItem').

Import trace for requested module:
./src/components/restorative-justice/agreement-tracking/agreement-tracking-system.tsx

./src/components/restorative-justice/agreement-tracking/agreement-tracking-system.tsx
Attempted import error: 'SelectItem' is not exported from '@/components/ui' (imported as 'SelectItem').

Import trace for requested module:
./src/components/restorative-justice/agreement-tracking/agreement-tracking-system.tsx

./src/components/restorative-justice/agreement-tracking/agreement-tracking-system.tsx
Attempted import error: 'SelectItem' is not exported from '@/components/ui' (imported as 'SelectItem').

Import trace for requested module:
./src/components/restorative-justice/agreement-tracking/agreement-tracking-system.tsx

./src/components/restorative-justice/agreement-tracking/agreement-tracking-system.tsx
Attempted import error: 'SelectItem' is not exported from '@/components/ui' (imported as 'SelectItem').

Import trace for requested module:
./src/components/restorative-justice/agreement-tracking/agreement-tracking-system.tsx

./src/components/restorative-justice/agreement-tracking/agreement-tracking-system.tsx
Attempted import error: 'Label' is not exported from '@/components/ui' (imported as 'Label').

Import trace for requested module:
./src/components/restorative-justice/agreement-tracking/agreement-tracking-system.tsx

./src/components/restorative-justice/agreement-tracking/agreement-tracking-system.tsx
Attempted import error: 'Input' is not exported from '@/components/ui' (imported as 'Input').

Import trace for requested module:
./src/components/restorative-justice/agreement-tracking/agreement-tracking-system.tsx

./src/components/restorative-justice/agreement-tracking/agreement-tracking-system.tsx
Attempted import error: 'Label' is not exported from '@/components/ui' (imported as 'Label').

Import trace for requested module:
./src/components/restorative-justice/agreement-tracking/agreement-tracking-system.tsx

./src/components/restorative-justice/agreement-tracking/agreement-tracking-system.tsx
Attempted import error: 'Input' is not exported from '@/components/ui' (imported as 'Input').

Import trace for requested module:
./src/components/restorative-justice/agreement-tracking/agreement-tracking-system.tsx

./src/components/restorative-justice/agreement-tracking/agreement-tracking-system.tsx
Attempted import error: 'Label' is not exported from '@/components/ui' (imported as 'Label').

Import trace for requested module:
./src/components/restorative-justice/agreement-tracking/agreement-tracking-system.tsx

./src/components/restorative-justice/agreement-tracking/agreement-tracking-system.tsx
Attempted import error: 'Input' is not exported from '@/components/ui' (imported as 'Input').

Import trace for requested module:
./src/components/restorative-justice/agreement-tracking/agreement-tracking-system.tsx

./src/components/restorative-justice/agreement-tracking/agreement-tracking-system.tsx
Attempted import error: 'Button' is not exported from '@/components/ui' (imported as 'Button').

Import trace for requested module:
./src/components/restorative-justice/agreement-tracking/agreement-tracking-system.tsx

./src/components/restorative-justice/agreement-tracking/agreement-tracking-system.tsx
Attempted import error: 'Button' is not exported from '@/components/ui' (imported as 'Button').

Import trace for requested module:
./src/components/restorative-justice/agreement-tracking/agreement-tracking-system.tsx

./src/components/restorative-justice/agreement-tracking/agreement-tracking-system.tsx
Attempted import error: 'Label' is not exported from '@/components/ui' (imported as 'Label').

Import trace for requested module:
./src/components/restorative-justice/agreement-tracking/agreement-tracking-system.tsx

./src/components/restorative-justice/agreement-tracking/agreement-tracking-system.tsx
Attempted import error: 'Label' is not exported from '@/components/ui' (imported as 'Label').

Import trace for requested module:
./src/components/restorative-justice/agreement-tracking/agreement-tracking-system.tsx

./src/components/restorative-justice/agreement-tracking/agreement-tracking-system.tsx
Attempted import error: 'Textarea' is not exported from '@/components/ui' (imported as 'Textarea').

Import trace for requested module:
./src/components/restorative-justice/agreement-tracking/agreement-tracking-system.tsx

./src/components/restorative-justice/agreement-tracking/agreement-tracking-system.tsx
Attempted import error: 'Label' is not exported from '@/components/ui' (imported as 'Label').

Import trace for requested module:
./src/components/restorative-justice/agreement-tracking/agreement-tracking-system.tsx

./src/components/restorative-justice/agreement-tracking/agreement-tracking-system.tsx
Attempted import error: 'Input' is not exported from '@/components/ui' (imported as 'Input').

Import trace for requested module:
./src/components/restorative-justice/agreement-tracking/agreement-tracking-system.tsx

./src/components/restorative-justice/agreement-tracking/agreement-tracking-system.tsx
Attempted import error: 'Label' is not exported from '@/components/ui' (imported as 'Label').

Import trace for requested module:
./src/components/restorative-justice/agreement-tracking/agreement-tracking-system.tsx

./src/components/restorative-justice/agreement-tracking/agreement-tracking-system.tsx
Attempted import error: 'Input' is not exported from '@/components/ui' (imported as 'Input').

Import trace for requested module:
./src/components/restorative-justice/agreement-tracking/agreement-tracking-system.tsx

./src/components/restorative-justice/agreement-tracking/agreement-tracking-system.tsx
Attempted import error: 'Button' is not exported from '@/components/ui' (imported as 'Button').

Import trace for requested module:
./src/components/restorative-justice/agreement-tracking/agreement-tracking-system.tsx

./src/components/restorative-justice/agreement-tracking/agreement-tracking-system.tsx
Attempted import error: 'Button' is not exported from '@/components/ui' (imported as 'Button').

Import trace for requested module:
./src/components/restorative-justice/agreement-tracking/agreement-tracking-system.tsx

./src/components/restorative-justice/agreement-tracking/agreement-tracking-system.tsx
Attempted import error: 'Label' is not exported from '@/components/ui' (imported as 'Label').

Import trace for requested module:
./src/components/restorative-justice/agreement-tracking/agreement-tracking-system.tsx

./src/components/restorative-justice/agreement-tracking/agreement-tracking-system.tsx
Attempted import error: 'Textarea' is not exported from '@/components/ui' (imported as 'Textarea').

Import trace for requested module:
./src/components/restorative-justice/agreement-tracking/agreement-tracking-system.tsx

./src/components/restorative-justice/agreement-tracking/agreement-tracking-system.tsx
Attempted import error: 'Button' is not exported from '@/components/ui' (imported as 'Button').

Import trace for requested module:
./src/components/restorative-justice/agreement-tracking/agreement-tracking-system.tsx

./src/components/restorative-justice/agreement-tracking/agreement-tracking-system.tsx
Attempted import error: 'Button' is not exported from '@/components/ui' (imported as 'Button').

Import trace for requested module:
./src/components/restorative-justice/agreement-tracking/agreement-tracking-system.tsx

./src/components/restorative-justice/circle-process/circle-process-templates.tsx
Attempted import error: 'Label' is not exported from '@/components/ui' (imported as 'Label').

Import trace for requested module:
./src/components/restorative-justice/circle-process/circle-process-templates.tsx

./src/components/restorative-justice/circle-process/circle-process-templates.tsx
Attempted import error: 'Input' is not exported from '@/components/ui' (imported as 'Input').

Import trace for requested module:
./src/components/restorative-justice/circle-process/circle-process-templates.tsx

./src/components/restorative-justice/circle-process/circle-process-templates.tsx
Attempted import error: 'Label' is not exported from '@/components/ui' (imported as 'Label').

Import trace for requested module:
./src/components/restorative-justice/circle-process/circle-process-templates.tsx

./src/components/restorative-justice/circle-process/circle-process-templates.tsx
Attempted import error: 'Select' is not exported from '@/components/ui' (imported as 'Select').

Import trace for requested module:
./src/components/restorative-justice/circle-process/circle-process-templates.tsx

./src/components/restorative-justice/circle-process/circle-process-templates.tsx
Attempted import error: 'SelectTrigger' is not exported from '@/components/ui' (imported as 'SelectTrigger').

Import trace for requested module:
./src/components/restorative-justice/circle-process/circle-process-templates.tsx

./src/components/restorative-justice/circle-process/circle-process-templates.tsx
Attempted import error: 'SelectValue' is not exported from '@/components/ui' (imported as 'SelectValue').

Import trace for requested module:
./src/components/restorative-justice/circle-process/circle-process-templates.tsx

./src/components/restorative-justice/circle-process/circle-process-templates.tsx
Attempted import error: 'SelectContent' is not exported from '@/components/ui' (imported as 'SelectContent').

Import trace for requested module:
./src/components/restorative-justice/circle-process/circle-process-templates.tsx

./src/components/restorative-justice/circle-process/circle-process-templates.tsx
Attempted import error: 'SelectItem' is not exported from '@/components/ui' (imported as 'SelectItem').

Import trace for requested module:
./src/components/restorative-justice/circle-process/circle-process-templates.tsx

./src/components/restorative-justice/circle-process/circle-process-templates.tsx
Attempted import error: 'SelectItem' is not exported from '@/components/ui' (imported as 'SelectItem').

Import trace for requested module:
./src/components/restorative-justice/circle-process/circle-process-templates.tsx

./src/components/restorative-justice/circle-process/circle-process-templates.tsx
Attempted import error: 'SelectItem' is not exported from '@/components/ui' (imported as 'SelectItem').

Import trace for requested module:
./src/components/restorative-justice/circle-process/circle-process-templates.tsx

./src/components/restorative-justice/circle-process/circle-process-templates.tsx
Attempted import error: 'Label' is not exported from '@/components/ui' (imported as 'Label').

Import trace for requested module:
./src/components/restorative-justice/circle-process/circle-process-templates.tsx

./src/components/restorative-justice/circle-process/circle-process-templates.tsx
Attempted import error: 'Select' is not exported from '@/components/ui' (imported as 'Select').

Import trace for requested module:
./src/components/restorative-justice/circle-process/circle-process-templates.tsx

./src/components/restorative-justice/circle-process/circle-process-templates.tsx
Attempted import error: 'SelectTrigger' is not exported from '@/components/ui' (imported as 'SelectTrigger').

Import trace for requested module:
./src/components/restorative-justice/circle-process/circle-process-templates.tsx

./src/components/restorative-justice/circle-process/circle-process-templates.tsx
Attempted import error: 'SelectValue' is not exported from '@/components/ui' (imported as 'SelectValue').

Import trace for requested module:
./src/components/restorative-justice/circle-process/circle-process-templates.tsx

./src/components/restorative-justice/circle-process/circle-process-templates.tsx
Attempted import error: 'SelectContent' is not exported from '@/components/ui' (imported as 'SelectContent').

Import trace for requested module:
./src/components/restorative-justice/circle-process/circle-process-templates.tsx

./src/components/restorative-justice/circle-process/circle-process-templates.tsx
Attempted import error: 'SelectItem' is not exported from '@/components/ui' (imported as 'SelectItem').

Import trace for requested module:
./src/components/restorative-justice/circle-process/circle-process-templates.tsx

./src/components/restorative-justice/circle-process/circle-process-templates.tsx
Attempted import error: 'SelectItem' is not exported from '@/components/ui' (imported as 'SelectItem').

Import trace for requested module:
./src/components/restorative-justice/circle-process/circle-process-templates.tsx

./src/components/restorative-justice/circle-process/circle-process-templates.tsx
Attempted import error: 'SelectItem' is not exported from '@/components/ui' (imported as 'SelectItem').

Import trace for requested module:
./src/components/restorative-justice/circle-process/circle-process-templates.tsx

./src/components/restorative-justice/circle-process/circle-process-templates.tsx
Attempted import error: 'SelectItem' is not exported from '@/components/ui' (imported as 'SelectItem').

Import trace for requested module:
./src/components/restorative-justice/circle-process/circle-process-templates.tsx

./src/components/restorative-justice/circle-process/circle-process-templates.tsx
Attempted import error: 'SelectItem' is not exported from '@/components/ui' (imported as 'SelectItem').

Import trace for requested module:
./src/components/restorative-justice/circle-process/circle-process-templates.tsx

./src/components/restorative-justice/circle-process/circle-process-templates.tsx
Attempted import error: 'SelectItem' is not exported from '@/components/ui' (imported as 'SelectItem').

Import trace for requested module:
./src/components/restorative-justice/circle-process/circle-process-templates.tsx

./src/components/restorative-justice/circle-process/circle-process-templates.tsx
Attempted import error: 'Button' is not exported from '@/components/ui' (imported as 'Button').

Import trace for requested module:
./src/components/restorative-justice/circle-process/circle-process-templates.tsx

./src/components/restorative-justice/circle-process/circle-process-templates.tsx
Attempted import error: 'Button' is not exported from '@/components/ui' (imported as 'Button').

Import trace for requested module:
./src/components/restorative-justice/circle-process/circle-process-templates.tsx

./src/components/restorative-justice/circle-process/circle-process-templates.tsx
Attempted import error: 'Button' is not exported from '@/components/ui' (imported as 'Button').

Import trace for requested module:
./src/components/restorative-justice/circle-process/circle-process-templates.tsx

./src/components/restorative-justice/circle-process/circle-process-templates.tsx
Attempted import error: 'Button' is not exported from '@/components/ui' (imported as 'Button').

Import trace for requested module:
./src/components/restorative-justice/circle-process/circle-process-templates.tsx

./src/components/restorative-justice/circle-process/circle-process-templates.tsx
Attempted import error: 'Label' is not exported from '@/components/ui' (imported as 'Label').

Import trace for requested module:
./src/components/restorative-justice/circle-process/circle-process-templates.tsx

./src/components/restorative-justice/circle-process/circle-process-templates.tsx
Attempted import error: 'Input' is not exported from '@/components/ui' (imported as 'Input').

Import trace for requested module:
./src/components/restorative-justice/circle-process/circle-process-templates.tsx

./src/components/restorative-justice/circle-process/circle-process-templates.tsx
Attempted import error: 'Label' is not exported from '@/components/ui' (imported as 'Label').

Import trace for requested module:
./src/components/restorative-justice/circle-process/circle-process-templates.tsx

./src/components/restorative-justice/circle-process/circle-process-templates.tsx
Attempted import error: 'Input' is not exported from '@/components/ui' (imported as 'Input').

Import trace for requested module:
./src/components/restorative-justice/circle-process/circle-process-templates.tsx

./src/components/restorative-justice/circle-process/circle-process-templates.tsx
Attempted import error: 'Label' is not exported from '@/components/ui' (imported as 'Label').

Import trace for requested module:
./src/components/restorative-justice/circle-process/circle-process-templates.tsx

./src/components/restorative-justice/circle-process/circle-process-templates.tsx
Attempted import error: 'Select' is not exported from '@/components/ui' (imported as 'Select').

Import trace for requested module:
./src/components/restorative-justice/circle-process/circle-process-templates.tsx

./src/components/restorative-justice/circle-process/circle-process-templates.tsx
Attempted import error: 'SelectTrigger' is not exported from '@/components/ui' (imported as 'SelectTrigger').

Import trace for requested module:
./src/components/restorative-justice/circle-process/circle-process-templates.tsx

./src/components/restorative-justice/circle-process/circle-process-templates.tsx
Attempted import error: 'SelectValue' is not exported from '@/components/ui' (imported as 'SelectValue').

Import trace for requested module:
./src/components/restorative-justice/circle-process/circle-process-templates.tsx

./src/components/restorative-justice/circle-process/circle-process-templates.tsx
Attempted import error: 'SelectContent' is not exported from '@/components/ui' (imported as 'SelectContent').

Import trace for requested module:
./src/components/restorative-justice/circle-process/circle-process-templates.tsx

./src/components/restorative-justice/circle-process/circle-process-templates.tsx
Attempted import error: 'SelectItem' is not exported from '@/components/ui' (imported as 'SelectItem').

Import trace for requested module:
./src/components/restorative-justice/circle-process/circle-process-templates.tsx

./src/components/restorative-justice/circle-process/circle-process-templates.tsx
Attempted import error: 'SelectItem' is not exported from '@/components/ui' (imported as 'SelectItem').

Import trace for requested module:
./src/components/restorative-justice/circle-process/circle-process-templates.tsx

./src/components/restorative-justice/circle-process/circle-process-templates.tsx
Attempted import error: 'SelectItem' is not exported from '@/components/ui' (imported as 'SelectItem').

Import trace for requested module:
./src/components/restorative-justice/circle-process/circle-process-templates.tsx

./src/components/restorative-justice/circle-process/circle-process-templates.tsx
Attempted import error: 'Label' is not exported from '@/components/ui' (imported as 'Label').

Import trace for requested module:
./src/components/restorative-justice/circle-process/circle-process-templates.tsx

./src/components/restorative-justice/circle-process/circle-process-templates.tsx
Attempted import error: 'Select' is not exported from '@/components/ui' (imported as 'Select').

Import trace for requested module:
./src/components/restorative-justice/circle-process/circle-process-templates.tsx

./src/components/restorative-justice/circle-process/circle-process-templates.tsx
Attempted import error: 'SelectTrigger' is not exported from '@/components/ui' (imported as 'SelectTrigger').

Import trace for requested module:
./src/components/restorative-justice/circle-process/circle-process-templates.tsx

./src/components/restorative-justice/circle-process/circle-process-templates.tsx
Attempted import error: 'SelectValue' is not exported from '@/components/ui' (imported as 'SelectValue').

Import trace for requested module:
./src/components/restorative-justice/circle-process/circle-process-templates.tsx

./src/components/restorative-justice/circle-process/circle-process-templates.tsx
Attempted import error: 'SelectContent' is not exported from '@/components/ui' (imported as 'SelectContent').

Import trace for requested module:
./src/components/restorative-justice/circle-process/circle-process-templates.tsx

./src/components/restorative-justice/circle-process/circle-process-templates.tsx
Attempted import error: 'SelectItem' is not exported from '@/components/ui' (imported as 'SelectItem').

Import trace for requested module:
./src/components/restorative-justice/circle-process/circle-process-templates.tsx

./src/components/restorative-justice/circle-process/circle-process-templates.tsx
Attempted import error: 'SelectItem' is not exported from '@/components/ui' (imported as 'SelectItem').

Import trace for requested module:
./src/components/restorative-justice/circle-process/circle-process-templates.tsx

./src/components/restorative-justice/circle-process/circle-process-templates.tsx
Attempted import error: 'SelectItem' is not exported from '@/components/ui' (imported as 'SelectItem').

Import trace for requested module:
./src/components/restorative-justice/circle-process/circle-process-templates.tsx

./src/components/restorative-justice/circle-process/circle-process-templates.tsx
Attempted import error: 'SelectItem' is not exported from '@/components/ui' (imported as 'SelectItem').

Import trace for requested module:
./src/components/restorative-justice/circle-process/circle-process-templates.tsx

./src/components/restorative-justice/circle-process/circle-process-templates.tsx
Attempted import error: 'SelectItem' is not exported from '@/components/ui' (imported as 'SelectItem').

Import trace for requested module:
./src/components/restorative-justice/circle-process/circle-process-templates.tsx

./src/components/restorative-justice/circle-process/circle-process-templates.tsx
Attempted import error: 'SelectItem' is not exported from '@/components/ui' (imported as 'SelectItem').

Import trace for requested module:
./src/components/restorative-justice/circle-process/circle-process-templates.tsx

./src/components/restorative-justice/circle-process/circle-process-templates.tsx
Attempted import error: 'Label' is not exported from '@/components/ui' (imported as 'Label').

Import trace for requested module:
./src/components/restorative-justice/circle-process/circle-process-templates.tsx

./src/components/restorative-justice/circle-process/circle-process-templates.tsx
Attempted import error: 'Input' is not exported from '@/components/ui' (imported as 'Input').

Import trace for requested module:
./src/components/restorative-justice/circle-process/circle-process-templates.tsx

./src/components/restorative-justice/circle-process/circle-process-templates.tsx
Attempted import error: 'Label' is not exported from '@/components/ui' (imported as 'Label').

Import trace for requested module:
./src/components/restorative-justice/circle-process/circle-process-templates.tsx

./src/components/restorative-justice/circle-process/circle-process-templates.tsx
Attempted import error: 'Input' is not exported from '@/components/ui' (imported as 'Input').

Import trace for requested module:
./src/components/restorative-justice/circle-process/circle-process-templates.tsx

./src/components/restorative-justice/circle-process/circle-process-templates.tsx
Attempted import error: 'Label' is not exported from '@/components/ui' (imported as 'Label').

Import trace for requested module:
./src/components/restorative-justice/circle-process/circle-process-templates.tsx

./src/components/restorative-justice/circle-process/circle-process-templates.tsx
Attempted import error: 'Textarea' is not exported from '@/components/ui' (imported as 'Textarea').

Import trace for requested module:
./src/components/restorative-justice/circle-process/circle-process-templates.tsx

./src/components/restorative-justice/circle-process/circle-process-templates.tsx
Attempted import error: 'Label' is not exported from '@/components/ui' (imported as 'Label').

Import trace for requested module:
./src/components/restorative-justice/circle-process/circle-process-templates.tsx

./src/components/restorative-justice/circle-process/circle-process-templates.tsx
Attempted import error: 'Textarea' is not exported from '@/components/ui' (imported as 'Textarea').

Import trace for requested module:
./src/components/restorative-justice/circle-process/circle-process-templates.tsx

./src/components/restorative-justice/circle-process/circle-process-templates.tsx
Attempted import error: 'Label' is not exported from '@/components/ui' (imported as 'Label').

Import trace for requested module:
./src/components/restorative-justice/circle-process/circle-process-templates.tsx

./src/components/restorative-justice/circle-process/circle-process-templates.tsx
Attempted import error: 'Textarea' is not exported from '@/components/ui' (imported as 'Textarea').

Import trace for requested module:
./src/components/restorative-justice/circle-process/circle-process-templates.tsx

./src/components/restorative-justice/circle-process/circle-process-templates.tsx
Attempted import error: 'Label' is not exported from '@/components/ui' (imported as 'Label').

Import trace for requested module:
./src/components/restorative-justice/circle-process/circle-process-templates.tsx

./src/components/restorative-justice/circle-process/circle-process-templates.tsx
Attempted import error: 'Textarea' is not exported from '@/components/ui' (imported as 'Textarea').

Import trace for requested module:
./src/components/restorative-justice/circle-process/circle-process-templates.tsx

./src/components/restorative-justice/circle-process/circle-process-templates.tsx
Attempted import error: 'Label' is not exported from '@/components/ui' (imported as 'Label').

Import trace for requested module:
./src/components/restorative-justice/circle-process/circle-process-templates.tsx

./src/components/restorative-justice/circle-process/circle-process-templates.tsx
Attempted import error: 'Textarea' is not exported from '@/components/ui' (imported as 'Textarea').

Import trace for requested module:
./src/components/restorative-justice/circle-process/circle-process-templates.tsx

./src/components/restorative-justice/circle-process/circle-process-templates.tsx
Attempted import error: 'Button' is not exported from '@/components/ui' (imported as 'Button').

Import trace for requested module:
./src/components/restorative-justice/circle-process/circle-process-templates.tsx

./src/components/restorative-justice/circle-process/circle-process-templates.tsx
Attempted import error: 'Label' is not exported from '@/components/ui' (imported as 'Label').

Import trace for requested module:
./src/components/restorative-justice/circle-process/circle-process-templates.tsx

./src/components/restorative-justice/circle-process/circle-process-templates.tsx
Attempted import error: 'Button' is not exported from '@/components/ui' (imported as 'Button').

Import trace for requested module:
./src/components/restorative-justice/circle-process/circle-process-templates.tsx

./src/components/restorative-justice/circle-process/circle-process-templates.tsx
Attempted import error: 'Input' is not exported from '@/components/ui' (imported as 'Input').

Import trace for requested module:
./src/components/restorative-justice/circle-process/circle-process-templates.tsx

./src/components/restorative-justice/circle-process/circle-process-templates.tsx
Attempted import error: 'Label' is not exported from '@/components/ui' (imported as 'Label').

Import trace for requested module:
./src/components/restorative-justice/circle-process/circle-process-templates.tsx

./src/components/restorative-justice/circle-process/circle-process-templates.tsx
Attempted import error: 'Button' is not exported from '@/components/ui' (imported as 'Button').

Import trace for requested module:
./src/components/restorative-justice/circle-process/circle-process-templates.tsx

./src/components/restorative-justice/circle-process/circle-process-templates.tsx
Attempted import error: 'Input' is not exported from '@/components/ui' (imported as 'Input').

Import trace for requested module:
./src/components/restorative-justice/circle-process/circle-process-templates.tsx

./src/components/restorative-justice/circle-process/circle-process-templates.tsx
Attempted import error: 'Button' is not exported from '@/components/ui' (imported as 'Button').

Import trace for requested module:
./src/components/restorative-justice/circle-process/circle-process-templates.tsx

./src/components/restorative-justice/circle-process/circle-process-templates.tsx
Attempted import error: 'Button' is not exported from '@/components/ui' (imported as 'Button').

Import trace for requested module:
./src/components/restorative-justice/circle-process/circle-process-templates.tsx

./src/components/restorative-justice/circle-process/circle-process-templates.tsx
Attempted import error: 'Input' is not exported from '@/components/ui' (imported as 'Input').

Import trace for requested module:
./src/components/restorative-justice/circle-process/circle-process-templates.tsx

./src/components/restorative-justice/circle-process/circle-process-templates.tsx
Attempted import error: 'Button' is not exported from '@/components/ui' (imported as 'Button').

Import trace for requested module:
./src/components/restorative-justice/circle-process/circle-process-templates.tsx

./src/components/restorative-justice/circle-process/circle-process-templates.tsx
Attempted import error: 'Button' is not exported from '@/components/ui' (imported as 'Button').

Import trace for requested module:
./src/components/restorative-justice/circle-process/circle-process-templates.tsx

./src/components/restorative-justice/circle-process/circle-process-templates.tsx
Attempted import error: 'Button' is not exported from '@/components/ui' (imported as 'Button').

Import trace for requested module:
./src/components/restorative-justice/circle-process/circle-process-templates.tsx

./src/components/restorative-justice/guided-restorative-conversation-frameworks.tsx
Attempted import error: 'Label' is not exported from '@/components/ui' (imported as 'Label').

Import trace for requested module:
./src/components/restorative-justice/guided-restorative-conversation-frameworks.tsx

./src/components/restorative-justice/guided-restorative-conversation-frameworks.tsx
Attempted import error: 'Input' is not exported from '@/components/ui' (imported as 'Input').

Import trace for requested module:
./src/components/restorative-justice/guided-restorative-conversation-frameworks.tsx

./src/components/restorative-justice/guided-restorative-conversation-frameworks.tsx
Attempted import error: 'Label' is not exported from '@/components/ui' (imported as 'Label').

Import trace for requested module:
./src/components/restorative-justice/guided-restorative-conversation-frameworks.tsx

./src/components/restorative-justice/guided-restorative-conversation-frameworks.tsx
Attempted import error: 'Select' is not exported from '@/components/ui' (imported as 'Select').

Import trace for requested module:
./src/components/restorative-justice/guided-restorative-conversation-frameworks.tsx

./src/components/restorative-justice/guided-restorative-conversation-frameworks.tsx
Attempted import error: 'SelectTrigger' is not exported from '@/components/ui' (imported as 'SelectTrigger').

Import trace for requested module:
./src/components/restorative-justice/guided-restorative-conversation-frameworks.tsx

./src/components/restorative-justice/guided-restorative-conversation-frameworks.tsx
Attempted import error: 'SelectValue' is not exported from '@/components/ui' (imported as 'SelectValue').

Import trace for requested module:
./src/components/restorative-justice/guided-restorative-conversation-frameworks.tsx

./src/components/restorative-justice/guided-restorative-conversation-frameworks.tsx
Attempted import error: 'SelectContent' is not exported from '@/components/ui' (imported as 'SelectContent').

Import trace for requested module:
./src/components/restorative-justice/guided-restorative-conversation-frameworks.tsx

./src/components/restorative-justice/guided-restorative-conversation-frameworks.tsx
Attempted import error: 'SelectItem' is not exported from '@/components/ui' (imported as 'SelectItem').

Import trace for requested module:
./src/components/restorative-justice/guided-restorative-conversation-frameworks.tsx

./src/components/restorative-justice/guided-restorative-conversation-frameworks.tsx
Attempted import error: 'SelectItem' is not exported from '@/components/ui' (imported as 'SelectItem').

Import trace for requested module:
./src/components/restorative-justice/guided-restorative-conversation-frameworks.tsx

./src/components/restorative-justice/guided-restorative-conversation-frameworks.tsx
Attempted import error: 'SelectItem' is not exported from '@/components/ui' (imported as 'SelectItem').

Import trace for requested module:
./src/components/restorative-justice/guided-restorative-conversation-frameworks.tsx

./src/components/restorative-justice/guided-restorative-conversation-frameworks.tsx
Attempted import error: 'Label' is not exported from '@/components/ui' (imported as 'Label').

Import trace for requested module:
./src/components/restorative-justice/guided-restorative-conversation-frameworks.tsx

./src/components/restorative-justice/guided-restorative-conversation-frameworks.tsx
Attempted import error: 'Select' is not exported from '@/components/ui' (imported as 'Select').

Import trace for requested module:
./src/components/restorative-justice/guided-restorative-conversation-frameworks.tsx

./src/components/restorative-justice/guided-restorative-conversation-frameworks.tsx
Attempted import error: 'SelectTrigger' is not exported from '@/components/ui' (imported as 'SelectTrigger').

Import trace for requested module:
./src/components/restorative-justice/guided-restorative-conversation-frameworks.tsx

./src/components/restorative-justice/guided-restorative-conversation-frameworks.tsx
Attempted import error: 'SelectValue' is not exported from '@/components/ui' (imported as 'SelectValue').

Import trace for requested module:
./src/components/restorative-justice/guided-restorative-conversation-frameworks.tsx

./src/components/restorative-justice/guided-restorative-conversation-frameworks.tsx
Attempted import error: 'SelectContent' is not exported from '@/components/ui' (imported as 'SelectContent').

Import trace for requested module:
./src/components/restorative-justice/guided-restorative-conversation-frameworks.tsx

./src/components/restorative-justice/guided-restorative-conversation-frameworks.tsx
Attempted import error: 'SelectItem' is not exported from '@/components/ui' (imported as 'SelectItem').

Import trace for requested module:
./src/components/restorative-justice/guided-restorative-conversation-frameworks.tsx

./src/components/restorative-justice/guided-restorative-conversation-frameworks.tsx
Attempted import error: 'SelectItem' is not exported from '@/components/ui' (imported as 'SelectItem').

Import trace for requested module:
./src/components/restorative-justice/guided-restorative-conversation-frameworks.tsx

./src/components/restorative-justice/guided-restorative-conversation-frameworks.tsx
Attempted import error: 'SelectItem' is not exported from '@/components/ui' (imported as 'SelectItem').

Import trace for requested module:
./src/components/restorative-justice/guided-restorative-conversation-frameworks.tsx

./src/components/restorative-justice/guided-restorative-conversation-frameworks.tsx
Attempted import error: 'SelectItem' is not exported from '@/components/ui' (imported as 'SelectItem').

Import trace for requested module:
./src/components/restorative-justice/guided-restorative-conversation-frameworks.tsx

./src/components/restorative-justice/guided-restorative-conversation-frameworks.tsx
Attempted import error: 'SelectItem' is not exported from '@/components/ui' (imported as 'SelectItem').

Import trace for requested module:
./src/components/restorative-justice/guided-restorative-conversation-frameworks.tsx

./src/components/restorative-justice/guided-restorative-conversation-frameworks.tsx
Attempted import error: 'SelectItem' is not exported from '@/components/ui' (imported as 'SelectItem').

Import trace for requested module:
./src/components/restorative-justice/guided-restorative-conversation-frameworks.tsx

./src/components/restorative-justice/guided-restorative-conversation-frameworks.tsx
Attempted import error: 'Button' is not exported from '@/components/ui' (imported as 'Button').

Import trace for requested module:
./src/components/restorative-justice/guided-restorative-conversation-frameworks.tsx

./src/components/restorative-justice/guided-restorative-conversation-frameworks.tsx
Attempted import error: 'Button' is not exported from '@/components/ui' (imported as 'Button').

Import trace for requested module:
./src/components/restorative-justice/guided-restorative-conversation-frameworks.tsx

./src/components/restorative-justice/guided-restorative-conversation-frameworks.tsx
Attempted import error: 'Button' is not exported from '@/components/ui' (imported as 'Button').

Import trace for requested module:
./src/components/restorative-justice/guided-restorative-conversation-frameworks.tsx

./src/components/restorative-justice/guided-restorative-conversation-frameworks.tsx
Attempted import error: 'Label' is not exported from '@/components/ui' (imported as 'Label').

Import trace for requested module:
./src/components/restorative-justice/guided-restorative-conversation-frameworks.tsx

./src/components/restorative-justice/guided-restorative-conversation-frameworks.tsx
Attempted import error: 'Textarea' is not exported from '@/components/ui' (imported as 'Textarea').

Import trace for requested module:
./src/components/restorative-justice/guided-restorative-conversation-frameworks.tsx

./src/components/restorative-justice/guided-restorative-conversation-frameworks.tsx
Attempted import error: 'Label' is not exported from '@/components/ui' (imported as 'Label').

Import trace for requested module:
./src/components/restorative-justice/guided-restorative-conversation-frameworks.tsx

./src/components/restorative-justice/guided-restorative-conversation-frameworks.tsx
Attempted import error: 'Textarea' is not exported from '@/components/ui' (imported as 'Textarea').

Import trace for requested module:
./src/components/restorative-justice/guided-restorative-conversation-frameworks.tsx

./src/components/restorative-justice/guided-restorative-conversation-frameworks.tsx
Attempted import error: 'Label' is not exported from '@/components/ui' (imported as 'Label').

Import trace for requested module:
./src/components/restorative-justice/guided-restorative-conversation-frameworks.tsx

./src/components/restorative-justice/guided-restorative-conversation-frameworks.tsx
Attempted import error: 'Textarea' is not exported from '@/components/ui' (imported as 'Textarea').

Import trace for requested module:
./src/components/restorative-justice/guided-restorative-conversation-frameworks.tsx

./src/components/restorative-justice/guided-restorative-conversation-frameworks.tsx
Attempted import error: 'Label' is not exported from '@/components/ui' (imported as 'Label').

Import trace for requested module:
./src/components/restorative-justice/guided-restorative-conversation-frameworks.tsx

./src/components/restorative-justice/guided-restorative-conversation-frameworks.tsx
Attempted import error: 'Textarea' is not exported from '@/components/ui' (imported as 'Textarea').

Import trace for requested module:
./src/components/restorative-justice/guided-restorative-conversation-frameworks.tsx

./src/components/restorative-justice/guided-restorative-conversation-frameworks.tsx
Attempted import error: 'Button' is not exported from '@/components/ui' (imported as 'Button').

Import trace for requested module:
./src/components/restorative-justice/guided-restorative-conversation-frameworks.tsx

./src/components/restorative-justice/guided-restorative-conversation-frameworks.tsx
Attempted import error: 'Label' is not exported from '@/components/ui' (imported as 'Label').

Import trace for requested module:
./src/components/restorative-justice/guided-restorative-conversation-frameworks.tsx

./src/components/restorative-justice/guided-restorative-conversation-frameworks.tsx
Attempted import error: 'Input' is not exported from '@/components/ui' (imported as 'Input').

Import trace for requested module:
./src/components/restorative-justice/guided-restorative-conversation-frameworks.tsx

./src/components/restorative-justice/guided-restorative-conversation-frameworks.tsx
Attempted import error: 'Label' is not exported from '@/components/ui' (imported as 'Label').

Import trace for requested module:
./src/components/restorative-justice/guided-restorative-conversation-frameworks.tsx

./src/components/restorative-justice/guided-restorative-conversation-frameworks.tsx
Attempted import error: 'Input' is not exported from '@/components/ui' (imported as 'Input').

Import trace for requested module:
./src/components/restorative-justice/guided-restorative-conversation-frameworks.tsx

./src/components/restorative-justice/guided-restorative-conversation-frameworks.tsx
Attempted import error: 'Label' is not exported from '@/components/ui' (imported as 'Label').

Import trace for requested module:
./src/components/restorative-justice/guided-restorative-conversation-frameworks.tsx

./src/components/restorative-justice/guided-restorative-conversation-frameworks.tsx
Attempted import error: 'Select' is not exported from '@/components/ui' (imported as 'Select').

Import trace for requested module:
./src/components/restorative-justice/guided-restorative-conversation-frameworks.tsx

./src/components/restorative-justice/guided-restorative-conversation-frameworks.tsx
Attempted import error: 'SelectTrigger' is not exported from '@/components/ui' (imported as 'SelectTrigger').

Import trace for requested module:
./src/components/restorative-justice/guided-restorative-conversation-frameworks.tsx

./src/components/restorative-justice/guided-restorative-conversation-frameworks.tsx
Attempted import error: 'SelectValue' is not exported from '@/components/ui' (imported as 'SelectValue').

Import trace for requested module:
./src/components/restorative-justice/guided-restorative-conversation-frameworks.tsx

./src/components/restorative-justice/guided-restorative-conversation-frameworks.tsx
Attempted import error: 'SelectContent' is not exported from '@/components/ui' (imported as 'SelectContent').

Import trace for requested module:
./src/components/restorative-justice/guided-restorative-conversation-frameworks.tsx

./src/components/restorative-justice/guided-restorative-conversation-frameworks.tsx
Attempted import error: 'SelectItem' is not exported from '@/components/ui' (imported as 'SelectItem').

Import trace for requested module:
./src/components/restorative-justice/guided-restorative-conversation-frameworks.tsx

./src/components/restorative-justice/guided-restorative-conversation-frameworks.tsx
Attempted import error: 'SelectItem' is not exported from '@/components/ui' (imported as 'SelectItem').

Import trace for requested module:
./src/components/restorative-justice/guided-restorative-conversation-frameworks.tsx

./src/components/restorative-justice/guided-restorative-conversation-frameworks.tsx
Attempted import error: 'SelectItem' is not exported from '@/components/ui' (imported as 'SelectItem').

Import trace for requested module:
./src/components/restorative-justice/guided-restorative-conversation-frameworks.tsx

./src/components/restorative-justice/guided-restorative-conversation-frameworks.tsx
Attempted import error: 'Label' is not exported from '@/components/ui' (imported as 'Label').

Import trace for requested module:
./src/components/restorative-justice/guided-restorative-conversation-frameworks.tsx

./src/components/restorative-justice/guided-restorative-conversation-frameworks.tsx
Attempted import error: 'Select' is not exported from '@/components/ui' (imported as 'Select').

Import trace for requested module:
./src/components/restorative-justice/guided-restorative-conversation-frameworks.tsx

./src/components/restorative-justice/guided-restorative-conversation-frameworks.tsx
Attempted import error: 'SelectTrigger' is not exported from '@/components/ui' (imported as 'SelectTrigger').

Import trace for requested module:
./src/components/restorative-justice/guided-restorative-conversation-frameworks.tsx

./src/components/restorative-justice/guided-restorative-conversation-frameworks.tsx
Attempted import error: 'SelectValue' is not exported from '@/components/ui' (imported as 'SelectValue').

Import trace for requested module:
./src/components/restorative-justice/guided-restorative-conversation-frameworks.tsx

./src/components/restorative-justice/guided-restorative-conversation-frameworks.tsx
Attempted import error: 'SelectContent' is not exported from '@/components/ui' (imported as 'SelectContent').

Import trace for requested module:
./src/components/restorative-justice/guided-restorative-conversation-frameworks.tsx

./src/components/restorative-justice/guided-restorative-conversation-frameworks.tsx
Attempted import error: 'SelectItem' is not exported from '@/components/ui' (imported as 'SelectItem').

Import trace for requested module:
./src/components/restorative-justice/guided-restorative-conversation-frameworks.tsx

./src/components/restorative-justice/guided-restorative-conversation-frameworks.tsx
Attempted import error: 'SelectItem' is not exported from '@/components/ui' (imported as 'SelectItem').

Import trace for requested module:
./src/components/restorative-justice/guided-restorative-conversation-frameworks.tsx

./src/components/restorative-justice/guided-restorative-conversation-frameworks.tsx
Attempted import error: 'SelectItem' is not exported from '@/components/ui' (imported as 'SelectItem').

Import trace for requested module:
./src/components/restorative-justice/guided-restorative-conversation-frameworks.tsx

./src/components/restorative-justice/guided-restorative-conversation-frameworks.tsx
Attempted import error: 'SelectItem' is not exported from '@/components/ui' (imported as 'SelectItem').

Import trace for requested module:
./src/components/restorative-justice/guided-restorative-conversation-frameworks.tsx

./src/components/restorative-justice/guided-restorative-conversation-frameworks.tsx
Attempted import error: 'SelectItem' is not exported from '@/components/ui' (imported as 'SelectItem').

Import trace for requested module:
./src/components/restorative-justice/guided-restorative-conversation-frameworks.tsx

./src/components/restorative-justice/guided-restorative-conversation-frameworks.tsx
Attempted import error: 'SelectItem' is not exported from '@/components/ui' (imported as 'SelectItem').

Import trace for requested module:
./src/components/restorative-justice/guided-restorative-conversation-frameworks.tsx

./src/components/restorative-justice/guided-restorative-conversation-frameworks.tsx
Attempted import error: 'Button' is not exported from '@/components/ui' (imported as 'Button').

Import trace for requested module:
./src/components/restorative-justice/guided-restorative-conversation-frameworks.tsx

./src/components/restorative-justice/guided-restorative-conversation-frameworks.tsx
Attempted import error: 'Button' is not exported from '@/components/ui' (imported as 'Button').

Import trace for requested module:
./src/components/restorative-justice/guided-restorative-conversation-frameworks.tsx

./src/components/restorative-justice/guided-restorative-conversation-frameworks.tsx
Attempted import error: 'Label' is not exported from '@/components/ui' (imported as 'Label').

Import trace for requested module:
./src/components/restorative-justice/guided-restorative-conversation-frameworks.tsx

./src/components/restorative-justice/guided-restorative-conversation-frameworks.tsx
Attempted import error: 'Input' is not exported from '@/components/ui' (imported as 'Input').

Import trace for requested module:
./src/components/restorative-justice/guided-restorative-conversation-frameworks.tsx

./src/components/restorative-justice/guided-restorative-conversation-frameworks.tsx
Attempted import error: 'Label' is not exported from '@/components/ui' (imported as 'Label').

Import trace for requested module:
./src/components/restorative-justice/guided-restorative-conversation-frameworks.tsx

./src/components/restorative-justice/guided-restorative-conversation-frameworks.tsx
Attempted import error: 'Textarea' is not exported from '@/components/ui' (imported as 'Textarea').

Import trace for requested module:
./src/components/restorative-justice/guided-restorative-conversation-frameworks.tsx

./src/components/restorative-justice/guided-restorative-conversation-frameworks.tsx
Attempted import error: 'Label' is not exported from '@/components/ui' (imported as 'Label').

Import trace for requested module:
./src/components/restorative-justice/guided-restorative-conversation-frameworks.tsx

./src/components/restorative-justice/guided-restorative-conversation-frameworks.tsx
Attempted import error: 'Button' is not exported from '@/components/ui' (imported as 'Button').

Import trace for requested module:
./src/components/restorative-justice/guided-restorative-conversation-frameworks.tsx

./src/components/restorative-justice/guided-restorative-conversation-frameworks.tsx
Attempted import error: 'Input' is not exported from '@/components/ui' (imported as 'Input').

Import trace for requested module:
./src/components/restorative-justice/guided-restorative-conversation-frameworks.tsx

./src/components/restorative-justice/guided-restorative-conversation-frameworks.tsx
Attempted import error: 'Button' is not exported from '@/components/ui' (imported as 'Button').

Import trace for requested module:
./src/components/restorative-justice/guided-restorative-conversation-frameworks.tsx

./src/components/restorative-justice/guided-restorative-conversation-frameworks.tsx
Attempted import error: 'Button' is not exported from '@/components/ui' (imported as 'Button').

Import trace for requested module:
./src/components/restorative-justice/guided-restorative-conversation-frameworks.tsx

./src/components/restorative-justice/guided-restorative-conversation-frameworks.tsx
Attempted import error: 'Button' is not exported from '@/components/ui' (imported as 'Button').

Import trace for requested module:
./src/components/restorative-justice/guided-restorative-conversation-frameworks.tsx

./src/components/restorative-justice/parent-education/parent-education-resources.tsx
Attempted import error: 'AlertTitle' is not exported from '@/components/ui/alert' (imported as 'AlertTitle').

Import trace for requested module:
./src/components/restorative-justice/parent-education/parent-education-resources.tsx
./src/app/restorative-justice/parent-education/page.tsx

./src/components/restorative-justice/reflection-prompts/age-appropriate-reflection-prompts.tsx
Attempted import error: 'Label' is not exported from '@/components/ui' (imported as 'Label').

Import trace for requested module:
./src/components/restorative-justice/reflection-prompts/age-appropriate-reflection-prompts.tsx

./src/components/restorative-justice/reflection-prompts/age-appropriate-reflection-prompts.tsx
Attempted import error: 'Input' is not exported from '@/components/ui' (imported as 'Input').

Import trace for requested module:
./src/components/restorative-justice/reflection-prompts/age-appropriate-reflection-prompts.tsx

./src/components/restorative-justice/reflection-prompts/age-appropriate-reflection-prompts.tsx
Attempted import error: 'Label' is not exported from '@/components/ui' (imported as 'Label').

Import trace for requested module:
./src/components/restorative-justice/reflection-prompts/age-appropriate-reflection-prompts.tsx

./src/components/restorative-justice/reflection-prompts/age-appropriate-reflection-prompts.tsx
Attempted import error: 'Select' is not exported from '@/components/ui' (imported as 'Select').

Import trace for requested module:
./src/components/restorative-justice/reflection-prompts/age-appropriate-reflection-prompts.tsx

./src/components/restorative-justice/reflection-prompts/age-appropriate-reflection-prompts.tsx
Attempted import error: 'SelectTrigger' is not exported from '@/components/ui' (imported as 'SelectTrigger').

Import trace for requested module:
./src/components/restorative-justice/reflection-prompts/age-appropriate-reflection-prompts.tsx

./src/components/restorative-justice/reflection-prompts/age-appropriate-reflection-prompts.tsx
Attempted import error: 'SelectValue' is not exported from '@/components/ui' (imported as 'SelectValue').

Import trace for requested module:
./src/components/restorative-justice/reflection-prompts/age-appropriate-reflection-prompts.tsx

./src/components/restorative-justice/reflection-prompts/age-appropriate-reflection-prompts.tsx
Attempted import error: 'SelectContent' is not exported from '@/components/ui' (imported as 'SelectContent').

Import trace for requested module:
./src/components/restorative-justice/reflection-prompts/age-appropriate-reflection-prompts.tsx

./src/components/restorative-justice/reflection-prompts/age-appropriate-reflection-prompts.tsx
Attempted import error: 'SelectItem' is not exported from '@/components/ui' (imported as 'SelectItem').

Import trace for requested module:
./src/components/restorative-justice/reflection-prompts/age-appropriate-reflection-prompts.tsx

./src/components/restorative-justice/reflection-prompts/age-appropriate-reflection-prompts.tsx
Attempted import error: 'SelectItem' is not exported from '@/components/ui' (imported as 'SelectItem').

Import trace for requested module:
./src/components/restorative-justice/reflection-prompts/age-appropriate-reflection-prompts.tsx

./src/components/restorative-justice/reflection-prompts/age-appropriate-reflection-prompts.tsx
Attempted import error: 'SelectItem' is not exported from '@/components/ui' (imported as 'SelectItem').

Import trace for requested module:
./src/components/restorative-justice/reflection-prompts/age-appropriate-reflection-prompts.tsx

./src/components/restorative-justice/reflection-prompts/age-appropriate-reflection-prompts.tsx
Attempted import error: 'SelectItem' is not exported from '@/components/ui' (imported as 'SelectItem').

Import trace for requested module:
./src/components/restorative-justice/reflection-prompts/age-appropriate-reflection-prompts.tsx

./src/components/restorative-justice/reflection-prompts/age-appropriate-reflection-prompts.tsx
Attempted import error: 'SelectItem' is not exported from '@/components/ui' (imported as 'SelectItem').

Import trace for requested module:
./src/components/restorative-justice/reflection-prompts/age-appropriate-reflection-prompts.tsx

./src/components/restorative-justice/reflection-prompts/age-appropriate-reflection-prompts.tsx
Attempted import error: 'Label' is not exported from '@/components/ui' (imported as 'Label').

Import trace for requested module:
./src/components/restorative-justice/reflection-prompts/age-appropriate-reflection-prompts.tsx

./src/components/restorative-justice/reflection-prompts/age-appropriate-reflection-prompts.tsx
Attempted import error: 'Select' is not exported from '@/components/ui' (imported as 'Select').

Import trace for requested module:
./src/components/restorative-justice/reflection-prompts/age-appropriate-reflection-prompts.tsx

./src/components/restorative-justice/reflection-prompts/age-appropriate-reflection-prompts.tsx
Attempted import error: 'SelectTrigger' is not exported from '@/components/ui' (imported as 'SelectTrigger').

Import trace for requested module:
./src/components/restorative-justice/reflection-prompts/age-appropriate-reflection-prompts.tsx

./src/components/restorative-justice/reflection-prompts/age-appropriate-reflection-prompts.tsx
Attempted import error: 'SelectValue' is not exported from '@/components/ui' (imported as 'SelectValue').

Import trace for requested module:
./src/components/restorative-justice/reflection-prompts/age-appropriate-reflection-prompts.tsx

./src/components/restorative-justice/reflection-prompts/age-appropriate-reflection-prompts.tsx
Attempted import error: 'SelectContent' is not exported from '@/components/ui' (imported as 'SelectContent').

Import trace for requested module:
./src/components/restorative-justice/reflection-prompts/age-appropriate-reflection-prompts.tsx

./src/components/restorative-justice/reflection-prompts/age-appropriate-reflection-prompts.tsx
Attempted import error: 'SelectItem' is not exported from '@/components/ui' (imported as 'SelectItem').

Import trace for requested module:
./src/components/restorative-justice/reflection-prompts/age-appropriate-reflection-prompts.tsx

./src/components/restorative-justice/reflection-prompts/age-appropriate-reflection-prompts.tsx
Attempted import error: 'SelectItem' is not exported from '@/components/ui' (imported as 'SelectItem').

Import trace for requested module:
./src/components/restorative-justice/reflection-prompts/age-appropriate-reflection-prompts.tsx

./src/components/restorative-justice/reflection-prompts/age-appropriate-reflection-prompts.tsx
Attempted import error: 'SelectItem' is not exported from '@/components/ui' (imported as 'SelectItem').

Import trace for requested module:
./src/components/restorative-justice/reflection-prompts/age-appropriate-reflection-prompts.tsx

./src/components/restorative-justice/reflection-prompts/age-appropriate-reflection-prompts.tsx
Attempted import error: 'SelectItem' is not exported from '@/components/ui' (imported as 'SelectItem').

Import trace for requested module:
./src/components/restorative-justice/reflection-prompts/age-appropriate-reflection-prompts.tsx

./src/components/restorative-justice/reflection-prompts/age-appropriate-reflection-prompts.tsx
Attempted import error: 'SelectItem' is not exported from '@/components/ui' (imported as 'SelectItem').

Import trace for requested module:
./src/components/restorative-justice/reflection-prompts/age-appropriate-reflection-prompts.tsx

./src/components/restorative-justice/reflection-prompts/age-appropriate-reflection-prompts.tsx
Attempted import error: 'SelectItem' is not exported from '@/components/ui' (imported as 'SelectItem').

Import trace for requested module:
./src/components/restorative-justice/reflection-prompts/age-appropriate-reflection-prompts.tsx

./src/components/restorative-justice/reflection-prompts/age-appropriate-reflection-prompts.tsx
Attempted import error: 'SelectItem' is not exported from '@/components/ui' (imported as 'SelectItem').

Import trace for requested module:
./src/components/restorative-justice/reflection-prompts/age-appropriate-reflection-prompts.tsx

./src/components/restorative-justice/reflection-prompts/age-appropriate-reflection-prompts.tsx
Attempted import error: 'SelectItem' is not exported from '@/components/ui' (imported as 'SelectItem').

Import trace for requested module:
./src/components/restorative-justice/reflection-prompts/age-appropriate-reflection-prompts.tsx

./src/components/restorative-justice/reflection-prompts/age-appropriate-reflection-prompts.tsx
Attempted import error: 'SelectItem' is not exported from '@/components/ui' (imported as 'SelectItem').

Import trace for requested module:
./src/components/restorative-justice/reflection-prompts/age-appropriate-reflection-prompts.tsx

./src/components/restorative-justice/reflection-prompts/age-appropriate-reflection-prompts.tsx
Attempted import error: 'SelectItem' is not exported from '@/components/ui' (imported as 'SelectItem').

Import trace for requested module:
./src/components/restorative-justice/reflection-prompts/age-appropriate-reflection-prompts.tsx

./src/components/restorative-justice/reflection-prompts/age-appropriate-reflection-prompts.tsx
Attempted import error: 'SelectItem' is not exported from '@/components/ui' (imported as 'SelectItem').

Import trace for requested module:
./src/components/restorative-justice/reflection-prompts/age-appropriate-reflection-prompts.tsx

./src/components/restorative-justice/reflection-prompts/age-appropriate-reflection-prompts.tsx
Attempted import error: 'SelectItem' is not exported from '@/components/ui' (imported as 'SelectItem').

Import trace for requested module:
./src/components/restorative-justice/reflection-prompts/age-appropriate-reflection-prompts.tsx

./src/components/restorative-justice/reflection-prompts/age-appropriate-reflection-prompts.tsx
Attempted import error: 'SelectItem' is not exported from '@/components/ui' (imported as 'SelectItem').

Import trace for requested module:
./src/components/restorative-justice/reflection-prompts/age-appropriate-reflection-prompts.tsx

./src/components/restorative-justice/reflection-prompts/age-appropriate-reflection-prompts.tsx
Attempted import error: 'Button' is not exported from '@/components/ui' (imported as 'Button').

Import trace for requested module:
./src/components/restorative-justice/reflection-prompts/age-appropriate-reflection-prompts.tsx

./src/components/restorative-justice/reflection-prompts/age-appropriate-reflection-prompts.tsx
Attempted import error: 'Button' is not exported from '@/components/ui' (imported as 'Button').

Import trace for requested module:
./src/components/restorative-justice/reflection-prompts/age-appropriate-reflection-prompts.tsx

./src/components/restorative-justice/reflection-prompts/age-appropriate-reflection-prompts.tsx
Attempted import error: 'Button' is not exported from '@/components/ui' (imported as 'Button').

Import trace for requested module:
./src/components/restorative-justice/reflection-prompts/age-appropriate-reflection-prompts.tsx

./src/components/restorative-justice/reflection-prompts/age-appropriate-reflection-prompts.tsx
Attempted import error: 'Button' is not exported from '@/components/ui' (imported as 'Button').

Import trace for requested module:
./src/components/restorative-justice/reflection-prompts/age-appropriate-reflection-prompts.tsx

./src/components/restorative-justice/reflection-prompts/age-appropriate-reflection-prompts.tsx
Attempted import error: 'Checkbox' is not exported from '@/components/ui' (imported as 'Checkbox').

Import trace for requested module:
./src/components/restorative-justice/reflection-prompts/age-appropriate-reflection-prompts.tsx

./src/components/restorative-justice/reflection-prompts/age-appropriate-reflection-prompts.tsx
Attempted import error: 'Checkbox' is not exported from '@/components/ui' (imported as 'Checkbox').

Import trace for requested module:
./src/components/restorative-justice/reflection-prompts/age-appropriate-reflection-prompts.tsx

./src/components/restorative-justice/reflection-prompts/age-appropriate-reflection-prompts.tsx
Attempted import error: 'Label' is not exported from '@/components/ui' (imported as 'Label').

Import trace for requested module:
./src/components/restorative-justice/reflection-prompts/age-appropriate-reflection-prompts.tsx

./src/components/restorative-justice/reflection-prompts/age-appropriate-reflection-prompts.tsx
Attempted import error: 'Input' is not exported from '@/components/ui' (imported as 'Input').

Import trace for requested module:
./src/components/restorative-justice/reflection-prompts/age-appropriate-reflection-prompts.tsx

./src/components/restorative-justice/reflection-prompts/age-appropriate-reflection-prompts.tsx
Attempted import error: 'Label' is not exported from '@/components/ui' (imported as 'Label').

Import trace for requested module:
./src/components/restorative-justice/reflection-prompts/age-appropriate-reflection-prompts.tsx

./src/components/restorative-justice/reflection-prompts/age-appropriate-reflection-prompts.tsx
Attempted import error: 'Input' is not exported from '@/components/ui' (imported as 'Input').

Import trace for requested module:
./src/components/restorative-justice/reflection-prompts/age-appropriate-reflection-prompts.tsx

./src/components/restorative-justice/reflection-prompts/age-appropriate-reflection-prompts.tsx
Attempted import error: 'Label' is not exported from '@/components/ui' (imported as 'Label').

Import trace for requested module:
./src/components/restorative-justice/reflection-prompts/age-appropriate-reflection-prompts.tsx

./src/components/restorative-justice/reflection-prompts/age-appropriate-reflection-prompts.tsx
Attempted import error: 'Select' is not exported from '@/components/ui' (imported as 'Select').

Import trace for requested module:
./src/components/restorative-justice/reflection-prompts/age-appropriate-reflection-prompts.tsx

./src/components/restorative-justice/reflection-prompts/age-appropriate-reflection-prompts.tsx
Attempted import error: 'SelectTrigger' is not exported from '@/components/ui' (imported as 'SelectTrigger').

Import trace for requested module:
./src/components/restorative-justice/reflection-prompts/age-appropriate-reflection-prompts.tsx

./src/components/restorative-justice/reflection-prompts/age-appropriate-reflection-prompts.tsx
Attempted import error: 'SelectValue' is not exported from '@/components/ui' (imported as 'SelectValue').

Import trace for requested module:
./src/components/restorative-justice/reflection-prompts/age-appropriate-reflection-prompts.tsx

./src/components/restorative-justice/reflection-prompts/age-appropriate-reflection-prompts.tsx
Attempted import error: 'SelectContent' is not exported from '@/components/ui' (imported as 'SelectContent').

Import trace for requested module:
./src/components/restorative-justice/reflection-prompts/age-appropriate-reflection-prompts.tsx

./src/components/restorative-justice/reflection-prompts/age-appropriate-reflection-prompts.tsx
Attempted import error: 'SelectItem' is not exported from '@/components/ui' (imported as 'SelectItem').

Import trace for requested module:
./src/components/restorative-justice/reflection-prompts/age-appropriate-reflection-prompts.tsx

./src/components/restorative-justice/reflection-prompts/age-appropriate-reflection-prompts.tsx
Attempted import error: 'SelectItem' is not exported from '@/components/ui' (imported as 'SelectItem').

Import trace for requested module:
./src/components/restorative-justice/reflection-prompts/age-appropriate-reflection-prompts.tsx

./src/components/restorative-justice/reflection-prompts/age-appropriate-reflection-prompts.tsx
Attempted import error: 'SelectItem' is not exported from '@/components/ui' (imported as 'SelectItem').

Import trace for requested module:
./src/components/restorative-justice/reflection-prompts/age-appropriate-reflection-prompts.tsx

./src/components/restorative-justice/reflection-prompts/age-appropriate-reflection-prompts.tsx
Attempted import error: 'SelectItem' is not exported from '@/components/ui' (imported as 'SelectItem').

Import trace for requested module:
./src/components/restorative-justice/reflection-prompts/age-appropriate-reflection-prompts.tsx

./src/components/restorative-justice/reflection-prompts/age-appropriate-reflection-prompts.tsx
Attempted import error: 'Label' is not exported from '@/components/ui' (imported as 'Label').

Import trace for requested module:
./src/components/restorative-justice/reflection-prompts/age-appropriate-reflection-prompts.tsx

./src/components/restorative-justice/reflection-prompts/age-appropriate-reflection-prompts.tsx
Attempted import error: 'Select' is not exported from '@/components/ui' (imported as 'Select').

Import trace for requested module:
./src/components/restorative-justice/reflection-prompts/age-appropriate-reflection-prompts.tsx

./src/components/restorative-justice/reflection-prompts/age-appropriate-reflection-prompts.tsx
Attempted import error: 'SelectTrigger' is not exported from '@/components/ui' (imported as 'SelectTrigger').

Import trace for requested module:
./src/components/restorative-justice/reflection-prompts/age-appropriate-reflection-prompts.tsx

./src/components/restorative-justice/reflection-prompts/age-appropriate-reflection-prompts.tsx
Attempted import error: 'SelectValue' is not exported from '@/components/ui' (imported as 'SelectValue').

Import trace for requested module:
./src/components/restorative-justice/reflection-prompts/age-appropriate-reflection-prompts.tsx

./src/components/restorative-justice/reflection-prompts/age-appropriate-reflection-prompts.tsx
Attempted import error: 'SelectContent' is not exported from '@/components/ui' (imported as 'SelectContent').

Import trace for requested module:
./src/components/restorative-justice/reflection-prompts/age-appropriate-reflection-prompts.tsx

./src/components/restorative-justice/reflection-prompts/age-appropriate-reflection-prompts.tsx
Attempted import error: 'SelectItem' is not exported from '@/components/ui' (imported as 'SelectItem').

Import trace for requested module:
./src/components/restorative-justice/reflection-prompts/age-appropriate-reflection-prompts.tsx

./src/components/restorative-justice/reflection-prompts/age-appropriate-reflection-prompts.tsx
Attempted import error: 'SelectItem' is not exported from '@/components/ui' (imported as 'SelectItem').

Import trace for requested module:
./src/components/restorative-justice/reflection-prompts/age-appropriate-reflection-prompts.tsx

./src/components/restorative-justice/reflection-prompts/age-appropriate-reflection-prompts.tsx
Attempted import error: 'SelectItem' is not exported from '@/components/ui' (imported as 'SelectItem').

Import trace for requested module:
./src/components/restorative-justice/reflection-prompts/age-appropriate-reflection-prompts.tsx

./src/components/restorative-justice/reflection-prompts/age-appropriate-reflection-prompts.tsx
Attempted import error: 'SelectItem' is not exported from '@/components/ui' (imported as 'SelectItem').

Import trace for requested module:
./src/components/restorative-justice/reflection-prompts/age-appropriate-reflection-prompts.tsx

./src/components/restorative-justice/reflection-prompts/age-appropriate-reflection-prompts.tsx
Attempted import error: 'SelectItem' is not exported from '@/components/ui' (imported as 'SelectItem').

Import trace for requested module:
./src/components/restorative-justice/reflection-prompts/age-appropriate-reflection-prompts.tsx

./src/components/restorative-justice/reflection-prompts/age-appropriate-reflection-prompts.tsx
Attempted import error: 'SelectItem' is not exported from '@/components/ui' (imported as 'SelectItem').

Import trace for requested module:
./src/components/restorative-justice/reflection-prompts/age-appropriate-reflection-prompts.tsx

./src/components/restorative-justice/reflection-prompts/age-appropriate-reflection-prompts.tsx
Attempted import error: 'SelectItem' is not exported from '@/components/ui' (imported as 'SelectItem').

Import trace for requested module:
./src/components/restorative-justice/reflection-prompts/age-appropriate-reflection-prompts.tsx

./src/components/restorative-justice/reflection-prompts/age-appropriate-reflection-prompts.tsx
Attempted import error: 'SelectItem' is not exported from '@/components/ui' (imported as 'SelectItem').

Import trace for requested module:
./src/components/restorative-justice/reflection-prompts/age-appropriate-reflection-prompts.tsx

./src/components/restorative-justice/reflection-prompts/age-appropriate-reflection-prompts.tsx
Attempted import error: 'SelectItem' is not exported from '@/components/ui' (imported as 'SelectItem').

Import trace for requested module:
./src/components/restorative-justice/reflection-prompts/age-appropriate-reflection-prompts.tsx

./src/components/restorative-justice/reflection-prompts/age-appropriate-reflection-prompts.tsx
Attempted import error: 'SelectItem' is not exported from '@/components/ui' (imported as 'SelectItem').

Import trace for requested module:
./src/components/restorative-justice/reflection-prompts/age-appropriate-reflection-prompts.tsx

./src/components/restorative-justice/reflection-prompts/age-appropriate-reflection-prompts.tsx
Attempted import error: 'SelectItem' is not exported from '@/components/ui' (imported as 'SelectItem').

Import trace for requested module:
./src/components/restorative-justice/reflection-prompts/age-appropriate-reflection-prompts.tsx

./src/components/restorative-justice/reflection-prompts/age-appropriate-reflection-prompts.tsx
Attempted import error: 'SelectItem' is not exported from '@/components/ui' (imported as 'SelectItem').

Import trace for requested module:
./src/components/restorative-justice/reflection-prompts/age-appropriate-reflection-prompts.tsx

./src/components/restorative-justice/reflection-prompts/age-appropriate-reflection-prompts.tsx
Attempted import error: 'SelectItem' is not exported from '@/components/ui' (imported as 'SelectItem').

Import trace for requested module:
./src/components/restorative-justice/reflection-prompts/age-appropriate-reflection-prompts.tsx

./src/components/restorative-justice/reflection-prompts/age-appropriate-reflection-prompts.tsx
Attempted import error: 'Label' is not exported from '@/components/ui' (imported as 'Label').

Import trace for requested module:
./src/components/restorative-justice/reflection-prompts/age-appropriate-reflection-prompts.tsx

./src/components/restorative-justice/reflection-prompts/age-appropriate-reflection-prompts.tsx
Attempted import error: 'Textarea' is not exported from '@/components/ui' (imported as 'Textarea').

Import trace for requested module:
./src/components/restorative-justice/reflection-prompts/age-appropriate-reflection-prompts.tsx

./src/components/restorative-justice/reflection-prompts/age-appropriate-reflection-prompts.tsx
Attempted import error: 'Label' is not exported from '@/components/ui' (imported as 'Label').

Import trace for requested module:
./src/components/restorative-justice/reflection-prompts/age-appropriate-reflection-prompts.tsx

./src/components/restorative-justice/reflection-prompts/age-appropriate-reflection-prompts.tsx
Attempted import error: 'Button' is not exported from '@/components/ui' (imported as 'Button').

Import trace for requested module:
./src/components/restorative-justice/reflection-prompts/age-appropriate-reflection-prompts.tsx

./src/components/restorative-justice/reflection-prompts/age-appropriate-reflection-prompts.tsx
Attempted import error: 'Input' is not exported from '@/components/ui' (imported as 'Input').

Import trace for requested module:
./src/components/restorative-justice/reflection-prompts/age-appropriate-reflection-prompts.tsx

./src/components/restorative-justice/reflection-prompts/age-appropriate-reflection-prompts.tsx
Attempted import error: 'Button' is not exported from '@/components/ui' (imported as 'Button').

Import trace for requested module:
./src/components/restorative-justice/reflection-prompts/age-appropriate-reflection-prompts.tsx

./src/components/restorative-justice/reflection-prompts/age-appropriate-reflection-prompts.tsx
Attempted import error: 'Label' is not exported from '@/components/ui' (imported as 'Label').

Import trace for requested module:
./src/components/restorative-justice/reflection-prompts/age-appropriate-reflection-prompts.tsx

./src/components/restorative-justice/reflection-prompts/age-appropriate-reflection-prompts.tsx
Attempted import error: 'Checkbox' is not exported from '@/components/ui' (imported as 'Checkbox').

Import trace for requested module:
./src/components/restorative-justice/reflection-prompts/age-appropriate-reflection-prompts.tsx

./src/components/restorative-justice/reflection-prompts/age-appropriate-reflection-prompts.tsx
Attempted import error: 'Checkbox' is not exported from '@/components/ui' (imported as 'Checkbox').

Import trace for requested module:
./src/components/restorative-justice/reflection-prompts/age-appropriate-reflection-prompts.tsx

./src/components/restorative-justice/reflection-prompts/age-appropriate-reflection-prompts.tsx
Attempted import error: 'Button' is not exported from '@/components/ui' (imported as 'Button').

Import trace for requested module:
./src/components/restorative-justice/reflection-prompts/age-appropriate-reflection-prompts.tsx

./src/components/restorative-justice/reflection-prompts/age-appropriate-reflection-prompts.tsx
Attempted import error: 'Button' is not exported from '@/components/ui' (imported as 'Button').

Import trace for requested module:
./src/components/restorative-justice/reflection-prompts/age-appropriate-reflection-prompts.tsx

./src/lib/auth/users.ts
Attempted import error: 'db' is not exported from '../db' (imported as 'db').

Import trace for requested module:
./src/lib/auth/users.ts

./src/lib/auth/users.ts
Attempted import error: 'db' is not exported from '../db' (imported as 'db').

Import trace for requested module:
./src/lib/auth/users.ts

./src/lib/auth/users.ts
Attempted import error: 'db' is not exported from '../db' (imported as 'db').

Import trace for requested module:
./src/lib/auth/users.ts

./src/lib/auth/users.ts
Attempted import error: 'db' is not exported from '../db' (imported as 'db').

Import trace for requested module:
./src/lib/auth/users.ts

./src/lib/auth/users.ts
Attempted import error: 'db' is not exported from '../db' (imported as 'db').

Import trace for requested module:
./src/lib/auth/users.ts

./src/lib/auth/users.ts
Attempted import error: 'db' is not exported from '../db' (imported as 'db').

Import trace for requested module:
./src/lib/auth/users.ts

./src/lib/auth/users.ts
Attempted import error: 'db' is not exported from '../db' (imported as 'db').

Import trace for requested module:
./src/lib/auth/users.ts

./src/lib/auth/users.ts
Attempted import error: 'db' is not exported from '../db' (imported as 'db').

Import trace for requested module:
./src/lib/auth/users.ts

./src/lib/auth/users.ts
Attempted import error: 'db' is not exported from '../db' (imported as 'db').

Import trace for requested module:
./src/lib/auth/users.ts

./src/lib/auth/users.ts
Attempted import error: 'db' is not exported from '../db' (imported as 'db').

Import trace for requested module:
./src/lib/auth/users.ts

./src/lib/auth/users.ts
Attempted import error: 'db' is not exported from '../db' (imported as 'db').

Import trace for requested module:
./src/lib/auth/users.ts

./src/app/api/ai/accessibility/high-contrast/route.ts
Attempted import error: 'prisma' is not exported from '@/lib/db' (imported as 'prisma').

Import trace for requested module:
./src/app/api/ai/accessibility/high-contrast/route.ts

./src/app/api/ai/accessibility/high-contrast/route.ts
Attempted import error: 'prisma' is not exported from '@/lib/db' (imported as 'prisma').

Import trace for requested module:
./src/app/api/ai/accessibility/high-contrast/route.ts

./src/app/api/ai/accessibility/keyboard-navigation/route.ts
Attempted import error: 'prisma' is not exported from '@/lib/db' (imported as 'prisma').

Import trace for requested module:
./src/app/api/ai/accessibility/keyboard-navigation/route.ts

./src/app/api/ai/accessibility/keyboard-navigation/route.ts
Attempted import error: 'prisma' is not exported from '@/lib/db' (imported as 'prisma').

Import trace for requested module:
./src/app/api/ai/accessibility/keyboard-navigation/route.ts

./src/app/api/ai/accessibility/reduced-motion/route.ts
Attempted import error: 'prisma' is not exported from '@/lib/db' (imported as 'prisma').

Import trace for requested module:
./src/app/api/ai/accessibility/reduced-motion/route.ts

./src/app/api/ai/accessibility/reduced-motion/route.ts
Attempted import error: 'prisma' is not exported from '@/lib/db' (imported as 'prisma').

Import trace for requested module:
./src/app/api/ai/accessibility/reduced-motion/route.ts

./src/app/api/ai/accessibility/route.ts
Attempted import error: 'prisma' is not exported from '@/lib/db' (imported as 'prisma').

Import trace for requested module:
./src/app/api/ai/accessibility/route.ts

./src/app/api/ai/accessibility/route.ts
Attempted import error: 'prisma' is not exported from '@/lib/db' (imported as 'prisma').

Import trace for requested module:
./src/app/api/ai/accessibility/route.ts

./src/app/api/ai/accessibility/screen-reader-optimization/route.ts
Attempted import error: 'prisma' is not exported from '@/lib/db' (imported as 'prisma').

Import trace for requested module:
./src/app/api/ai/accessibility/screen-reader-optimization/route.ts

./src/app/api/ai/accessibility/screen-reader-optimization/route.ts
Attempted import error: 'prisma' is not exported from '@/lib/db' (imported as 'prisma').

Import trace for requested module:
./src/app/api/ai/accessibility/screen-reader-optimization/route.ts

./src/app/api/ai/accessibility/speech-to-text/route.ts
Attempted import error: 'prisma' is not exported from '@/lib/db' (imported as 'prisma').

Import trace for requested module:
./src/app/api/ai/accessibility/speech-to-text/route.ts

./src/app/api/ai/accessibility/speech-to-text/route.ts
Attempted import error: 'prisma' is not exported from '@/lib/db' (imported as 'prisma').

Import trace for requested module:
./src/app/api/ai/accessibility/speech-to-text/route.ts

./src/app/api/ai/accessibility/text-to-speech/route.ts
Attempted import error: 'prisma' is not exported from '@/lib/db' (imported as 'prisma').

Import trace for requested module:
./src/app/api/ai/accessibility/text-to-speech/route.ts

./src/app/api/ai/adaptive-complexity/route.ts
Attempted import error: 'prisma' is not exported from '@/lib/db' (imported as 'prisma').

Import trace for requested module:
./src/app/api/ai/adaptive-complexity/route.ts

./src/app/api/ai/adaptive-complexity/route.ts
Attempted import error: 'prisma' is not exported from '@/lib/db' (imported as 'prisma').

Import trace for requested module:
./src/app/api/ai/adaptive-complexity/route.ts

./src/app/api/ai/adaptive-complexity/route.ts
Attempted import error: 'prisma' is not exported from '@/lib/db' (imported as 'prisma').

Import trace for requested module:
./src/app/api/ai/adaptive-complexity/route.ts

./src/app/api/ai/adaptive-complexity/route.ts
Attempted import error: 'prisma' is not exported from '@/lib/db' (imported as 'prisma').

Import trace for requested module:
./src/app/api/ai/adaptive-complexity/route.ts

./src/app/api/ai/adaptive-complexity/route.ts
Attempted import error: 'prisma' is not exported from '@/lib/db' (imported as 'prisma').

Import trace for requested module:
./src/app/api/ai/adaptive-complexity/route.ts

./src/app/api/ai/content-transformation/route.ts
Attempted import error: 'prisma' is not exported from '@/lib/db' (imported as 'prisma').

Import trace for requested module:
./src/app/api/ai/content-transformation/route.ts

./src/app/api/ai/content-transformation/route.ts
Attempted import error: 'prisma' is not exported from '@/lib/db' (imported as 'prisma').

Import trace for requested module:
./src/app/api/ai/content-transformation/route.ts

./src/app/api/ai/content-transformation/route.ts
Attempted import error: 'prisma' is not exported from '@/lib/db' (imported as 'prisma').

Import trace for requested module:
./src/app/api/ai/content-transformation/route.ts

./src/app/api/ai/content-transformation/route.ts
Attempted import error: 'prisma' is not exported from '@/lib/db' (imported as 'prisma').

Import trace for requested module:
./src/app/api/ai/content-transformation/route.ts

./src/app/api/ai/curriculum-differentiation/route.ts
Attempted import error: 'prisma' is not exported from '@/lib/db' (imported as 'prisma').

Import trace for requested module:
./src/app/api/ai/curriculum-differentiation/route.ts

./src/app/api/ai/curriculum-differentiation/route.ts
Attempted import error: 'prisma' is not exported from '@/lib/db' (imported as 'prisma').

Import trace for requested module:
./src/app/api/ai/curriculum-differentiation/route.ts

./src/app/api/ai/curriculum-differentiation/route.ts
Attempted import error: 'prisma' is not exported from '@/lib/db' (imported as 'prisma').

Import trace for requested module:
./src/app/api/ai/curriculum-differentiation/route.ts

./src/app/api/ai/emotional-checkin/route.ts
Attempted import error: 'prisma' is not exported from '@/lib/db' (imported as 'prisma').

Import trace for requested module:
./src/app/api/ai/emotional-checkin/route.ts

./src/app/api/ai/emotional-checkin/route.ts
Attempted import error: 'prisma' is not exported from '@/lib/db' (imported as 'prisma').

Import trace for requested module:
./src/app/api/ai/emotional-checkin/route.ts

./src/app/api/ai/emotional-checkin/route.ts
Attempted import error: 'prisma' is not exported from '@/lib/db' (imported as 'prisma').

Import trace for requested module:
./src/app/api/ai/emotional-checkin/route.ts

./src/app/api/ai/learning-style/route.ts
Attempted import error: 'prisma' is not exported from '@/lib/db' (imported as 'prisma').

Import trace for requested module:
./src/app/api/ai/learning-style/route.ts

./src/app/api/ai/learning-style/route.ts
Attempted import error: 'prisma' is not exported from '@/lib/db' (imported as 'prisma').

Import trace for requested module:
./src/app/api/ai/learning-style/route.ts

./src/app/api/ai/multi-modal-content/route.ts
Attempted import error: 'prisma' is not exported from '@/lib/db' (imported as 'prisma').

Import trace for requested module:
./src/app/api/ai/multi-modal-content/route.ts

./src/app/api/ai/multi-modal-content/route.ts
Attempted import error: 'prisma' is not exported from '@/lib/db' (imported as 'prisma').

Import trace for requested module:
./src/app/api/ai/multi-modal-content/route.ts

./src/app/api/ai/multi-modal-content/route.ts
Attempted import error: 'prisma' is not exported from '@/lib/db' (imported as 'prisma').

Import trace for requested module:
./src/app/api/ai/multi-modal-content/route.ts

./src/app/api/ai/multi-modal-content/route.ts
Attempted import error: 'prisma' is not exported from '@/lib/db' (imported as 'prisma').

Import trace for requested module:
./src/app/api/ai/multi-modal-content/route.ts

./src/app/api/ai/progress-pacing/route.ts
Attempted import error: 'prisma' is not exported from '@/lib/db' (imported as 'prisma').

Import trace for requested module:
./src/app/api/ai/progress-pacing/route.ts

./src/app/api/ai/progress-pacing/route.ts
Attempted import error: 'prisma' is not exported from '@/lib/db' (imported as 'prisma').

Import trace for requested module:
./src/app/api/ai/progress-pacing/route.ts

./src/app/api/ai/progress-pacing/route.ts
Attempted import error: 'prisma' is not exported from '@/lib/db' (imported as 'prisma').

Import trace for requested module:
./src/app/api/ai/progress-pacing/route.ts

./src/app/api/ai/progress-pacing/route.ts
Attempted import error: 'prisma' is not exported from '@/lib/db' (imported as 'prisma').

Import trace for requested module:
./src/app/api/ai/progress-pacing/route.ts

./src/app/api/ai/progress-pacing/route.ts
Attempted import error: 'prisma' is not exported from '@/lib/db' (imported as 'prisma').

Import trace for requested module:
./src/app/api/ai/progress-pacing/route.ts

./src/app/api/ai/speech-recognition/calibration/route.ts
Attempted import error: 'prisma' is not exported from '@/lib/db' (imported as 'prisma').

Import trace for requested module:
./src/app/api/ai/speech-recognition/calibration/route.ts

./src/app/api/ai/speech-recognition/calibration/route.ts
Attempted import error: 'prisma' is not exported from '@/lib/db' (imported as 'prisma').

Import trace for requested module:
./src/app/api/ai/speech-recognition/calibration/route.ts

./src/app/api/ai/speech-recognition/route.ts
Attempted import error: 'prisma' is not exported from '@/lib/db' (imported as 'prisma').

Import trace for requested module:
./src/app/api/ai/speech-recognition/route.ts

./src/app/api/ai/speech-recognition/route.ts
Attempted import error: 'prisma' is not exported from '@/lib/db' (imported as 'prisma').

Import trace for requested module:
./src/app/api/ai/speech-recognition/route.ts

./src/app/api/blog/categories/route.ts
Attempted import error: 'prisma' is not exported from '@/lib/db' (imported as 'prisma').

Import trace for requested module:
./src/app/api/blog/categories/route.ts

./src/app/api/blog/categories/route.ts
Attempted import error: 'prisma' is not exported from '@/lib/db' (imported as 'prisma').

Import trace for requested module:
./src/app/api/blog/categories/route.ts

./src/app/api/blog/categories/route.ts
Attempted import error: 'prisma' is not exported from '@/lib/db' (imported as 'prisma').

Import trace for requested module:
./src/app/api/blog/categories/route.ts

./src/app/api/blog/categories/route.ts
Attempted import error: 'prisma' is not exported from '@/lib/db' (imported as 'prisma').

Import trace for requested module:
./src/app/api/blog/categories/route.ts

./src/app/api/blog/categories/route.ts
Attempted import error: 'prisma' is not exported from '@/lib/db' (imported as 'prisma').

Import trace for requested module:
./src/app/api/blog/categories/route.ts

./src/app/api/blog/categories/route.ts
Attempted import error: 'prisma' is not exported from '@/lib/db' (imported as 'prisma').

Import trace for requested module:
./src/app/api/blog/categories/route.ts

./src/app/api/blog/categories/route.ts
Attempted import error: 'prisma' is not exported from '@/lib/db' (imported as 'prisma').

Import trace for requested module:
./src/app/api/blog/categories/route.ts

./src/app/api/blog/categories/route.ts
Attempted import error: 'prisma' is not exported from '@/lib/db' (imported as 'prisma').

Import trace for requested module:
./src/app/api/blog/categories/route.ts

./src/app/api/blog/categories/route.ts
Attempted import error: 'prisma' is not exported from '@/lib/db' (imported as 'prisma').

Import trace for requested module:
./src/app/api/blog/categories/route.ts

./src/app/api/blog/categories/route.ts
Attempted import error: 'prisma' is not exported from '@/lib/db' (imported as 'prisma').

Import trace for requested module:
./src/app/api/blog/categories/route.ts

./src/app/api/blog/categories/route.ts
Attempted import error: 'prisma' is not exported from '@/lib/db' (imported as 'prisma').

Import trace for requested module:
./src/app/api/blog/categories/route.ts

./src/app/api/blog/comments/route.ts
Attempted import error: 'prisma' is not exported from '@/lib/db' (imported as 'prisma').

Import trace for requested module:
./src/app/api/blog/comments/route.ts

./src/app/api/blog/comments/route.ts
Attempted import error: 'prisma' is not exported from '@/lib/db' (imported as 'prisma').

Import trace for requested module:
./src/app/api/blog/comments/route.ts

./src/app/api/blog/comments/route.ts
Attempted import error: 'prisma' is not exported from '@/lib/db' (imported as 'prisma').

Import trace for requested module:
./src/app/api/blog/comments/route.ts

./src/app/api/blog/comments/route.ts
Attempted import error: 'prisma' is not exported from '@/lib/db' (imported as 'prisma').

Import trace for requested module:
./src/app/api/blog/comments/route.ts

./src/app/api/blog/comments/route.ts
Attempted import error: 'prisma' is not exported from '@/lib/db' (imported as 'prisma').

Import trace for requested module:
./src/app/api/blog/comments/route.ts

./src/app/api/blog/comments/route.ts
Attempted import error: 'prisma' is not exported from '@/lib/db' (imported as 'prisma').

Import trace for requested module:
./src/app/api/blog/comments/route.ts

./src/app/api/blog/comments/route.ts
Attempted import error: 'prisma' is not exported from '@/lib/db' (imported as 'prisma').

Import trace for requested module:
./src/app/api/blog/comments/route.ts

./src/app/api/blog/comments/route.ts
Attempted import error: 'prisma' is not exported from '@/lib/db' (imported as 'prisma').

Import trace for requested module:
./src/app/api/blog/comments/route.ts

./src/app/api/blog/comments/route.ts
Attempted import error: 'prisma' is not exported from '@/lib/db' (imported as 'prisma').

Import trace for requested module:
./src/app/api/blog/comments/route.ts

./src/app/api/blog/comments/route.ts
Attempted import error: 'prisma' is not exported from '@/lib/db' (imported as 'prisma').

Import trace for requested module:
./src/app/api/blog/comments/route.ts

./src/app/api/blog/generate/route.ts
Attempted import error: 'prisma' is not exported from '@/lib/db' (imported as 'prisma').

Import trace for requested module:
./src/app/api/blog/generate/route.ts

./src/app/api/blog/generate/route.ts
Attempted import error: 'prisma' is not exported from '@/lib/db' (imported as 'prisma').

Import trace for requested module:
./src/app/api/blog/generate/route.ts

./src/app/api/blog/generate/route.ts
Attempted import error: 'prisma' is not exported from '@/lib/db' (imported as 'prisma').

Import trace for requested module:
./src/app/api/blog/generate/route.ts

./src/app/api/blog/generate/route.ts
Attempted import error: 'prisma' is not exported from '@/lib/db' (imported as 'prisma').

Import trace for requested module:
./src/app/api/blog/generate/route.ts

./src/app/api/blog/generate/route.ts
Attempted import error: 'prisma' is not exported from '@/lib/db' (imported as 'prisma').

Import trace for requested module:
./src/app/api/blog/generate/route.ts

./src/app/api/blog/generate/route.ts
Attempted import error: 'prisma' is not exported from '@/lib/db' (imported as 'prisma').

Import trace for requested module:
./src/app/api/blog/generate/route.ts

./src/app/api/blog/generate/route.ts
Attempted import error: 'prisma' is not exported from '@/lib/db' (imported as 'prisma').

Import trace for requested module:
./src/app/api/blog/generate/route.ts

./src/app/api/blog/generate/route.ts
Attempted import error: 'prisma' is not exported from '@/lib/db' (imported as 'prisma').

Import trace for requested module:
./src/app/api/blog/generate/route.ts

./src/app/api/blog/generate/route.ts
Attempted import error: 'prisma' is not exported from '@/lib/db' (imported as 'prisma').

Import trace for requested module:
./src/app/api/blog/generate/route.ts

./src/app/api/blog/posts/route.ts
Attempted import error: 'prisma' is not exported from '@/lib/db' (imported as 'prisma').

Import trace for requested module:
./src/app/api/blog/posts/route.ts

./src/app/api/blog/posts/route.ts
Attempted import error: 'prisma' is not exported from '@/lib/db' (imported as 'prisma').

Import trace for requested module:
./src/app/api/blog/posts/route.ts

./src/app/api/blog/posts/route.ts
Attempted import error: 'prisma' is not exported from '@/lib/db' (imported as 'prisma').

Import trace for requested module:
./src/app/api/blog/posts/route.ts

./src/app/api/blog/posts/route.ts
Attempted import error: 'prisma' is not exported from '@/lib/db' (imported as 'prisma').

Import trace for requested module:
./src/app/api/blog/posts/route.ts

./src/app/api/blog/posts/route.ts
Attempted import error: 'prisma' is not exported from '@/lib/db' (imported as 'prisma').

Import trace for requested module:
./src/app/api/blog/posts/route.ts

./src/app/api/blog/posts/route.ts
Attempted import error: 'prisma' is not exported from '@/lib/db' (imported as 'prisma').

Import trace for requested module:
./src/app/api/blog/posts/route.ts

./src/app/api/blog/posts/route.ts
Attempted import error: 'prisma' is not exported from '@/lib/db' (imported as 'prisma').

Import trace for requested module:
./src/app/api/blog/posts/route.ts

./src/app/api/blog/posts/route.ts
Attempted import error: 'prisma' is not exported from '@/lib/db' (imported as 'prisma').

Import trace for requested module:
./src/app/api/blog/posts/route.ts

./src/app/api/blog/posts/route.ts
Attempted import error: 'prisma' is not exported from '@/lib/db' (imported as 'prisma').

Import trace for requested module:
./src/app/api/blog/posts/route.ts

./src/app/api/blog/posts/route.ts
Attempted import error: 'prisma' is not exported from '@/lib/db' (imported as 'prisma').

Import trace for requested module:
./src/app/api/blog/posts/route.ts

./src/app/api/blog/posts/route.ts
Attempted import error: 'prisma' is not exported from '@/lib/db' (imported as 'prisma').

Import trace for requested module:
./src/app/api/blog/posts/route.ts

./src/app/api/blog/schedules/route.ts
Attempted import error: 'prisma' is not exported from '@/lib/db' (imported as 'prisma').

Import trace for requested module:
./src/app/api/blog/schedules/route.ts

./src/app/api/blog/schedules/route.ts
Attempted import error: 'prisma' is not exported from '@/lib/db' (imported as 'prisma').

Import trace for requested module:
./src/app/api/blog/schedules/route.ts

./src/app/api/blog/schedules/route.ts
Attempted import error: 'prisma' is not exported from '@/lib/db' (imported as 'prisma').

Import trace for requested module:
./src/app/api/blog/schedules/route.ts

./src/app/api/blog/schedules/route.ts
Attempted import error: 'prisma' is not exported from '@/lib/db' (imported as 'prisma').

Import trace for requested module:
./src/app/api/blog/schedules/route.ts

./src/app/api/blog/schedules/route.ts
Attempted import error: 'prisma' is not exported from '@/lib/db' (imported as 'prisma').

Import trace for requested module:
./src/app/api/blog/schedules/route.ts

./src/app/api/blog/schedules/route.ts
Attempted import error: 'prisma' is not exported from '@/lib/db' (imported as 'prisma').

Import trace for requested module:
./src/app/api/blog/schedules/route.ts

./src/app/api/blog/schedules/route.ts
Attempted import error: 'prisma' is not exported from '@/lib/db' (imported as 'prisma').

Import trace for requested module:
./src/app/api/blog/schedules/route.ts

./src/app/api/faq/categories/route.ts
Attempted import error: 'prisma' is not exported from '@/lib/db' (imported as 'prisma').

Import trace for requested module:
./src/app/api/faq/categories/route.ts

./src/app/api/faq/categories/route.ts
Attempted import error: 'prisma' is not exported from '@/lib/db' (imported as 'prisma').

Import trace for requested module:
./src/app/api/faq/categories/route.ts

./src/app/api/faq/categories/route.ts
Attempted import error: 'prisma' is not exported from '@/lib/db' (imported as 'prisma').

Import trace for requested module:
./src/app/api/faq/categories/route.ts

./src/app/api/faq/categories/route.ts
Attempted import error: 'prisma' is not exported from '@/lib/db' (imported as 'prisma').

Import trace for requested module:
./src/app/api/faq/categories/route.ts

./src/app/api/faq/categories/route.ts
Attempted import error: 'prisma' is not exported from '@/lib/db' (imported as 'prisma').

Import trace for requested module:
./src/app/api/faq/categories/route.ts

./src/app/api/faq/categories/route.ts
Attempted import error: 'prisma' is not exported from '@/lib/db' (imported as 'prisma').

Import trace for requested module:
./src/app/api/faq/categories/route.ts

./src/app/api/faq/categories/route.ts
Attempted import error: 'prisma' is not exported from '@/lib/db' (imported as 'prisma').

Import trace for requested module:
./src/app/api/faq/categories/route.ts

./src/app/api/faq/categories/route.ts
Attempted import error: 'prisma' is not exported from '@/lib/db' (imported as 'prisma').

Import trace for requested module:
./src/app/api/faq/categories/route.ts

./src/app/api/faq/categories/route.ts
Attempted import error: 'prisma' is not exported from '@/lib/db' (imported as 'prisma').

Import trace for requested module:
./src/app/api/faq/categories/route.ts

./src/app/api/faq/chat/route.ts
Attempted import error: 'prisma' is not exported from '@/lib/db' (imported as 'prisma').

Import trace for requested module:
./src/app/api/faq/chat/route.ts

./src/app/api/faq/chat/route.ts
Attempted import error: 'prisma' is not exported from '@/lib/db' (imported as 'prisma').

Import trace for requested module:
./src/app/api/faq/chat/route.ts

./src/app/api/faq/chat/route.ts
Attempted import error: 'prisma' is not exported from '@/lib/db' (imported as 'prisma').

Import trace for requested module:
./src/app/api/faq/chat/route.ts

./src/app/api/faq/chat/route.ts
Attempted import error: 'prisma' is not exported from '@/lib/db' (imported as 'prisma').

Import trace for requested module:
./src/app/api/faq/chat/route.ts

./src/app/api/faq/chat/route.ts
Attempted import error: 'prisma' is not exported from '@/lib/db' (imported as 'prisma').

Import trace for requested module:
./src/app/api/faq/chat/route.ts

./src/app/api/faq/chat/route.ts
Attempted import error: 'prisma' is not exported from '@/lib/db' (imported as 'prisma').

Import trace for requested module:
./src/app/api/faq/chat/route.ts

./src/app/api/faq/questions/route.ts
Attempted import error: 'prisma' is not exported from '@/lib/db' (imported as 'prisma').

Import trace for requested module:
./src/app/api/faq/questions/route.ts

./src/app/api/faq/questions/route.ts
Attempted import error: 'prisma' is not exported from '@/lib/db' (imported as 'prisma').

Import trace for requested module:
./src/app/api/faq/questions/route.ts

./src/app/api/faq/questions/route.ts
Attempted import error: 'prisma' is not exported from '@/lib/db' (imported as 'prisma').

Import trace for requested module:
./src/app/api/faq/questions/route.ts

./src/app/api/faq/questions/route.ts
Attempted import error: 'prisma' is not exported from '@/lib/db' (imported as 'prisma').

Import trace for requested module:
./src/app/api/faq/questions/route.ts

./src/app/api/faq/questions/route.ts
Attempted import error: 'prisma' is not exported from '@/lib/db' (imported as 'prisma').

Import trace for requested module:
./src/app/api/faq/questions/route.ts

./src/app/api/faq/questions/route.ts
Attempted import error: 'prisma' is not exported from '@/lib/db' (imported as 'prisma').

Import trace for requested module:
./src/app/api/faq/questions/route.ts

./src/app/api/faq/questions/route.ts
Attempted import error: 'prisma' is not exported from '@/lib/db' (imported as 'prisma').

Import trace for requested module:
./src/app/api/faq/questions/route.ts

./src/app/api/faq/questions/route.ts
Attempted import error: 'prisma' is not exported from '@/lib/db' (imported as 'prisma').

Import trace for requested module:
./src/app/api/faq/questions/route.ts

./src/app/api/faq/questions/route.ts
Attempted import error: 'prisma' is not exported from '@/lib/db' (imported as 'prisma').

Import trace for requested module:
./src/app/api/faq/questions/route.ts

./src/app/api/faq/questions/route.ts
Attempted import error: 'prisma' is not exported from '@/lib/db' (imported as 'prisma').

Import trace for requested module:
./src/app/api/faq/questions/route.ts

./src/app/api/faq/questions/route.ts
Attempted import error: 'prisma' is not exported from '@/lib/db' (imported as 'prisma').

Import trace for requested module:
./src/app/api/faq/questions/route.ts

./src/app/api/plugins/google-drive/oauth-callback/route.ts
Attempted import error: 'prisma' is not exported from '@/lib/db' (imported as 'prisma').

Import trace for requested module:
./src/app/api/plugins/google-drive/oauth-callback/route.ts

./src/app/api/plugins/google-drive/oauth-callback/route.ts
Attempted import error: 'prisma' is not exported from '@/lib/db' (imported as 'prisma').

Import trace for requested module:
./src/app/api/plugins/google-drive/oauth-callback/route.ts

./src/app/api/restorative-justice/circle-process/route.ts
Attempted import error: 'db' is not exported from '@/lib/db' (imported as 'db').

Import trace for requested module:
./src/app/api/restorative-justice/circle-process/route.ts

./src/app/api/restorative-justice/circle-process/route.ts
Attempted import error: 'db' is not exported from '@/lib/db' (imported as 'db').

Import trace for requested module:
./src/app/api/restorative-justice/circle-process/route.ts

./src/app/api/restorative-justice/circle-process/route.ts
Attempted import error: 'db' is not exported from '@/lib/db' (imported as 'db').

Import trace for requested module:
./src/app/api/restorative-justice/circle-process/route.ts

./src/app/api/restorative-justice/circle-process/route.ts
Attempted import error: 'db' is not exported from '@/lib/db' (imported as 'db').

Import trace for requested module:
./src/app/api/restorative-justice/circle-process/route.ts

./src/app/api/restorative-justice/circle-process/route.ts
Attempted import error: 'db' is not exported from '@/lib/db' (imported as 'db').

Import trace for requested module:
./src/app/api/restorative-justice/circle-process/route.ts

./src/app/api/restorative-justice/circle-process/route.ts
Attempted import error: 'db' is not exported from '@/lib/db' (imported as 'db').

Import trace for requested module:
./src/app/api/restorative-justice/circle-process/route.ts

./src/app/api/restorative-justice/reflection-prompts/route.ts
Attempted import error: 'db' is not exported from '@/lib/db' (imported as 'db').

Import trace for requested module:
./src/app/api/restorative-justice/reflection-prompts/route.ts

./src/app/api/restorative-justice/reflection-prompts/route.ts
Attempted import error: 'db' is not exported from '@/lib/db' (imported as 'db').

Import trace for requested module:
./src/app/api/restorative-justice/reflection-prompts/route.ts

./src/app/api/restorative-justice/reflection-prompts/route.ts
Attempted import error: 'db' is not exported from '@/lib/db' (imported as 'db').

Import trace for requested module:
./src/app/api/restorative-justice/reflection-prompts/route.ts

./src/app/api/restorative-justice/reflection-prompts/route.ts
Attempted import error: 'db' is not exported from '@/lib/db' (imported as 'db').

Import trace for requested module:
./src/app/api/restorative-justice/reflection-prompts/route.ts

./src/app/api/restorative-justice/reflection-prompts/route.ts
Attempted import error: 'db' is not exported from '@/lib/db' (imported as 'db').

Import trace for requested module:
./src/app/api/restorative-justice/reflection-prompts/route.ts

./src/app/api/restorative-justice/reflection-prompts/route.ts
Attempted import error: 'db' is not exported from '@/lib/db' (imported as 'db').

Import trace for requested module:
./src/app/api/restorative-justice/reflection-prompts/route.ts

./src/app/api/special-needs/emotional-regulation/emotions/route.ts
Attempted import error: 'prisma' is not exported from '@/lib/db' (imported as 'prisma').

Import trace for requested module:
./src/app/api/special-needs/emotional-regulation/emotions/route.ts

./src/app/api/special-needs/emotional-regulation/emotions/route.ts
Attempted import error: 'prisma' is not exported from '@/lib/db' (imported as 'prisma').

Import trace for requested module:
./src/app/api/special-needs/emotional-regulation/emotions/route.ts

./src/app/api/special-needs/emotional-regulation/emotions/route.ts
Attempted import error: 'prisma' is not exported from '@/lib/db' (imported as 'prisma').

Import trace for requested module:
./src/app/api/special-needs/emotional-regulation/emotions/route.ts

./src/app/api/special-needs/emotional-regulation/journal/route.ts
Attempted import error: 'prisma' is not exported from '@/lib/db' (imported as 'prisma').

Import trace for requested module:
./src/app/api/special-needs/emotional-regulation/journal/route.ts

./src/app/api/special-needs/emotional-regulation/journal/route.ts
Attempted import error: 'prisma' is not exported from '@/lib/db' (imported as 'prisma').

Import trace for requested module:
./src/app/api/special-needs/emotional-regulation/journal/route.ts

./src/app/api/special-needs/emotional-regulation/journal/route.ts
Attempted import error: 'prisma' is not exported from '@/lib/db' (imported as 'prisma').

Import trace for requested module:
./src/app/api/special-needs/emotional-regulation/journal/route.ts

./src/app/api/special-needs/emotional-regulation/pattern-recognition/route.ts
Attempted import error: 'prisma' is not exported from '@/lib/db' (imported as 'prisma').

Import trace for requested module:
./src/app/api/special-needs/emotional-regulation/pattern-recognition/route.ts

./src/app/api/special-needs/emotional-regulation/pattern-recognition/route.ts
Attempted import error: 'prisma' is not exported from '@/lib/db' (imported as 'prisma').

Import trace for requested module:
./src/app/api/special-needs/emotional-regulation/pattern-recognition/route.ts

./src/app/api/special-needs/emotional-regulation/pattern-recognition/route.ts
Attempted import error: 'prisma' is not exported from '@/lib/db' (imported as 'prisma').

Import trace for requested module:
./src/app/api/special-needs/emotional-regulation/pattern-recognition/route.ts

./src/app/api/special-needs/emotional-regulation/pattern-recognition/route.ts
Attempted import error: 'prisma' is not exported from '@/lib/db' (imported as 'prisma').

Import trace for requested module:
./src/app/api/special-needs/emotional-regulation/pattern-recognition/route.ts

./src/app/api/special-needs/emotional-regulation/settings/route.ts
Attempted import error: 'prisma' is not exported from '@/lib/db' (imported as 'prisma').

Import trace for requested module:
./src/app/api/special-needs/emotional-regulation/settings/route.ts

./src/app/api/special-needs/emotional-regulation/settings/route.ts
Attempted import error: 'prisma' is not exported from '@/lib/db' (imported as 'prisma').

Import trace for requested module:
./src/app/api/special-needs/emotional-regulation/settings/route.ts

./src/app/api/special-needs/emotional-regulation/settings/route.ts
Attempted import error: 'prisma' is not exported from '@/lib/db' (imported as 'prisma').

Import trace for requested module:
./src/app/api/special-needs/emotional-regulation/settings/route.ts

./src/app/api/special-needs/emotional-regulation/strategy-recommendations/route.ts
Attempted import error: 'prisma' is not exported from '@/lib/db' (imported as 'prisma').

Import trace for requested module:
./src/app/api/special-needs/emotional-regulation/strategy-recommendations/route.ts

./src/app/api/special-needs/emotional-regulation/strategy-recommendations/route.ts
Attempted import error: 'prisma' is not exported from '@/lib/db' (imported as 'prisma').

Import trace for requested module:
./src/app/api/special-needs/emotional-regulation/strategy-recommendations/route.ts

./src/app/api/special-needs/emotional-regulation/strategy-recommendations/route.ts
Attempted import error: 'prisma' is not exported from '@/lib/db' (imported as 'prisma').

Import trace for requested module:
./src/app/api/special-needs/emotional-regulation/strategy-recommendations/route.ts

./src/app/api/special-needs/emotional-regulation/strategy-recommendations/route.ts
Attempted import error: 'prisma' is not exported from '@/lib/db' (imported as 'prisma').

Import trace for requested module:
./src/app/api/special-needs/emotional-regulation/strategy-recommendations/route.ts

./src/app/api/special-needs/emotional-regulation/strategy-recommendations/route.ts
Attempted import error: 'prisma' is not exported from '@/lib/db' (imported as 'prisma').

Import trace for requested module:
./src/app/api/special-needs/emotional-regulation/strategy-recommendations/route.ts

./src/app/api/special-needs/emotional-regulation/strategy-recommendations/route.ts
Attempted import error: 'prisma' is not exported from '@/lib/db' (imported as 'prisma').

Import trace for requested module:
./src/app/api/special-needs/emotional-regulation/strategy-recommendations/route.ts

./src/app/api/special-needs/executive-dysfunction/tasks/route.ts
Attempted import error: 'prisma' is not exported from '@/lib/db' (imported as 'prisma').

Import trace for requested module:
./src/app/api/special-needs/executive-dysfunction/tasks/route.ts

./src/app/api/special-needs/executive-dysfunction/tasks/route.ts
Attempted import error: 'prisma' is not exported from '@/lib/db' (imported as 'prisma').

Import trace for requested module:
./src/app/api/special-needs/executive-dysfunction/tasks/route.ts

./src/app/api/special-needs/executive-dysfunction/tasks/route.ts
Attempted import error: 'prisma' is not exported from '@/lib/db' (imported as 'prisma').

Import trace for requested module:
./src/app/api/special-needs/executive-dysfunction/tasks/route.ts

./src/app/api/special-needs/executive-dysfunction/tasks/route.ts
Attempted import error: 'prisma' is not exported from '@/lib/db' (imported as 'prisma').

Import trace for requested module:
./src/app/api/special-needs/executive-dysfunction/tasks/route.ts

./src/app/api/special-needs/executive-dysfunction/tasks/route.ts
Attempted import error: 'prisma' is not exported from '@/lib/db' (imported as 'prisma').

Import trace for requested module:
./src/app/api/special-needs/executive-dysfunction/tasks/route.ts

./src/app/api/special-needs/executive-dysfunction/tasks/route.ts
Attempted import error: 'prisma' is not exported from '@/lib/db' (imported as 'prisma').

Import trace for requested module:
./src/app/api/special-needs/executive-dysfunction/tasks/route.ts

./src/app/api/special-needs/executive-dysfunction/tasks/route.ts
Attempted import error: 'prisma' is not exported from '@/lib/db' (imported as 'prisma').

Import trace for requested module:
./src/app/api/special-needs/executive-dysfunction/tasks/route.ts

./src/app/api/special-needs/mindfulness/route.ts
Attempted import error: 'db' is not exported from '@/lib/db' (imported as 'db').

Import trace for requested module:
./src/app/api/special-needs/mindfulness/route.ts

./src/app/api/special-needs/mindfulness/route.ts
Attempted import error: 'db' is not exported from '@/lib/db' (imported as 'db').

Import trace for requested module:
./src/app/api/special-needs/mindfulness/route.ts

./src/app/api/special-needs/mindfulness/route.ts
Attempted import error: 'db' is not exported from '@/lib/db' (imported as 'db').

Import trace for requested module:
./src/app/api/special-needs/mindfulness/route.ts

./src/app/api/special-needs/mindfulness/route.ts
Attempted import error: 'db' is not exported from '@/lib/db' (imported as 'db').

Import trace for requested module:
./src/app/api/special-needs/mindfulness/route.ts

./src/app/api/special-needs/mindfulness/route.ts
Attempted import error: 'db' is not exported from '@/lib/db' (imported as 'db').

Import trace for requested module:
./src/app/api/special-needs/mindfulness/route.ts

./src/app/api/special-needs/mindfulness/route.ts
Attempted import error: 'db' is not exported from '@/lib/db' (imported as 'db').

Import trace for requested module:
./src/app/api/special-needs/mindfulness/route.ts

./src/app/api/special-needs/mindfulness/route.ts
Attempted import error: 'db' is not exported from '@/lib/db' (imported as 'db').

Import trace for requested module:
./src/app/api/special-needs/mindfulness/route.ts

./src/app/api/special-needs/mindfulness/route.ts
Attempted import error: 'db' is not exported from '@/lib/db' (imported as 'db').

Import trace for requested module:
./src/app/api/special-needs/mindfulness/route.ts

./src/app/api/special-needs/personalized-interventions/route.ts
Attempted import error: 'prisma' is not exported from '@/lib/db' (imported as 'prisma').

Import trace for requested module:
./src/app/api/special-needs/personalized-interventions/route.ts

./src/app/api/special-needs/personalized-interventions/route.ts
Attempted import error: 'prisma' is not exported from '@/lib/db' (imported as 'prisma').

Import trace for requested module:
./src/app/api/special-needs/personalized-interventions/route.ts

./src/app/api/special-needs/personalized-interventions/route.ts
Attempted import error: 'prisma' is not exported from '@/lib/db' (imported as 'prisma').

Import trace for requested module:
./src/app/api/special-needs/personalized-interventions/route.ts

./src/app/api/special-needs/progress-monitoring/goals/[goalId]/data/route.ts
Attempted import error: 'prisma' is not exported from '@/lib/db' (imported as 'prisma').

Import trace for requested module:
./src/app/api/special-needs/progress-monitoring/goals/[goalId]/data/route.ts

./src/app/api/special-needs/progress-monitoring/goals/[goalId]/data/route.ts
Attempted import error: 'prisma' is not exported from '@/lib/db' (imported as 'prisma').

Import trace for requested module:
./src/app/api/special-needs/progress-monitoring/goals/[goalId]/data/route.ts

./src/app/api/special-needs/progress-monitoring/goals/[goalId]/data/route.ts
Attempted import error: 'prisma' is not exported from '@/lib/db' (imported as 'prisma').

Import trace for requested module:
./src/app/api/special-needs/progress-monitoring/goals/[goalId]/data/route.ts

./src/app/api/special-needs/progress-monitoring/goals/[goalId]/data/route.ts
Attempted import error: 'prisma' is not exported from '@/lib/db' (imported as 'prisma').

Import trace for requested module:
./src/app/api/special-needs/progress-monitoring/goals/[goalId]/data/route.ts

./src/app/api/special-needs/progress-monitoring/goals/[goalId]/data/route.ts
Attempted import error: 'prisma' is not exported from '@/lib/db' (imported as 'prisma').

Import trace for requested module:
./src/app/api/special-needs/progress-monitoring/goals/[goalId]/data/route.ts

./src/app/api/special-needs/progress-monitoring/goals/[goalId]/data/route.ts
Attempted import error: 'prisma' is not exported from '@/lib/db' (imported as 'prisma').

Import trace for requested module:
./src/app/api/special-needs/progress-monitoring/goals/[goalId]/data/route.ts

./src/app/api/special-needs/progress-monitoring/goals/[goalId]/route.ts
Attempted import error: 'prisma' is not exported from '@/lib/db' (imported as 'prisma').

Import trace for requested module:
./src/app/api/special-needs/progress-monitoring/goals/[goalId]/route.ts

./src/app/api/special-needs/progress-monitoring/goals/[goalId]/route.ts
Attempted import error: 'prisma' is not exported from '@/lib/db' (imported as 'prisma').

Import trace for requested module:
./src/app/api/special-needs/progress-monitoring/goals/[goalId]/route.ts

./src/app/api/special-needs/progress-monitoring/goals/[goalId]/route.ts
Attempted import error: 'prisma' is not exported from '@/lib/db' (imported as 'prisma').

Import trace for requested module:
./src/app/api/special-needs/progress-monitoring/goals/[goalId]/route.ts

./src/app/api/special-needs/progress-monitoring/goals/[goalId]/route.ts
Attempted import error: 'prisma' is not exported from '@/lib/db' (imported as 'prisma').

Import trace for requested module:
./src/app/api/special-needs/progress-monitoring/goals/[goalId]/route.ts

./src/app/api/special-needs/progress-monitoring/goals/[goalId]/route.ts
Attempted import error: 'prisma' is not exported from '@/lib/db' (imported as 'prisma').

Import trace for requested module:
./src/app/api/special-needs/progress-monitoring/goals/[goalId]/route.ts

./src/app/api/special-needs/progress-monitoring/goals/[goalId]/route.ts
Attempted import error: 'prisma' is not exported from '@/lib/db' (imported as 'prisma').

Import trace for requested module:
./src/app/api/special-needs/progress-monitoring/goals/[goalId]/route.ts

./src/app/api/special-needs/progress-monitoring/goals/[goalId]/route.ts
Attempted import error: 'prisma' is not exported from '@/lib/db' (imported as 'prisma').

Import trace for requested module:
./src/app/api/special-needs/progress-monitoring/goals/[goalId]/route.ts

./src/app/api/special-needs/progress-monitoring/goals/[goalId]/route.ts
Attempted import error: 'prisma' is not exported from '@/lib/db' (imported as 'prisma').

Import trace for requested module:
./src/app/api/special-needs/progress-monitoring/goals/[goalId]/route.ts

./src/app/api/special-needs/progress-monitoring/goals/route.ts
Attempted import error: 'prisma' is not exported from '@/lib/db' (imported as 'prisma').

Import trace for requested module:
./src/app/api/special-needs/progress-monitoring/goals/route.ts

./src/app/api/special-needs/progress-monitoring/goals/route.ts
Attempted import error: 'prisma' is not exported from '@/lib/db' (imported as 'prisma').

Import trace for requested module:
./src/app/api/special-needs/progress-monitoring/goals/route.ts

./src/app/api/special-needs/progress-monitoring/goals/route.ts
Attempted import error: 'prisma' is not exported from '@/lib/db' (imported as 'prisma').

Import trace for requested module:
./src/app/api/special-needs/progress-monitoring/goals/route.ts

./src/app/api/special-needs/progress-monitoring/route.ts
Attempted import error: 'prisma' is not exported from '@/lib/db' (imported as 'prisma').

Import trace for requested module:
./src/app/api/special-needs/progress-monitoring/route.ts

./src/app/api/special-needs/progress-monitoring/route.ts
Attempted import error: 'prisma' is not exported from '@/lib/db' (imported as 'prisma').

Import trace for requested module:
./src/app/api/special-needs/progress-monitoring/route.ts

./src/app/api/special-needs/progress-monitoring/route.ts
Attempted import error: 'prisma' is not exported from '@/lib/db' (imported as 'prisma').

Import trace for requested module:
./src/app/api/special-needs/progress-monitoring/route.ts

./src/app/api/special-needs/social-skills/activities/route.ts
Attempted import error: 'prisma' is not exported from '@/lib/db' (imported as 'prisma').

Import trace for requested module:
./src/app/api/special-needs/social-skills/activities/route.ts

./src/app/api/special-needs/social-skills/activities/route.ts
Attempted import error: 'prisma' is not exported from '@/lib/db' (imported as 'prisma').

Import trace for requested module:
./src/app/api/special-needs/social-skills/activities/route.ts

./src/app/api/special-needs/social-skills/activities/route.ts
Attempted import error: 'prisma' is not exported from '@/lib/db' (imported as 'prisma').

Import trace for requested module:
./src/app/api/special-needs/social-skills/activities/route.ts

./src/app/api/special-needs/social-skills/goals/route.ts
Attempted import error: 'prisma' is not exported from '@/lib/db' (imported as 'prisma').

Import trace for requested module:
./src/app/api/special-needs/social-skills/goals/route.ts

./src/app/api/special-needs/social-skills/goals/route.ts
Attempted import error: 'prisma' is not exported from '@/lib/db' (imported as 'prisma').

Import trace for requested module:
./src/app/api/special-needs/social-skills/goals/route.ts

./src/app/api/special-needs/social-skills/goals/route.ts
Attempted import error: 'prisma' is not exported from '@/lib/db' (imported as 'prisma').

Import trace for requested module:
./src/app/api/special-needs/social-skills/goals/route.ts

./src/app/api/special-needs/social-skills/interactions/route.ts
Attempted import error: 'prisma' is not exported from '@/lib/db' (imported as 'prisma').

Import trace for requested module:
./src/app/api/special-needs/social-skills/interactions/route.ts

./src/app/api/special-needs/social-skills/interactions/route.ts
Attempted import error: 'prisma' is not exported from '@/lib/db' (imported as 'prisma').

Import trace for requested module:
./src/app/api/special-needs/social-skills/interactions/route.ts

./src/app/api/special-needs/social-skills/interactions/route.ts
Attempted import error: 'prisma' is not exported from '@/lib/db' (imported as 'prisma').

Import trace for requested module:
./src/app/api/special-needs/social-skills/interactions/route.ts

./src/app/api/special-needs/social-skills/settings/route.ts
Attempted import error: 'prisma' is not exported from '@/lib/db' (imported as 'prisma').

Import trace for requested module:
./src/app/api/special-needs/social-skills/settings/route.ts

./src/app/api/special-needs/social-skills/settings/route.ts
Attempted import error: 'prisma' is not exported from '@/lib/db' (imported as 'prisma').

Import trace for requested module:
./src/app/api/special-needs/social-skills/settings/route.ts

./src/app/api/special-needs/social-skills/settings/route.ts
Attempted import error: 'prisma' is not exported from '@/lib/db' (imported as 'prisma').

Import trace for requested module:
./src/app/api/special-needs/social-skills/settings/route.ts

./src/app/api/special-needs/social-skills/stories/route.ts
Attempted import error: 'prisma' is not exported from '@/lib/db' (imported as 'prisma').

Import trace for requested module:
./src/app/api/special-needs/social-skills/stories/route.ts

./src/app/api/special-needs/social-skills/stories/route.ts
Attempted import error: 'prisma' is not exported from '@/lib/db' (imported as 'prisma').

Import trace for requested module:
./src/app/api/special-needs/social-skills/stories/route.ts

./src/app/api/special-needs/social-skills/stories/route.ts
Attempted import error: 'prisma' is not exported from '@/lib/db' (imported as 'prisma').

Import trace for requested module:
./src/app/api/special-needs/social-skills/stories/route.ts

./src/lib/auth/auth-options.ts
Attempted import error: 'prisma' is not exported from '../db' (imported as 'prisma').

Import trace for requested module:
./src/lib/auth/auth-options.ts
./src/app/api/admin/users/route.ts

./src/lib/plugins/registry.ts
Attempted import error: 'prisma' is not exported from '../db' (imported as 'prisma').

Import trace for requested module:
./src/lib/plugins/registry.ts
./src/app/api/plugins/google-drive/oauth-callback/route.ts

./src/lib/plugins/registry.ts
Attempted import error: 'prisma' is not exported from '../db' (imported as 'prisma').

Import trace for requested module:
./src/lib/plugins/registry.ts
./src/app/api/plugins/google-drive/oauth-callback/route.ts

./src/lib/plugins/registry.ts
Attempted import error: 'prisma' is not exported from '../db' (imported as 'prisma').

Import trace for requested module:
./src/lib/plugins/registry.ts
./src/app/api/plugins/google-drive/oauth-callback/route.ts

./src/lib/plugins/registry.ts
Attempted import error: 'prisma' is not exported from '../db' (imported as 'prisma').

Import trace for requested module:
./src/lib/plugins/registry.ts
./src/app/api/plugins/google-drive/oauth-callback/route.ts

./src/lib/plugins/registry.ts
Attempted import error: 'prisma' is not exported from '../db' (imported as 'prisma').

Import trace for requested module:
./src/lib/plugins/registry.ts
./src/app/api/plugins/google-drive/oauth-callback/route.ts

./src/lib/plugins/registry.ts
Attempted import error: 'prisma' is not exported from '../db' (imported as 'prisma').

Import trace for requested module:
./src/lib/plugins/registry.ts
./src/app/api/plugins/google-drive/oauth-callback/route.ts

./src/lib/plugins/registry.ts
Attempted import error: 'prisma' is not exported from '../db' (imported as 'prisma').

Import trace for requested module:
./src/lib/plugins/registry.ts
./src/app/api/plugins/google-drive/oauth-callback/route.ts

   Linting and checking validity of types ...
It looks like you're trying to use TypeScript but do not have the required package(s) installed.
Installing dependencies

If you are not trying to use TypeScript, please remove the tsconfig.json file from your package root (and any TypeScript files in your app and pages directories).


Installing devDependencies (npm):
- typescript

 ⨯ ESLint must be installed in order to run during builds: npm install --save-dev eslint
npm warn using --force Recommended protections disabled.

added 4 packages, and audited 1184 packages in 5s

260 packages are looking for funding
  run `npm fund` for details

1 critical severity vulnerability

To address all issues, run:
  npm audit fix

Run `npm audit` for details.

Failed to compile.

src/app/api/admin/users/[id]/route.ts
Type error: Route "src/app/api/admin/users/[id]/route.ts" has an invalid "GET" export:
  Type "{ params: { id: string; }; }" is not a valid type for the function's second argument.

Next.js build worker exited with code: 1 and signal: null
